07-24 16:47:01.501   259   259 D LibBpfLoader: applying relo to instruction at byte offset: 1792, 	       insn offset 224 , insn 118
07-24 16:47:01.501   259   259 D LibBpfLoader: applying relo to instruction at byte offset: 1832, 	       insn offset 229 , insn 118
07-24 16:47:01.501   259   259 D LibBpfLoader: applying relo to instruction at byte offset: 2104, 	       insn offset 263 , insn 118
07-24 16:47:01.502   259   259 D LibBpfLoader: applying relo to instruction at byte offset: 2208, 	       insn offset 276 , insn 118
07-24 16:47:01.502   259   259 D LibBpfLoader: applying relo to instruction at byte offset: 2248, 	       insn offset 281 , insn 118
07-24 16:47:01.503   259   259 D LibBpfLoader: applying relo to instruction at byte offset: 2392, 	       insn offset 299 , insn 118
07-24 16:47:01.503   259   259 D LibBpfLoader: applying relo to instruction at byte offset: 2496, 	       insn offset 312 , insn 118
07-24 16:47:01.503   259   259 D LibBpfLoader: applying relo to instruction at byte offset: 2536, 	       insn offset 317 , insn 118
07-24 16:47:01.504   259   259 D LibBpfLoader: applying relo to instruction at byte offset: 2768, 	       insn offset 346 , insn 118
07-24 16:47:01.504   259   259 D LibBpfLoader: applying relo to instruction at byte offset: 2872, 	       insn offset 359 , insn 118
07-24 16:47:01.504   259   259 D LibBpfLoader: applying relo to instruction at byte offset: 2912, 	       insn offset 364 , insn 118
07-24 16:47:01.504   259   259 D LibBpfLoader: applying relo to instruction at byte offset: 88, 	       insn offset 11 , insn 118
07-24 16:47:01.504   259   259 D LibBpfLoader: applying relo to instruction at byte offset: 192, 	       insn offset 24 , insn 118
07-24 16:47:01.504   259   259 D LibBpfLoader: applying relo to instruction at byte offset: 232, 	       insn offset 29 , insn 118
07-24 16:47:01.504   259   259 D LibBpfLoader: applying relo to instruction at byte offset: 40, 	       insn offset 5 , insn 118
07-24 16:47:01.504   259   259 D LibBpfLoader: applying relo to instruction at byte offset: 144, 	       insn offset 18 , insn 118
07-24 16:47:01.505   259   259 D LibBpfLoader: applying relo to instruction at byte offset: 184, 	       insn offset 23 , insn 118
07-24 16:47:01.505   259   259 D LibBpfLoader: applying relo to instruction at byte offset: 136, 	       insn offset 17 , insn 118
07-24 16:47:01.505   259   259 D LibBpfLoader: applying relo to instruction at byte offset: 32, 	       insn offset 4 , insn 118
07-24 16:47:01.505     0     0 I init    : Command 'start netd' action=ro.crypto.state=encrypted && ro.crypto.type=file && zygote-start (/system/etc/init/hw/init.rc:844) took 59ms and succeeded
07-24 16:47:01.505   259   259 D LibBpfLoader: applying relo to instruction at byte offset: 80, 	       insn offset 10 , insn 118
07-24 16:47:01.513   259   259 D LibBpfLoader: bpf_prog_load lib call for /system/etc/bpf/netd.o (cgroupskb_ingress_stats) returned fd: 16 (no error)
07-24 16:47:01.517   259   259 D LibBpfLoader: bpf_prog_load lib call for /system/etc/bpf/netd.o (cgroupskb_egress_stats) returned fd: 17 (no error)
07-24 16:47:01.517   259   259 D LibBpfLoader: cs[2].name:skfilter_egress_xtbpf min_kver:0 .max_kver:ffffffff (kvers:5043d)
07-24 16:47:01.518     0     0 I init    : starting service 'zygote'...
07-24 16:47:01.519   259   259 D LibBpfLoader: bpf_prog_load lib call for /system/etc/bpf/netd.o (skfilter_egress_xtbpf) returned fd: 18 (no error)
07-24 16:47:01.520   259   259 D LibBpfLoader: cs[3].name:skfilter_ingress_xtbpf min_kver:0 .max_kver:ffffffff (kvers:5043d)
07-24 16:47:01.522   259   259 D LibBpfLoader: bpf_prog_load lib call for /system/etc/bpf/netd.o (skfilter_ingress_xtbpf) returned fd: 19 (no error)
07-24 16:47:01.522   259   259 D LibBpfLoader: cs[4].name:skfilter_whitelist_xtbpf min_kver:0 .max_kver:ffffffff (kvers:5043d)
07-24 16:47:01.522     0     0 I init    : Created socket '/dev/socket/zygote', mode 660, user 0, group 1000
07-24 16:47:01.529   259   259 D LibBpfLoader: bpf_prog_load lib call for /system/etc/bpf/netd.o (skfilter_whitelist_xtbpf) returned fd: 20 (no error)
07-24 16:47:01.530   259   259 D LibBpfLoader: cs[5].name:skfilter_blacklist_xtbpf min_kver:0 .max_kver:ffffffff (kvers:5043d)
07-24 16:47:01.538     0     0 I init    : Created socket '/dev/socket/usap_pool_primary', mode 660, user 0, group 1000
07-24 16:47:01.553   259   259 D LibBpfLoader: bpf_prog_load lib call for /system/etc/bpf/netd.o (skfilter_blacklist_xtbpf) returned fd: 21 (no error)
07-24 16:47:01.553   259   259 D LibBpfLoader: cs[6].name:cgroupsock_inet_create min_kver:40e00 .max_kver:ffffffff (kvers:5043d)
07-24 16:47:01.558   259   259 D LibBpfLoader: bpf_prog_load lib call for /system/etc/bpf/netd.o (cgroupsock_inet_create) returned fd: 22 (no error)
07-24 16:47:01.559   259   259 I bpfloader: Loaded object: /system/etc/bpf/netd.o
07-24 16:47:01.570     0     0 I init    : Command 'start zygote' action=ro.crypto.state=encrypted && ro.crypto.type=file && zygote-start (/system/etc/init/hw/init.rc:845) took 51ms and succeeded
07-24 16:47:01.579   259   259 D LibBpfLoader: Loading critical for netd ELF object /system/etc/bpf/clatd.o with license Apache 2.0
07-24 16:47:01.581     0     0 I init    : Command 'start zygote_secondary' action=ro.crypto.state=encrypted && ro.crypto.type=file && zygote-start (/system/etc/init/hw/init.rc:846) took 0ms and failed: service zygote_secondary not found
07-24 16:47:01.593   259   259 E LibBpfLoader: No progs section could be found in elf object
07-24 16:47:01.594   259   259 D LibBpfLoader: Loaded code section 3 (schedcls_ingress_clat_ether)
07-24 16:47:01.595   259   259 D LibBpfLoader: Loaded relo section 3 (.relschedcls/ingress/clat_ether)
07-24 16:47:01.595   259   259 D LibBpfLoader: Adding section 3 to cs list
07-24 16:47:01.595     0     0 I init    : processing action (zygote-start) from (/vendor/etc/init/hw/init.ranchu.rc:59)
07-24 16:47:01.595   259   259 D LibBpfLoader: Loaded code section 5 (schedcls_ingress_clat_rawip)
07-24 16:47:01.596   259   259 D LibBpfLoader: Loaded relo section 5 (.relschedcls/ingress/clat_rawip)
07-24 16:47:01.596   259   259 D LibBpfLoader: Adding section 5 to cs list
07-24 16:47:01.596   259   259 D LibBpfLoader: Loaded code section 7 (schedcls_egress_clat_ether)
07-24 16:47:01.596   259   259 D LibBpfLoader: Adding section 7 to cs list
07-24 16:47:01.597   259   259 D LibBpfLoader: Loaded code section 8 (schedcls_egress_clat_rawip)
07-24 16:47:01.597   259   259 D LibBpfLoader: Loaded relo section 8 (.relschedcls/egress/clat_rawip)
07-24 16:47:01.598   259   259 D LibBpfLoader: Adding section 8 to cs list
07-24 16:47:01.602   259   259 D LibBpfLoader: bpf_create_map name clat_ingress_map, ret: 6
07-24 16:47:01.607   259   259 D LibBpfLoader: bpf_create_map name clat_egress_map, ret: 7
07-24 16:47:01.607   259   259 D LibBpfLoader: map_fd found at 0 is 6 in /system/etc/bpf/clatd.o
07-24 16:47:01.607   259   259 D LibBpfLoader: map_fd found at 1 is 7 in /system/etc/bpf/clatd.o
07-24 16:47:01.608   259   259 D LibBpfLoader: applying relo to instruction at byte offset: 392, 	       insn offset 49 , insn 118
07-24 16:47:01.608   259   259 D LibBpfLoader: applying relo to instruction at byte offset: 352, 	       insn offset 44 , insn 118
07-24 16:47:01.608   259   259 D LibBpfLoader: applying relo to instruction at byte offset: 520, 	       insn offset 65 , insn 118
07-24 16:47:01.616   259   259 D LibBpfLoader: bpf_prog_load lib call for /system/etc/bpf/clatd.o (schedcls_ingress_clat_ether) returned fd: 8 (no error)
07-24 16:47:01.626   259   259 D LibBpfLoader: bpf_prog_load lib call for /system/etc/bpf/clatd.o (schedcls_ingress_clat_rawip) returned fd: 9 (no error)
07-24 16:47:01.628   259   259 D LibBpfLoader: bpf_prog_load lib call for /system/etc/bpf/clatd.o (schedcls_egress_clat_ether) returned fd: 10 (no error)
07-24 16:47:01.630   259   259 D LibBpfLoader: bpf_prog_load lib call for /system/etc/bpf/clatd.o (schedcls_egress_clat_rawip) returned fd: 11 (no error)
07-24 16:47:01.630   259   259 I bpfloader: Loaded object: /system/etc/bpf/clatd.o
07-24 16:47:01.636     0     0 I init    : Service 'bpfloader' (pid 259) exited with status 0 oneshot service took 0.360000 seconds in background
07-24 16:47:01.645     0     0 I init    : Sending signal 9 to service 'bpfloader' (pid 259) process group...
07-24 16:47:01.655     0     0 I libprocessgroup: Successfully killed process cgroup uid 0 pid 259 in 0ms
07-24 16:47:01.679     0     0 I init    : processing action (firmware_mounts_complete) from (/system/etc/init/hw/init.rc:423)
07-24 16:47:01.691     0     0 I init    : processing action (early-boot) from (/system/etc/init/installd.rc:5)
07-24 16:47:01.703     0     0 E ueventd : firmware: could not find firmware for regulatory.db
07-24 16:47:01.708     0     0 E ueventd : firmware: attempted /etc/firmware/regulatory.db, open failed: No such file or directory
07-24 16:47:01.741     0     0 E ueventd : firmware: attempted /odm/firmware/regulatory.db, open failed: No such file or directory
07-24 16:47:01.755     0     0 I init    : processing action (boot) from (/system/etc/init/hw/init.rc:848)
07-24 16:47:01.771     0     0 I init    : Command 'write /sys/devices/virtual/block/${dev.mnt.blk.data}/queue/discard_max_bytes 134217728' action=boot (/system/etc/init/hw/init.rc:884) took 0ms and failed: Unable to write to file '/sys/devices/virtual/block/dm-5/queue/discard_max_bytes': Unable to write file contents: Invalid argument
07-24 16:47:01.775     0     0 E ueventd : firmware: attempted /vendor/firmware/regulatory.db, open failed: No such file or directory
07-24 16:47:01.802     0     0 I init    : starting service 'hidl_memory'...
07-24 16:47:01.803     0     0 E ueventd : firmware: attempted /firmware/image/regulatory.db, open failed: No such file or directory
07-24 16:47:01.815     0     0 I ueventd : loading /devices/platform/regulatory.0/firmware/regulatory.db took 10865ms
07-24 16:47:01.815     0     0 I cfg80211: failed to load regulatory.db
07-24 16:47:01.824   261   261 I ServiceManager: Waiting for service 'statscompanion' on '/dev/binder'...
07-24 16:47:01.839     0     0 I init    : starting service 'vendor.audio-hal'...
07-24 16:47:01.883     0     0 I init    : starting service 'vendor.authsecret-1-0'...
07-24 16:47:01.926   261   261 I ServiceManager: Waiting for service 'statscompanion' on '/dev/binder'...
07-24 16:47:01.945   267   267 I HidlServiceManagement: Registered android.hidl.allocator@1.0::IAllocator/ashmem (start delay of 114ms)
07-24 16:47:01.946     0     0 I init    : starting service 'vendor.bluetooth-1-1'...
07-24 16:47:01.947   267   267 I HidlServiceManagement: Removing namespace from process name android.hidl.allocator@1.0-service to allocator@1.0-service.
07-24 16:47:02.031     0     0 I init    : starting service 'vendor.camera-provider-2-4'...
07-24 16:47:02.032   261   261 I ServiceManager: Waiting for service 'statscompanion' on '/dev/binder'...
07-24 16:47:02.096     0     0 W libprocessgroup: Failed to open /dev/cpuset/camera-daemon/tasks: No such file or directory: No such file or directory
07-24 16:47:02.113     0     0 W libprocessgroup: Failed to apply CameraServiceCapacity task profile: No such file or directory
07-24 16:47:02.114   262   262 I netdClient: Skipping libnetd_client init since *we* are netd
07-24 16:47:02.128     0     0 I init    : starting service 'vendor.camera-provider-2-6-google'...
07-24 16:47:02.144   261   261 I ServiceManager: Waiting for service 'statscompanion' on '/dev/binder'...
07-24 16:47:02.155     0     0 E init    : failed to write pid to files: couldn't write 272 to /dev/cpuset/camera-daemon/tasks: No such file or directory
07-24 16:47:02.173     0     0 I init    : starting service 'vendor.cas-hal-1-2'...
07-24 16:47:02.235     0     0 I init    : starting service 'vendor.contexthub-hal-1-1-mock'...
07-24 16:47:02.246   261   261 I chatty  : uid=1066(statsd) Binder:261_2 identical 1 line
07-24 16:47:02.332     0     0 I init    : starting service 'vendor.drm-hal-1-0'...
07-24 16:47:02.348   261   261 I ServiceManager: Waiting for service 'statscompanion' on '/dev/binder'...
07-24 16:47:02.438     0     0 I init    : starting service 'vendor.drm-clearkey-hal-1-3'...
07-24 16:47:02.442   262   262 I netd    : netd 1.0 starting
07-24 16:47:02.457   261   261 I ServiceManager: Waiting for service 'statscompanion' on '/dev/binder'...
07-24 16:47:02.515     0     0 I init    : starting service 'vendor.drm-widevine-hal-1-3'...
07-24 16:47:02.546   262   262 D TetherController: Setting IP forward enable = 0
07-24 16:47:02.548   262   262 D FirewallController: Could not read /proc/self/uid_map, max uid defaulting to 4294967294
07-24 16:47:02.560   261   261 I ServiceManager: Waiting for service 'statscompanion' on '/dev/binder'...
07-24 16:47:02.561   269   269 I HidlServiceManagement: Registered android.hardware.authsecret@1.0::IAuthSecret/default (start delay of 596ms)
07-24 16:47:02.564   269   269 I HidlServiceManagement: Removing namespace from process name android.hardware.authsecret@1.0-service to authsecret@1.0-service.
07-24 16:47:02.663   261   261 I ServiceManager: Waiting for service 'statscompanion' on '/dev/binder'...
07-24 16:47:02.693     0     0 I init    : starting service 'vendor.gatekeeper-1-0'...
07-24 16:47:02.721   270   270 I bt      : system/bt/vendor_libs/test_vendor_lib/model/setup/device_boutique.cc:33 Register: Registering beacon_swarm
07-24 16:47:02.735   274   274 I HidlServiceManagement: Registered android.hardware.contexthub@1.1::IContexthub/default (start delay of 431ms)
07-24 16:47:02.737   274   274 I HidlServiceManagement: Removing namespace from process name android.hardware.contexthub@1.1-service.mock to contexthub@1.1-service.mock.
07-24 16:47:02.737   270   270 I bt      : system/bt/vendor_libs/test_vendor_lib/model/setup/device_boutique.cc:33 Register: Registering beacon
07-24 16:47:02.737   270   270 I bt      : system/bt/vendor_libs/test_vendor_lib/model/setup/device_boutique.cc:33 Register: Registering scripted_beacon
07-24 16:47:02.738   270   270 I bt      : system/bt/vendor_libs/test_vendor_lib/model/setup/device_boutique.cc:33 Register: Registering remote_loopback
07-24 16:47:02.739   270   270 I bt      : system/bt/vendor_libs/test_vendor_lib/model/setup/device_boutique.cc:33 Register: Registering car_kit
07-24 16:47:02.739   270   270 I bt      : system/bt/vendor_libs/test_vendor_lib/model/setup/device_boutique.cc:33 Register: Registering classic
07-24 16:47:02.739   270   270 I bt      : system/bt/vendor_libs/test_vendor_lib/model/setup/device_boutique.cc:33 Register: Registering sniffer
07-24 16:47:02.739   270   270 I bt      : system/bt/vendor_libs/test_vendor_lib/model/setup/device_boutique.cc:33 Register: Registering keyboard
07-24 16:47:02.765   261   261 I ServiceManager: Waiting for service 'statscompanion' on '/dev/binder'...
07-24 16:47:02.831   270   270 I bt      : system/bt/vendor_libs/test_vendor_lib/model/devices/device_properties.cc:81 DeviceProperties: Reading controller properties from /etc/bluetooth/car_kit_controller_properties.json.
07-24 16:47:02.841     0     0 I init    : starting service 'vendor.gralloc-3-0'...
07-24 16:47:02.868   261   261 I ServiceManager: Waiting for service 'statscompanion' on '/dev/binder'...
07-24 16:47:02.925   270   270 E bt      : system/bt/vendor_libs/test_vendor_lib/model/devices/device_properties.cc:83 DeviceProperties: Error reading controller properties from file.
07-24 16:47:02.950   270   270 I bt      : system/bt/vendor_libs/test_vendor_lib/model/devices/scripted_beacon.cc:71 ScriptedBeacon: Scripted_beacon registered true
07-24 16:47:02.969   261   261 I ServiceManager: Waiting for service 'statscompanion' on '/dev/binder'...
07-24 16:47:03.010     0     0 I init    : starting service 'vendor.hwcomposer-2-3'...
07-24 16:47:03.027   270   270 I HidlServiceManagement: Registered android.hardware.bluetooth@1.1::IBluetoothHci/default (start delay of 1043ms)
07-24 16:47:03.028   270   270 I HidlServiceManagement: Removing namespace from process name android.hardware.bluetooth@1.1-service.sim to bluetooth@1.1-service.sim.
07-24 16:47:03.071   261   261 I ServiceManager: Waiting for service 'statscompanion' on '/dev/binder'...
07-24 16:47:03.096   262   262 I netd    : Creating child chains: 295034us
07-24 16:47:03.097   262   262 I netd    : Setting up OEM hooks: 897us
07-24 16:47:03.097   262   262 I netd    : Setting up FirewallController hooks: 581us
07-24 16:47:03.108   273   273 I HidlServiceManagement: Registered android.hardware.cas@1.2::IMediaCasService/default (start delay of 904ms)
07-24 16:47:03.108   273   273 I HidlServiceManagement: Removing namespace from process name android.hardware.cas@1.2-service to cas@1.2-service.
07-24 16:47:03.127     0     0 I init    : starting service 'health-hal-2-1'...
07-24 16:47:03.139   272   272 I android.hardware.pixel.camera.provider@2.6-service: Google camera provider service is starting.
07-24 16:47:03.147   271   271 I android.hardware.camera.provider@2.4-service: CameraProvider@2.4 legacy service is starting.
07-24 16:47:03.150     0     0 I init    : Opened file '/dev/kmsg', flags 1
07-24 16:47:03.172   261   261 I ServiceManager: Waiting for service 'statscompanion' on '/dev/binder'...
07-24 16:47:03.203   262   262 I netd    : Setting up TetherController hooks: 105188us
07-24 16:47:03.229   262   262 I netd    : Setting up BandwidthController hooks: 25978us
07-24 16:47:03.229   262   262 I netd    : Setting up IdletimerController hooks: 331us
07-24 16:47:03.274   261   261 I ServiceManager: Waiting for service 'statscompanion' on '/dev/binder'...
07-24 16:47:03.280   262   262 I netd    : Setting up StrictController hooks: 50767us
07-24 16:47:03.280   262   262 I ClatdController: 4.9+ kernel and device shipped with Q+ - clat ebpf should work.
07-24 16:47:03.280   262   262 I netd    : Initializing ClatdController: 411us
07-24 16:47:03.286   262   262 I netd    : Initializing traffic control: 5415us
07-24 16:47:03.324     0     0 I init    : starting service 'neuralnetworks_hal_service_sample_all'...
07-24 16:47:03.376   261   261 I ServiceManager: Waiting for service 'statscompanion' on '/dev/binder'...
07-24 16:47:03.384   262   262 I netd    : Enabling bandwidth control: 97980us
07-24 16:47:03.403   268   268 I HidlServiceManagement: Registered android.hardware.audio@6.0::IDevicesFactory/default (start delay of 1539ms)
07-24 16:47:03.404   268   268 I HidlServiceManagement: Removing namespace from process name android.hardware.audio.service.ranchu to audio.service.ranchu.
07-24 16:47:03.415   275   275 I HidlServiceManagement: Registered android.hardware.drm@1.0::IDrmFactory/default (start delay of 1040ms)
07-24 16:47:03.416   275   275 I HidlServiceManagement: Removing namespace from process name android.hardware.drm@1.0-service to drm@1.0-service.
07-24 16:47:03.417   275   275 I LegacySupport: Registration complete for android.hardware.drm@1.0::IDrmFactory/default.
07-24 16:47:03.422     0     0 I init    : starting service 'neuralnetworks_hal_service_sample_float_fast'...
07-24 16:47:03.425   282   282 I HidlServiceManagement: Registered android.hardware.gatekeeper@1.0::IGatekeeper/default (start delay of 660ms)
07-24 16:47:03.453   282   282 I HidlServiceManagement: Removing namespace from process name android.hardware.gatekeeper@1.0-service.software to gatekeeper@1.0-service.software.
07-24 16:47:03.478   276   276 I HidlServiceManagement: Registered android.hardware.drm@1.3::IDrmFactory/clearkey (start delay of 993ms)
07-24 16:47:03.478   276   276 I HidlServiceManagement: Removing namespace from process name android.hardware.drm@1.3-service.clearkey to drm@1.3-service.clearkey.
07-24 16:47:03.479   261   261 I ServiceManager: Waiting for service 'statscompanion' on '/dev/binder'...
07-24 16:47:03.481   262   262 I netd    : Initializing RouteController: 78089us
07-24 16:47:03.481   262   262 D XfrmController: XfrmController::ipSecAddXfrmInterface, line=1377
07-24 16:47:03.501   262   262 D XfrmController: XfrmController::ipSecRemoveTunnelInterface, line=1590
07-24 16:47:03.502   262   262 D XfrmController: deviceName=ipsec_test
07-24 16:47:03.508   275   275 I HidlServiceManagement: Registered android.hardware.drm@1.0::ICryptoFactory/default (start delay of 1134ms)
07-24 16:47:03.508   275   275 I HidlServiceManagement: Removing namespace from process name android.hardware.drm@1.0-service to drm@1.0-service.
07-24 16:47:03.509   275   275 I LegacySupport: Registration complete for android.hardware.drm@1.0::ICryptoFactory/default.
07-24 16:47:03.512   276   276 I HidlServiceManagement: Registered android.hardware.drm@1.3::ICryptoFactory/clearkey (start delay of 1028ms)
07-24 16:47:03.513   276   276 I HidlServiceManagement: Removing namespace from process name android.hardware.drm@1.3-service.clearkey to drm@1.3-service.clearkey.
07-24 16:47:03.535     0     0 I init    : starting service 'neuralnetworks_hal_service_sample_float_slow'...
07-24 16:47:03.556   262   262 D XfrmController: Sending Netlink XFRM Message: XFRM_MSG_FLUSHSA
07-24 16:47:03.556   262   262 D XfrmController: Sending Netlink XFRM Message: XFRM_MSG_FLUSHPOLICY
07-24 16:47:03.556   262   262 I netd    : Initializing XfrmController: 94631us
07-24 16:47:03.580   261   261 I ServiceManager: Waiting for service 'statscompanion' on '/dev/binder'...
07-24 16:47:03.650   268   268 I HidlServiceManagement: Registered android.hardware.audio.effect@6.0::IEffectsFactory/default (start delay of 1786ms)
07-24 16:47:03.651   268   268 I LegacySupport: Registration complete for android.hardware.audio.effect@6.0::IEffectsFactory/default.
07-24 16:47:03.685   261   261 I ServiceManager: Waiting for service 'statscompanion' on '/dev/binder'...
07-24 16:47:03.723     0     0 I init    : starting service 'neuralnetworks_hal_service_sample_minimal'...
07-24 16:47:03.727   262   262 I libnetd_resolv: resolv_init: Initializing resolver
07-24 16:47:03.766   272   272 I GCH_CameraProvider: CreateCameraProviderHwl:Loading /vendor/lib/libgooglecamerahwl_impl.so library
07-24 16:47:03.791   261   261 I ServiceManager: Waiting for service 'statscompanion' on '/dev/binder'...
07-24 16:47:03.821     0     0 I init    : starting service 'neuralnetworks_hal_service_sample_quant'...
07-24 16:47:03.893   261   261 I ServiceManager: Waiting for service 'statscompanion' on '/dev/binder'...
07-24 16:47:03.899   268   268 I HidlServiceManagement: Registered android.hardware.soundtrigger@2.2::ISoundTriggerHw/default (start delay of 2035ms)
07-24 16:47:03.899   268   268 I LegacySupport: Registration complete for android.hardware.soundtrigger@2.2::ISoundTriggerHw/default.
07-24 16:47:03.994   261   261 I ServiceManager: Waiting for service 'statscompanion' on '/dev/binder'...
07-24 16:47:04.013     0     0 I init    : starting service 'vendor.power.stats-hal-1-0-mock'...
07-24 16:47:04.085     0     0 W healthd : batteryCapacityLevelPath not found
07-24 16:47:04.088     0     0 W healthd : batteryChargeTimeToFullNowPath. not found
07-24 16:47:04.096   261   261 I chatty  : uid=1066(statsd) Binder:261_2 identical 1 line
07-24 16:47:04.157     0     0 W healthd : batteryFullChargeDesignCapacityUahPath. not found
07-24 16:47:04.185     0     0 I init    : starting service 'vendor.sensors-hal-2-1-multihal'...
07-24 16:47:04.213   261   261 I ServiceManager: Waiting for service 'statscompanion' on '/dev/binder'...
07-24 16:47:04.230   284   284 D HostConnection: createUnique: call
07-24 16:47:04.233   284   284 D HostConnection: HostConnection::get() New Host Connection established 0xe9dc1740, tid 284
07-24 16:47:04.312   284   284 D HostConnection: HostComposition ext ANDROID_EMU_CHECKSUM_HELPER_v1 ANDROID_EMU_native_sync_v2 ANDROID_EMU_native_sync_v3 ANDROID_EMU_native_sync_v4 ANDROID_EMU_dma_v1 ANDROID_EMU_direct_mem ANDROID_EMU_host_composition_v1 ANDROID_EMU_host_composition_v2 ANDROID_EMU_vulkan ANDROID_EMU_deferred_vulkan_commands ANDROID_EMU_vulkan_null_optional_strings ANDROID_EMU_vulkan_create_resources_with_requirements ANDROID_EMU_YUV_Cache ANDROID_EMU_vulkan_ignored_handles ANDROID_EMU_has_shared_slots_host_memory_allocator ANDROID_EMU_vulkan_free_memory_sync ANDROID_EMU_vulkan_shader_float16_int8 ANDROID_EMU_vulkan_async_queue_submit ANDROID_EMU_sync_buffer_data ANDROID_EMU_read_color_buffer_dma GL_OES_EGL_image_external_essl3 GL_OES_vertex_array_object GL_KHR_texture_compression_astc_ldr ANDROID_EMU_host_side_tracing ANDROID_EMU_gles_max_version_3_0 
07-24 16:47:04.319   261   261 I ServiceManager: Waiting for service 'statscompanion' on '/dev/binder'...
07-24 16:47:04.319   153   153 I hwservicemanager: getTransport: Cannot find entry android.hardware.graphics.mapper@4.0::IMapper/default in either framework or device manifest.
07-24 16:47:04.320   284   284 I Gralloc4: mapper 4.x is not supported
07-24 16:47:04.327   284   284 D HostConnection: createUnique: call
07-24 16:47:04.328   284   284 D HostConnection: HostConnection::get() New Host Connection established 0xe9dc0860, tid 284
07-24 16:47:04.331   284   284 D goldfish-address-space: allocate: Ask for block of size 0x100
07-24 16:47:04.331   284   284 D goldfish-address-space: allocate: ioctl allocate returned offset 0x3ffffe000 size 0x2000
07-24 16:47:04.333   153   153 I hwservicemanager: getTransport: Cannot find entry android.hardware.graphics.allocator@4.0::IAllocator/default in either framework or device manifest.
07-24 16:47:04.334   284   284 W Gralloc4: allocator 3.x is not supported
07-24 16:47:04.336   153   153 I hwservicemanager: Since android.hardware.graphics.allocator@3.0::IAllocator/default is not registered, trying to start it as a lazy HAL.
07-24 16:47:04.341   153   153 I hwservicemanager: Since android.hardware.graphics.allocator@3.0::IAllocator/default is not registered, trying to start it as a lazy HAL.
07-24 16:47:04.341   284   284 I HidlServiceManagement: getService: Trying again for android.hardware.graphics.allocator@3.0::IAllocator/default...
07-24 16:47:04.353   288   288 I android.hardware.health@2.1-service: default instance initializing with healthd_config...
07-24 16:47:04.378     0     0 W healthd : battery l=100 v=5000 t=25.0 h=2 st=4 c=900000 fc=300000 cc=10 chg=
07-24 16:47:04.398   288   288 I HidlServiceManagement: Registered android.hardware.health@2.1::IHealth/default (start delay of 1184ms)
07-24 16:47:04.398   288   288 I HidlServiceManagement: Removing namespace from process name android.hardware.health@2.1-service to health@2.1-service.
07-24 16:47:04.398   288   288 I android.hardware.health@2.1-service: default: Hal init done
07-24 16:47:04.422   261   261 I ServiceManager: Waiting for service 'statscompanion' on '/dev/binder'...
07-24 16:47:04.503     0     0 I init    : starting service 'vendor.thermal-hal-2-0-mock'...
07-24 16:47:04.529   261   261 I chatty  : uid=1066(statsd) Binder:261_2 identical 1 line
07-24 16:47:04.554     0     0 I init    : starting service 'vendor.usb-hal-1-0'...
07-24 16:47:04.619     0     0 I init    : starting service 'vendor.wifi_hal_legacy'...
07-24 16:47:04.655   261   261 I ServiceManager: Waiting for service 'statscompanion' on '/dev/binder'...
07-24 16:47:04.686   297   297 I HidlServiceManagement: Registered android.hardware.neuralnetworks@1.3::IDevice/nnapi-sample_float_fast (start delay of 1162ms)
07-24 16:47:04.687   297   297 I HidlServiceManagement: Removing namespace from process name android.hardware.neuralnetworks@1.3-service-sample-float-fast to neuralnetworks@1.3-service-sample-float-fast.
07-24 16:47:04.732   283   283 D HostConnection: createUnique: call
07-24 16:47:04.784   261   261 I ServiceManager: Waiting for service 'statscompanion' on '/dev/binder'...
07-24 16:47:04.791   283   283 D HostConnection: HostConnection::get() New Host Connection established 0xf4300e80, tid 283
07-24 16:47:04.863   283   283 I HidlServiceManagement: Registered android.hardware.graphics.allocator@3.0::IAllocator/default (start delay of 1939ms)
07-24 16:47:04.863   283   283 I HidlServiceManagement: Removing namespace from process name android.hardware.graphics.allocator@3.0-service to allocator@3.0-service.
07-24 16:47:04.864   283   283 I android.hardware.graphics.allocator@3.0-service: graphics IAllocator@3.0 service is initialized
07-24 16:47:04.868   153   153 I hw-BpHwBinder: onLastStrongRef automatically unlinking death recipients
07-24 16:47:04.933   314   314 I android.hardware.power.stats@1.0-service-mock: power.stats service 1.0 mock is starting.
07-24 16:47:04.943     0     0 I init    : starting service 'vendor.identity-default'...
07-24 16:47:04.944   283   327 D HostConnection: HostComposition ext ANDROID_EMU_CHECKSUM_HELPER_v1 ANDROID_EMU_native_sync_v2 ANDROID_EMU_native_sync_v3 ANDROID_EMU_native_sync_v4 ANDROID_EMU_dma_v1 ANDROID_EMU_direct_mem ANDROID_EMU_host_composition_v1 ANDROID_EMU_host_composition_v2 ANDROID_EMU_vulkan ANDROID_EMU_deferred_vulkan_commands ANDROID_EMU_vulkan_null_optional_strings ANDROID_EMU_vulkan_create_resources_with_requirements ANDROID_EMU_YUV_Cache ANDROID_EMU_vulkan_ignored_handles ANDROID_EMU_has_shared_slots_host_memory_allocator ANDROID_EMU_vulkan_free_memory_sync ANDROID_EMU_vulkan_shader_float16_int8 ANDROID_EMU_vulkan_async_queue_submit ANDROID_EMU_sync_buffer_data ANDROID_EMU_read_color_buffer_dma GL_OES_EGL_image_external_essl3 GL_OES_vertex_array_object GL_KHR_texture_compression_astc_ldr ANDROID_EMU_host_side_tracing ANDROID_EMU_gles_max_version_3_0 
07-24 16:47:04.947   283   327 D goldfish-address-space: claimShared: Ask to claim region [0x3fc000000 0x3fcfa0000]
07-24 16:47:05.033   280   280 I HidlServiceManagement: Registered android.hardware.drm@1.3::IDrmFactory/widevine (start delay of 2325ms)
07-24 16:47:05.095   280   280 I HidlServiceManagement: Removing namespace from process name android.hardware.drm@1.3-service.widevine to drm@1.3-service.widevine.
07-24 16:47:05.127   261   261 I ServiceManager: Waiting for service 'statscompanion' on '/dev/binder'...
07-24 16:47:05.236   261   261 I ServiceManager: Waiting for service 'statscompanion' on '/dev/binder'...
07-24 16:47:05.249   280   280 I HidlServiceManagement: Registered android.hardware.drm@1.3::ICryptoFactory/widevine (start delay of 2595ms)
07-24 16:47:05.249   280   280 I HidlServiceManagement: Removing namespace from process name android.hardware.drm@1.3-service.widevine to drm@1.3-service.widevine.
07-24 16:47:05.281   314   314 I HidlServiceManagement: Registered android.hardware.power.stats@1.0::IPowerStats/default (start delay of 1132ms)
07-24 16:47:05.281   314   314 I HidlServiceManagement: Removing namespace from process name android.hardware.power.stats@1.0-service.mock to stats@1.0-service.mock.
07-24 16:47:05.332   314   314 I android.hardware.power.stats@1.0-service-mock: power.stats service is ready
07-24 16:47:05.345   261   261 I ServiceManager: Waiting for service 'statscompanion' on '/dev/binder'...
07-24 16:47:05.346   322   322 I android.hardware.thermal@2.0-service-mock: Thermal HAL Service Mock 2.0 starting...
07-24 16:47:05.482   284   284 D HostConnection: HostComposition ext ANDROID_EMU_CHECKSUM_HELPER_v1 ANDROID_EMU_native_sync_v2 ANDROID_EMU_native_sync_v3 ANDROID_EMU_native_sync_v4 ANDROID_EMU_dma_v1 ANDROID_EMU_direct_mem ANDROID_EMU_host_composition_v1 ANDROID_EMU_host_composition_v2 ANDROID_EMU_vulkan ANDROID_EMU_deferred_vulkan_commands ANDROID_EMU_vulkan_null_optional_strings ANDROID_EMU_vulkan_create_resources_with_requirements ANDROID_EMU_YUV_Cache ANDROID_EMU_vulkan_ignored_handles ANDROID_EMU_has_shared_slots_host_memory_allocator ANDROID_EMU_vulkan_free_memory_sync ANDROID_EMU_vulkan_shader_float16_int8 ANDROID_EMU_vulkan_async_queue_submit ANDROID_EMU_sync_buffer_data ANDROID_EMU_read_color_buffer_dma GL_OES_EGL_image_external_essl3 GL_OES_vertex_array_object GL_KHR_texture_compression_astc_ldr ANDROID_EMU_host_side_tracing ANDROID_EMU_gles_max_version_3_0 
07-24 16:47:05.484   284   284 E EmuHWC2 : doGetFunction: Unknown function descriptor: 44 (SetLayerFloatColor)
07-24 16:47:05.485   284   284 E EmuHWC2 : doGetFunction: Unknown function descriptor: 45 (SetLayerPerFrameMetadata)
07-24 16:47:05.485   284   284 E EmuHWC2 : doGetFunction: Unknown function descriptor: 46 (GetPerFrameMetadataKeys)
07-24 16:47:05.485   284   284 E EmuHWC2 : doGetFunction: Unknown function descriptor: 47 (SetReadbackBuffer)
07-24 16:47:05.485   284   284 E EmuHWC2 : doGetFunction: Unknown function descriptor: 48 (GetReadbackBufferAttributes)
07-24 16:47:05.485   284   284 E EmuHWC2 : doGetFunction: Unknown function descriptor: 49 (GetReadbackBufferFence)
07-24 16:47:05.485   284   284 E EmuHWC2 : doGetFunction: Unknown function descriptor: 50 (GetRenderIntents)
07-24 16:47:05.485   284   284 E EmuHWC2 : doGetFunction: Unknown function descriptor: 51 (SetColorModeWithRenderIntent)
07-24 16:47:05.485   284   284 E EmuHWC2 : doGetFunction: Unknown function descriptor: 52 (GetDataspaceSaturationMatrix)
07-24 16:47:05.485   284   284 E EmuHWC2 : doGetFunction: Unknown function descriptor: 55 (SetLayerColorTransform)
07-24 16:47:05.485   284   284 E EmuHWC2 : doGetFunction: Unknown function descriptor: 56 (GetDisplayedContentSamplingAttributes)
07-24 16:47:05.485   284   284 E EmuHWC2 : doGetFunction: Unknown function descriptor: 57 (SetDisplayedContentSamplingEnabled)
07-24 16:47:05.485   284   284 E EmuHWC2 : doGetFunction: Unknown function descriptor: 58 (GetDisplayedContentSample)
07-24 16:47:05.485   284   284 E EmuHWC2 : doGetFunction: Unknown function descriptor: 59 (SetLayerPerFrameMetadataBlobs)
07-24 16:47:05.491   261   261 I ServiceManager: Waiting for service 'statscompanion' on '/dev/binder'...
07-24 16:47:05.494   284   284 I HidlServiceManagement: Registered android.hardware.graphics.composer@2.3::IComposer/default (start delay of 2440ms)
07-24 16:47:05.495   284   284 I HidlServiceManagement: Removing namespace from process name android.hardware.graphics.composer@2.3-service to composer@2.3-service.
07-24 16:47:05.496   323   323 I HidlServiceManagement: Registered android.hardware.usb@1.0::IUsb/default (start delay of 922ms)
07-24 16:47:05.496   323   323 I HidlServiceManagement: Removing namespace from process name android.hardware.usb@1.0-service to usb@1.0-service.
07-24 16:47:05.497   323   323 I android.hardware.usb@1.0-service: USB HAL Ready.
07-24 16:47:05.497     0     0 I init    : starting service 'vendor.light-default'...
07-24 16:47:05.502   322   322 I HidlServiceManagement: Registered android.hardware.thermal@2.0::IThermal/default (start delay of 978ms)
07-24 16:47:05.507   291   291 I HidlServiceManagement: Registered android.hardware.neuralnetworks@1.3::IDevice/nnapi-sample_all (start delay of 2122ms)
07-24 16:47:05.507   291   291 I HidlServiceManagement: Removing namespace from process name android.hardware.neuralnetworks@1.3-service-sample-all to neuralnetworks@1.3-service-sample-all.
07-24 16:47:05.518   272   272 I EmulatedCameraProviderHwlImpl: Create: Created EmulatedCameraProviderHwlImpl
07-24 16:47:05.518   272   272 E GCH_CameraProvider: Initialize: HWL doesn't support vendor buffer allocation Function not implemented(-38)
07-24 16:47:05.520   272   272 I HidlServiceManagement: Registered android.hardware.camera.provider@2.6::ICameraProvider/internal/0 (start delay of 3366ms)
07-24 16:47:05.520   272   272 I HidlServiceManagement: Removing namespace from process name android.hardware.camera.provider@2.6-service-google to provider@2.6-service-google.
07-24 16:47:05.521   272   272 I LegacySupport: Registration complete for android.hardware.camera.provider@2.6::ICameraProvider/internal/0.
07-24 16:47:05.528   322   322 I HidlServiceManagement: Removing namespace from process name android.hardware.thermal@2.0-service.mock to thermal@2.0-service.mock.
07-24 16:47:05.528   322   322 I android.hardware.thermal@2.0-service-mock: Thermal Service started successfully.
07-24 16:47:05.562   317   317 I android.hardware.sensors@2.1-impl.ranchu: MultihalSensors:70: host sensors mask=7df, available sensors mask=7df
07-24 16:47:05.564     0     0 I init    : starting service 'vendor.power-default'...
07-24 16:47:05.593   261   261 I ServiceManager: Waiting for service 'statscompanion' on '/dev/binder'...
07-24 16:47:05.648     0     0 I init    : starting service 'vendor.rebootescrow-default'...
07-24 16:47:05.656   317   317 I HidlServiceManagement: Registered android.hardware.sensors@2.1::ISensors/default (start delay of 1315ms)
07-24 16:47:05.656   317   317 I HidlServiceManagement: Removing namespace from process name android.hardware.sensors@2.1-service.multihal to sensors@2.1-service.multihal.
07-24 16:47:05.705   261   261 I ServiceManager: Waiting for service 'statscompanion' on '/dev/binder'...
07-24 16:47:05.742     0     0 I init    : starting service 'vendor.vibrator-default'...
07-24 16:47:05.758   263   263 D AndroidRuntime: >>>>>> START com.android.internal.os.ZygoteInit uid 0 <<<<<<
07-24 16:47:05.807   261   261 I ServiceManager: Waiting for service 'statscompanion' on '/dev/binder'...
07-24 16:47:05.827   303   303 I HidlServiceManagement: Registered android.hardware.neuralnetworks@1.3::IDevice/nnapi-sample_float_slow (start delay of 2183ms)
07-24 16:47:05.828   303   303 I HidlServiceManagement: Removing namespace from process name android.hardware.neuralnetworks@1.3-service-sample-float-slow to neuralnetworks@1.3-service-sample-float-slow.
07-24 16:47:05.848     0     0 I init    : Command 'class_start hal' action=boot (/system/etc/init/hw/init.rc:946) took 4046ms and succeeded
07-24 16:47:05.851   311   311 I HidlServiceManagement: Registered android.hardware.neuralnetworks@1.3::IDevice/nnapi-sample_quant (start delay of 1966ms)
07-24 16:47:05.859   311   311 I HidlServiceManagement: Removing namespace from process name android.hardware.neuralnetworks@1.3-service-sample-quant to neuralnetworks@1.3-service-sample-quant.
07-24 16:47:05.889     0     0 I init    : Untracked pid 133 exited with status 0
07-24 16:47:05.891   310   310 I HidlServiceManagement: Registered android.hardware.neuralnetworks@1.3::IDevice/nnapi-sample_minimal (start delay of 2087ms)
07-24 16:47:05.891     0     0 I init    : Control message: Processed ctl.interface_start for 'android.hardware.graphics.allocator@3.0::IAllocator/default' from pid: 153 (/system/bin/hwservicemanager)
07-24 16:47:05.895   310   310 I HidlServiceManagement: Removing namespace from process name android.hardware.neuralnetworks@1.3-service-sample-minimal to neuralnetworks@1.3-service-sample-minimal.
07-24 16:47:05.909   261   261 I ServiceManager: Waiting for service 'statscompanion' on '/dev/binder'...
07-24 16:47:05.917   152   152 I servicemanager: getDeviceHalManifest: Reading VINTF information.
07-24 16:47:05.931   153   153 I hwservicemanager: getTransport: Cannot find entry android.hardware.graphics.mapper@4.0::IMapper/default in either framework or device manifest.
07-24 16:47:05.942     0     0 I init    : starting service 'ranchu-setup'...
07-24 16:47:05.947   271   271 I Gralloc4: mapper 4.x is not supported
07-24 16:47:05.959   263   263 I AndroidRuntime: Using default boot image
07-24 16:47:05.959   263   263 I AndroidRuntime: Leaving lock profiling enabled
07-24 16:47:05.966   152   152 I servicemanager: getDeviceHalManifest: Successfully processed VINTF information
07-24 16:47:05.966   152   152 I servicemanager: getFrameworkHalManifest: Reading VINTF information.
07-24 16:47:05.981   271   271 D HostConnection: createUnique: call
07-24 16:47:05.983   152   152 I servicemanager: getFrameworkHalManifest: Successfully processed VINTF information
07-24 16:47:05.984   152   152 I servicemanager: Found android.hardware.light.ILights/default in device VINTF manifest.
07-24 16:47:05.991   263   263 I zygote  : option[0]=-Xzygote
07-24 16:47:05.991   271   271 D HostConnection: HostConnection::get() New Host Connection established 0xf65c0080, tid 271
07-24 16:47:05.991   263   263 I zygote  : option[1]=exit
07-24 16:47:05.991   263   263 I zygote  : option[2]=vfprintf
07-24 16:47:05.991   263   263 I zygote  : option[3]=sensitiveThread
07-24 16:47:05.991   263   263 I zygote  : option[4]=-verbose:gc
07-24 16:47:05.991   263   263 I zygote  : option[5]=-XX:PerfettoHprof=true
07-24 16:47:05.992   263   263 I zygote  : option[6]=-Xprimaryzygote
07-24 16:47:05.992   263   263 I zygote  : option[7]=-Xms8m
07-24 16:47:05.992   271   271 D goldfish-address-space: allocate: Ask for block of size 0x100
07-24 16:47:05.992   263   263 I zygote  : option[8]=-Xmx512m
07-24 16:47:05.992   263   263 I zygote  : option[9]=-XX:HeapGrowthLimit=192m
07-24 16:47:05.992   263   263 I zygote  : option[10]=-XX:HeapMinFree=512k
07-24 16:47:05.992   263   263 I zygote  : option[11]=-XX:HeapMaxFree=8m
07-24 16:47:05.992   271   271 D goldfish-address-space: allocate: ioctl allocate returned offset 0x3fbffe000 size 0x2000
07-24 16:47:05.992   263   263 I zygote  : option[12]=-XX:HeapTargetUtilization=0.75
07-24 16:47:05.992   263   263 I zygote  : option[13]=-Xusejit:true
07-24 16:47:05.992   263   263 I zygote  : option[14]=-Xjitsaveprofilinginfo
07-24 16:47:05.992   263   263 I zygote  : option[15]=-XjdwpOptions:suspend=n,server=y
07-24 16:47:05.992   263   263 I zygote  : option[16]=-XjdwpProvider:default
07-24 16:47:05.992   263   263 I zygote  : option[17]=-Xopaque-jni-ids:swapable
07-24 16:47:05.992   263   263 I zygote  : option[18]=-Xlockprofthreshold:500
07-24 16:47:05.992   263   263 I zygote  : option[19]=-Xcompiler-option
07-24 16:47:05.992   263   263 I zygote  : option[20]=--instruction-set-variant=x86
07-24 16:47:05.993   263   263 I zygote  : option[21]=-Xcompiler-option
07-24 16:47:05.993   263   263 I zygote  : option[22]=--instruction-set-features=default
07-24 16:47:05.993   263   263 I zygote  : option[23]=-Xcompiler-option
07-24 16:47:05.993   263   263 I zygote  : option[24]=--generate-mini-debug-info
07-24 16:47:05.993   263   263 I zygote  : option[25]=-Ximage-compiler-option
07-24 16:47:05.993   263   263 I zygote  : option[26]=--runtime-arg
07-24 16:47:05.993   263   263 I zygote  : option[27]=-Ximage-compiler-option
07-24 16:47:05.993   263   263 I zygote  : option[28]=-Xms64m
07-24 16:47:05.993   263   263 I zygote  : option[29]=-Ximage-compiler-option
07-24 16:47:05.993   263   263 I zygote  : option[30]=--runtime-arg
07-24 16:47:05.993   263   263 I zygote  : option[31]=-Ximage-compiler-option
07-24 16:47:05.993   263   263 I zygote  : option[32]=-Xmx64m
07-24 16:47:05.993   263   263 I zygote  : option[33]=-Ximage-compiler-option
07-24 16:47:05.993   263   263 I zygote  : option[34]=--dirty-image-objects=/system/etc/dirty-image-objects
07-24 16:47:05.993   263   263 I zygote  : option[35]=-Ximage-compiler-option
07-24 16:47:05.993   263   263 I zygote  : option[36]=--instruction-set-variant=x86
07-24 16:47:05.993   263   263 I zygote  : option[37]=-Ximage-compiler-option
07-24 16:47:05.993   263   263 I zygote  : option[38]=--instruction-set-features=default
07-24 16:47:05.993   263   263 I zygote  : option[39]=-Ximage-compiler-option
07-24 16:47:05.993   263   263 I zygote  : option[40]=--generate-mini-debug-info
07-24 16:47:05.994   263   263 I zygote  : option[41]=-Duser.locale=en-US
07-24 16:47:05.994   263   263 I zygote  : option[42]=-XX:NativeBridge=libndk_translation.so
07-24 16:47:05.994   263   263 I zygote  : option[43]=--cpu-abilist=x86,armeabi-v7a,armeabi
07-24 16:47:05.994   263   263 I zygote  : option[44]=-Xcore-platform-api-policy:just-warn
07-24 16:47:05.994   263   263 I zygote  : option[45]=-Xfingerprint:Android/sdk_phone_x86/generic_x86:11/RSR1.210210.001.A1/7193139:userdebug/dev-keys
07-24 16:47:05.996   152   152 I servicemanager: Found android.hardware.power.IPower/default in device VINTF manifest.
07-24 16:47:05.996     0     0 I init    : starting service 'audioserver'...
07-24 16:47:06.010   261   261 I ServiceManager: Waiting for service 'statscompanion' on '/dev/binder'...
07-24 16:47:06.022   271   271 D EmulatedCamera_QemuClient: Emulated camera list: name=virtualscene channel=0 pix=876758866 dir=back framedims=640x480,352x288,320x240,176x144,1280x720,1280x960
07-24 16:47:06.034   271   271 I EmulatedCamera_QemuCamera3: Constructing emulated qemu camera 3: ID 0
07-24 16:47:06.035   271   271 I EmulatedCamera_QemuCamera3: parseResolutions: 640x480
07-24 16:47:06.035   271   271 I EmulatedCamera_QemuCamera3: parseResolutions: 352x288
07-24 16:47:06.036   271   271 I EmulatedCamera_QemuCamera3: parseResolutions: 320x240
07-24 16:47:06.036   271   271 I EmulatedCamera_QemuCamera3: parseResolutions: 176x144
07-24 16:47:06.036   271   271 I EmulatedCamera_QemuCamera3: parseResolutions: 1280x720
07-24 16:47:06.036   271   271 I EmulatedCamera_QemuCamera3: parseResolutions: 1280x960
07-24 16:47:06.036   271   271 I EmulatedCamera_QemuCamera3: Camera 0 capabilities:
07-24 16:47:06.037   271   271 I EmulatedCamera_QemuCamera3:   BACKWARD_COMPATIBLE
07-24 16:47:06.043     0     0 I init    : starting service 'credstore'...
07-24 16:47:06.044   152   152 I servicemanager: Found android.hardware.rebootescrow.IRebootEscrow/default in device VINTF manifest.
07-24 16:47:06.049   271   271 E EmulatedCamera_Factory: 1 cameras are being emulated. 0 of them are fake cameras.
07-24 16:47:06.064   152   152 I servicemanager: Found android.hardware.vibrator.IVibrator/default in device VINTF manifest.
07-24 16:47:06.069   271   271 I CamPrvdr@2.4-legacy: Loaded "Emulated Camera Module" camera module
07-24 16:47:06.069   271   271 E CamPrvdr@2.4-legacy: setUpVendorTags: Vendor tag operations not fully defined. Ignoring definitions.
07-24 16:47:06.070   271   271 E CamPrvdr@2.4-legacy: initialize: Vendor tag setup failed, will not be available.
07-24 16:47:06.070   271   271 V EmulatedCamera_BaseCamera: getCameraInfo
07-24 16:47:06.072   271   347 E EmulatedCamera_HotplugThread: addWatch: Could not add watch for '/data/misc/media/emulator.camera.hotplug.0', error: 'Permission denied' (13)
07-24 16:47:06.079   263   263 I zygote  : Core platform API reporting enabled, enforcing=false
07-24 16:47:06.082   152   152 I servicemanager: Found android.hardware.identity.IIdentityCredentialStore/default in device VINTF manifest.
07-24 16:47:06.091   271   271 I HidlServiceManagement: Registered android.hardware.camera.provider@2.4::ICameraProvider/legacy/0 (start delay of 4017ms)
07-24 16:47:06.091   271   271 I HidlServiceManagement: Removing namespace from process name android.hardware.camera.provider@2.4-service to provider@2.4-service.
07-24 16:47:06.092   271   271 I LegacySupport: Registration complete for android.hardware.camera.provider@2.4::ICameraProvider/legacy/0.
07-24 16:47:06.102     0     0 I init    : starting service 'gpu'...
07-24 16:47:06.112   261   261 I ServiceManager: Waiting for service 'statscompanion' on '/dev/binder'...
07-24 16:47:06.130     0     0 I init    : starting service 'surfaceflinger'...
07-24 16:47:06.147     0     0 I init    : Could not create socket 'pdx/system/vr/display/client': Failed to bind socket 'pdx/system/vr/display/client': No such file or directory
07-24 16:47:06.166     0     0 I init    : Could not create socket 'pdx/system/vr/display/manager': Failed to bind socket 'pdx/system/vr/display/manager': No such file or directory
07-24 16:47:06.177     0     0 I init    : Could not create socket 'pdx/system/vr/display/vsync': Failed to bind socket 'pdx/system/vr/display/vsync': No such file or directory
07-24 16:47:06.215   261   261 I ServiceManager: Waiting for service 'statscompanion' on '/dev/binder'...
07-24 16:47:06.224   326   326 I android.hardware.wifi@1.0-service: Wifi Hal is booting up...
07-24 16:47:06.239     0     0 I init    : Command 'class_start core' action=boot (/system/etc/init/hw/init.rc:948) took 296ms and succeeded
07-24 16:47:06.245   326   326 I HidlServiceManagement: Registered android.hardware.wifi@1.4::IWifi/default (start delay of 1551ms)
07-24 16:47:06.245   326   326 I HidlServiceManagement: Removing namespace from process name android.hardware.wifi@1.0-service to wifi@1.0-service.
07-24 16:47:06.261     0     0 I init    : Control message: Processed ctl.interface_start for 'android.hardware.graphics.allocator@3.0::IAllocator/default' from pid: 153 (/system/bin/hwservicemanager)
07-24 16:47:06.277     0     0 I init    : starting service 'exec 13 (/system/bin/fsverity_init)'...
07-24 16:47:06.318     0     0 I init    : SVC_EXEC service 'exec 13 (/system/bin/fsverity_init)' pid 354 (uid 0 gid 0+0 context default) started; waiting...
07-24 16:47:06.321   261   261 I ServiceManager: Waiting for service 'statscompanion' on '/dev/binder'...
07-24 16:47:06.346     0     0 I init    : Command 'exec -- /system/bin/fsverity_init' action=boot (/system/etc/init/hw/init.rc:951) took 71ms and succeeded
07-24 16:47:06.436     0     0 I init    : Service 'ranchu-setup' (pid 345) exited with status 1 oneshot service took 0.461000 seconds in background
07-24 16:47:06.447     0     0 I init    : Sending signal 9 to service 'ranchu-setup' (pid 345) process group...
07-24 16:47:06.455     0     0 I libprocessgroup: Successfully killed process cgroup uid 0 pid 345 in 0ms
07-24 16:47:06.528   261   261 I chatty  : uid=1066(statsd) Binder:261_2 identical 2 lines
07-24 16:47:06.557     0     0 I init    : Service 'exec 13 (/system/bin/fsverity_init)' (pid 354) exited with status 0 waiting took 0.257000 seconds
07-24 16:47:06.576     0     0 I init    : Sending signal 9 to service 'exec 13 (/system/bin/fsverity_init)' (pid 354) process group...
07-24 16:47:06.589     0     0 I libprocessgroup: Successfully killed process cgroup uid 0 pid 354 in 0ms
07-24 16:47:06.637   261   261 I ServiceManager: Waiting for service 'statscompanion' on '/dev/binder'...
