07-24 16:46:53.330   160   160 I qemu-props: received: qemu.timezone=Africa/Johannesburg
07-24 16:46:53.331     0     0 I init    : processing action (early-fs) from (/vendor/etc/init/hw/init.ranchu.rc:1)
07-24 16:46:53.332   160   160 I qemu-props: successfully set property 'vendor.qemu.timezone' to 'Africa/Johannesburg'
07-24 16:46:53.332   160   160 I qemu-props: receiving..
07-24 16:46:53.334     0     0 I init    : processing action (fs) from (/vendor/etc/init/hw/init.ranchu.rc:4)
07-24 16:46:53.338     0     0 I init    : starting service 'wait_for_keymaster'...
07-24 16:46:53.360     0     0 I init    : SVC_EXEC service 'wait_for_keymaster' pid 164 (uid 0 gid 0+1 context default) started; waiting...
07-24 16:46:53.431     0     0 I wait_for_keymaster: Waiting for Keymaster device
07-24 16:46:53.456   153   153 E cutils-trace: Error opening trace file: Permission denied (13)
07-24 16:46:53.457   153   153 I hwservicemanager: getFrameworkHalManifest: Reading VINTF information.
07-24 16:46:53.477   153   153 I hwservicemanager: getFrameworkHalManifest: Successfully processed VINTF information
07-24 16:46:53.478   153   153 I hwservicemanager: getDeviceHalManifest: Reading VINTF information.
--------- beginning of system
07-24 16:46:53.483   163   163 I vold    : Vold 3.0 (the awakening) firing up
07-24 16:46:53.483   163   163 D vold    : Detected support for: ext4 f2fs vfat
07-24 16:46:53.489   163   163 D vold    : Found unmanaged dm device named product
07-24 16:46:53.489   163   163 D vold    : Found unmanaged dm device named vendor
07-24 16:46:53.489   163   163 D vold    : Found unmanaged dm device named system
07-24 16:46:53.489   163   163 D vold    : Found unmanaged dm device named system_ext
07-24 16:46:53.489   163   163 D vold    : Found unmanaged dm device named system-verity
07-24 16:46:53.490   163   163 W vold    : Failed to LOOP_GET_STATUS64 /dev/block/loop26: No such device or address
07-24 16:46:53.490   163   163 W vold    : Failed to LOOP_GET_STATUS64 /dev/block/loop25: No such device or address
07-24 16:46:53.490   163   163 W vold    : Failed to LOOP_GET_STATUS64 /dev/block/loop24: No such device or address
07-24 16:46:53.490   163   163 W vold    : Failed to LOOP_GET_STATUS64 /dev/block/loop23: No such device or address
07-24 16:46:53.490   163   163 W vold    : Failed to LOOP_GET_STATUS64 /dev/block/loop22: No such device or address
07-24 16:46:53.490   163   163 W vold    : Failed to LOOP_GET_STATUS64 /dev/block/loop21: No such device or address
07-24 16:46:53.490   163   163 W vold    : Failed to LOOP_GET_STATUS64 /dev/block/loop20: No such device or address
07-24 16:46:53.490   163   163 W vold    : Failed to LOOP_GET_STATUS64 /dev/block/loop19: No such device or address
07-24 16:46:53.491   163   163 W vold    : Failed to LOOP_GET_STATUS64 /dev/block/loop18: No such device or address
07-24 16:46:53.491   163   163 W vold    : Failed to LOOP_GET_STATUS64 /dev/block/loop17: No such device or address
07-24 16:46:53.491   163   163 W vold    : Failed to LOOP_GET_STATUS64 /dev/block/loop16: No such device or address
07-24 16:46:53.491   163   163 W vold    : Failed to LOOP_GET_STATUS64 /dev/block/loop10: No such device or address
07-24 16:46:53.491   163   163 D vold    : Found unmanaged loop device at /dev/block/loop3 named apex:
07-24 16:46:53.491   163   163 D vold    : Found unmanaged loop device at /dev/block/loop5 named apex:
07-24 16:46:53.491   163   163 W vold    : Failed to LOOP_GET_STATUS64 /dev/block/loop14: No such device or address
07-24 16:46:53.491   163   163 W vold    : Failed to LOOP_GET_STATUS64 /dev/block/loop9: No such device or address
07-24 16:46:53.491   163   163 W vold    : Failed to LOOP_GET_STATUS64 /dev/block/loop11: No such device or address
07-24 16:46:53.491   163   163 D vold    : Found unmanaged loop device at /dev/block/loop4 named apex:
07-24 16:46:53.492   163   163 W vold    : Failed to LOOP_GET_STATUS64 /dev/block/loop6: No such device or address
07-24 16:46:53.492   163   163 W vold    : Failed to LOOP_GET_STATUS64 /dev/block/loop12: No such device or address
07-24 16:46:53.492   163   163 W vold    : Failed to LOOP_GET_STATUS64 /dev/block/loop7: No such device or address
07-24 16:46:53.492   163   163 D vold    : Found unmanaged loop device at /dev/block/loop0 named apex:
07-24 16:46:53.492   163   163 D vold    : Found unmanaged loop device at /dev/block/loop2 named apex:
07-24 16:46:53.492   163   163 W vold    : Failed to LOOP_GET_STATUS64 /dev/block/loop13: No such device or address
07-24 16:46:53.492   163   163 W vold    : Failed to LOOP_GET_STATUS64 /dev/block/loop15: No such device or address
07-24 16:46:53.492   163   163 W vold    : Failed to LOOP_GET_STATUS64 /dev/block/loop8: No such device or address
07-24 16:46:53.492   163   163 D vold    : Found unmanaged loop device at /dev/block/loop1 named apex:
07-24 16:46:53.496     0     0 I HidlServiceManagement: getService: Trying again for android.hardware.keymaster@4.0::IKeymasterDevice/default...
07-24 16:46:53.498     0     0 I init    : starting service 'vendor.keymaster-4-1'...
07-24 16:46:53.501   163   163 D vold    : VoldNativeService::start() completed OK
07-24 16:46:53.512     0     0 I init    : Control message: Processed ctl.interface_start for 'android.hardware.keymaster@4.0::IKeymasterDevice/default' from pid: 153 (/system/bin/hwservicemanager)
07-24 16:46:53.516   153   153 I hwservicemanager: getDeviceHalManifest: Successfully processed VINTF information
07-24 16:46:53.517   153   153 I hwservicemanager: Since android.hardware.keymaster@4.0::IKeymasterDevice/default is not registered, trying to start it as a lazy HAL.
07-24 16:46:53.517   163   166 I vold    : Found disk at /devices/pci0000:00/0000:00:08.0/virtio5/block/vdf but delaying scan due to secure keyguard
07-24 16:46:53.518   153   153 I hwservicemanager: Since android.hardware.keymaster@4.0::IKeymasterDevice/default is not registered, trying to start it as a lazy HAL.
07-24 16:46:53.519     0     0 I init    : Control message: Processed ctl.interface_start for 'android.hardware.keymaster@4.0::IKeymasterDevice/default' from pid: 153 (/system/bin/hwservicemanager)
07-24 16:46:53.654     0     0 I wait_for_keymaster: List of Keymaster HALs found:
07-24 16:46:53.656     0     0 I wait_for_keymaster: Keymaster HAL #1: SoftwareKeymasterDevice from Google SecurityLevel: SOFTWARE HAL: android.hardware.keymaster@4.1::IKeymasterDevice/default
07-24 16:46:53.661     0     0 D wait_for_keymaster: Computing HMAC with params { (seed: , nonce: 29bb5fba921ebc48e247dcfc15d4bcbb8cec3e48522b313fe0af72eb77298e) }
07-24 16:46:53.661     0     0 D wait_for_keymaster: Computing HMAC for SoftwareKeymasterDevice from Google SecurityLevel: SOFTWARE HAL: android.hardware.keymaster@4.1::IKeymasterDevice/default
07-24 16:46:53.662     0     0 I wait_for_keymaster: Using SoftwareKeymasterDevice from Google for encryption.  Security level: SOFTWARE, HAL: android.hardware.keymaster@4.1::IKeymasterDevice/default
07-24 16:46:53.667     0     0 I wait_for_keymaster: Keymaster device ready
07-24 16:46:53.671   171   171 E cutils-trace: Error opening trace file: Permission denied (13)
07-24 16:46:53.671     0     0 I init    : Service 'wait_for_keymaster' (pid 164) exited with status 0 waiting took 0.326000 seconds
07-24 16:46:53.674   171   171 I HidlServiceManagement: Registered android.hardware.keymaster@4.1::IKeymasterDevice/default (start delay of 149ms)
07-24 16:46:53.675     0     0 I init    : Sending signal 9 to service 'wait_for_keymaster' (pid 164) process group...
07-24 16:46:53.675   171   171 I HidlServiceManagement: Removing namespace from process name android.hardware.keymaster@4.1-service to keymaster@4.1-service.
07-24 16:46:53.675   153   153 I hw-BpHwBinder: onLastStrongRef automatically unlinking death recipients
07-24 16:46:53.676   153   153 I hwservicemanager: getTransport: Cannot find entry android.hardware.keymaster@3.0::IKeymasterDevice/default in either framework or device manifest.
07-24 16:46:53.678     0     0 I libprocessgroup: Successfully killed process cgroup uid 0 pid 164 in 0ms
07-24 16:46:53.685     0     0 I init    : [libfs_mgr]Invalid ext4 superblock on '/dev/block/vdc'
07-24 16:46:53.688     0     0 E init    : [libfs_mgr]mount_with_alternatives(): skipping mount due to invalid magic, mountpoint=/data blk_dev=/dev/block/vdc rec[4].fs_type=ext4
07-24 16:46:53.695     0     0 I init    : Calling: /system/bin/vdc cryptfs mountFstab /dev/block/vdc /data
07-24 16:46:53.720     0     0 D vdc     : Waited 0ms for vold
07-24 16:46:53.742   163   163 D vold    : fscrypt_mount_metadata_encrypted: /data 0
07-24 16:46:53.743   163   163 D vold    : metadata_key_dir/key: /metadata/vold/metadata_encryption/key
07-24 16:46:53.751   153   153 I hwservicemanager: getTransport: Cannot find entry android.hardware.keymaster@3.0::IKeymasterDevice/default in either framework or device manifest.
07-24 16:46:53.752   163   163 I vold    : List of Keymaster HALs found:
07-24 16:46:53.752   163   163 I vold    : Keymaster HAL #1: SoftwareKeymasterDevice from Google SecurityLevel: SOFTWARE HAL: android.hardware.keymaster@4.1::IKeymasterDevice/default
07-24 16:46:53.752   163   163 D vold    : Computing HMAC with params { (seed: , nonce: 29bb5fba921ebc48e247dcfc15d4bcbb8cec3e48522b313fe0af72eb77298e) }
07-24 16:46:53.752   163   163 D vold    : Computing HMAC for SoftwareKeymasterDevice from Google SecurityLevel: SOFTWARE HAL: android.hardware.keymaster@4.1::IKeymasterDevice/default
07-24 16:46:53.753   163   163 I vold    : Using SoftwareKeymasterDevice from Google for encryption.  Security level: SOFTWARE, HAL: android.hardware.keymaster@4.1::IKeymasterDevice/default
07-24 16:46:53.756   153   153 I hwservicemanager: getTransport: Cannot find entry android.hardware.boot@1.0::IBootControl/default in either framework or device manifest.
07-24 16:46:53.756   163   163 D vold    : Key exists, using: /metadata/vold/metadata_encryption/key
07-24 16:46:53.767     0     0 W EXT4-fs (dm-5): Ignoring removed nomblk_io_submit option
07-24 16:46:53.769     0     0 I EXT4-fs (dm-5): Using encoding defined by superblock: utf8-12.1.0 with flags 0x0
07-24 16:46:53.769   153   153 I hwservicemanager: getTransport: Cannot find entry android.hardware.keymaster@3.0::IKeymasterDevice/default in either framework or device manifest.
07-24 16:46:53.770   163   163 I vold    : List of Keymaster HALs found:
07-24 16:46:53.770   163   163 I vold    : Keymaster HAL #1: SoftwareKeymasterDevice from Google SecurityLevel: SOFTWARE HAL: android.hardware.keymaster@4.1::IKeymasterDevice/default
07-24 16:46:53.770   163   163 I vold    : Using SoftwareKeymasterDevice from Google for encryption.  Security level: SOFTWARE, HAL: android.hardware.keymaster@4.1::IKeymasterDevice/default
07-24 16:46:53.779   163   163 D vold    : Mounting metadata-encrypted filesystem:/data
07-24 16:46:53.782   153   153 I hwservicemanager: getTransport: Cannot find entry android.hardware.keymaster@3.0::IKeymasterDevice/default in either framework or device manifest.
07-24 16:46:53.783   163   163 I vold    : List of Keymaster HALs found:
07-24 16:46:53.784   163   163 I vold    : Keymaster HAL #1: SoftwareKeymasterDevice from Google SecurityLevel: SOFTWARE HAL: android.hardware.keymaster@4.1::IKeymasterDevice/default
07-24 16:46:53.787   163   163 I vold    : [libfs_mgr]superblock s_max_mnt_count:65535,/dev/block/dm-5
07-24 16:46:53.787   163   163 I vold    : [libfs_mgr]Filesystem on /dev/block/dm-5 was not cleanly shutdown; state flags: 0x1, incompat feature flags: 0x30046
07-24 16:46:56.555     0     0 I EXT4-fs (dm-5): recovery complete
07-24 16:46:56.559     0     0 I EXT4-fs (dm-5): mounted filesystem with ordered data mode. Opts: errors=remount-ro,nomblk_io_submit
07-24 16:46:56.585   163   163 I vold    : [libfs_mgr]check_fs(): mount(/dev/block/dm-5,/data,ext4)=0: Success
07-24 16:46:56.617   163   163 I vold    : [libfs_mgr]check_fs(): unmount(/data) succeeded
07-24 16:46:56.617   163   163 I vold    : [libfs_mgr]Running /system/bin/e2fsck on /dev/block/dm-5
07-24 16:46:56.648     0     0 I e2fsck  : e2fsck 1.45.4 (23-Sep-2019)
07-24 16:46:56.704     0     0 I e2fsck  : Pass 1: Checking inodes, blocks, and sizes
07-24 16:46:57.507     0     0 I e2fsck  : Pass 2: Checking directory structure
07-24 16:46:57.938     0     0 I e2fsck  : Pass 3: Checking directory connectivity
07-24 16:46:57.977     0     0 I e2fsck  : Pass 4: Checking reference counts
07-24 16:46:58.001     0     0 I e2fsck  : Pass 5: Checking group summary information
07-24 16:46:58.090     0     0 I e2fsck  : /dev/block/dm-5: 4001/393216 files (4.4% non-contiguous), 282501/1572864 blocks
07-24 16:46:58.109     0     0 W EXT4-fs (dm-5): Ignoring removed nomblk_io_submit option
07-24 16:46:58.112     0     0 I EXT4-fs (dm-5): Using encoding defined by superblock: utf8-12.1.0 with flags 0x0
07-24 16:46:58.129   163   163 I vold    : [libfs_mgr]superblock s_max_mnt_count:65535,/dev/block/dm-5
07-24 16:46:58.129   163   163 W vold    : [libfs_mgr]Reserved blocks 32768 is too large; capping to 31457
07-24 16:46:58.135     0     0 I EXT4-fs (dm-5): mounted filesystem with ordered data mode. Opts: nomblk_io_submit,errors=panic
07-24 16:46:58.159     0     0 I init    : Keyring created with id 823798250 in process 1
07-24 16:46:58.162   163   163 I vold    : [libfs_mgr]__mount(source=/dev/block/dm-5,target=/data,type=ext4)=0: Success
07-24 16:46:58.163   163   163 D vold    : Mounted /data
07-24 16:46:58.163     0     0 I init    : Command 'mount_all /vendor/etc/fstab.ranchu' action=fs (/vendor/etc/init/hw/init.ranchu.rc:6) took 4480ms and succeeded
07-24 16:46:58.165   163   166 D vold    : Disk at 253:5 changed
07-24 16:46:58.170     0     0 I init    : processing action (fs) from (/system/etc/init/logd.rc:28)
07-24 16:46:58.173     0     0 I init    : processing action (fs) from (/system/etc/init/wifi.rc:25)
07-24 16:46:58.176     0     0 I init    : processing action (post-fs) from (/system/etc/init/hw/init.rc:467)
07-24 16:46:58.179     0     0 I init    : starting service 'exec 2 (/system/bin/vdc checkpoint markBootAttempt)'...
07-24 16:46:58.184     0     0 I init    : SVC_EXEC service 'exec 2 (/system/bin/vdc checkpoint markBootAttempt)' pid 183 (uid 1000 gid 1000+0 context default) started; waiting...
07-24 16:46:58.197     0     0 I init    : Service 'exec 2 (/system/bin/vdc checkpoint markBootAttempt)' (pid 183) exited with status 0 waiting took 0.013000 seconds
07-24 16:46:58.201     0     0 I init    : Sending signal 9 to service 'exec 2 (/system/bin/vdc checkpoint markBootAttempt)' (pid 183) process group...
07-24 16:46:58.205     0     0 I libprocessgroup: Successfully killed process cgroup uid 1000 pid 183 in 0ms
07-24 16:46:58.209     0     0 E selinux : SELinux:  Could not stat /sys/kernel/debug: No such file or directory.
07-24 16:46:58.212     0     0 E selinux :  
07-24 16:46:58.213     0     0 I init    : Command 'chown system cache /cache' action=post-fs (/system/etc/init/hw/init.rc:479) took 0ms and failed: lchown() failed: Read-only file system
07-24 16:46:58.220     0     0 I init    : Command 'chmod 0770 /cache' action=post-fs (/system/etc/init/hw/init.rc:480) took 0ms and failed: fchmodat() failed: Read-only file system
07-24 16:46:58.230     0     0 I init    : Command 'mkdir /cache/recovery 0770 system cache' action=post-fs (/system/etc/init/hw/init.rc:486) took 6ms and failed: mkdir() failed on /cache/recovery: Required key not available
07-24 16:46:58.237     0     0 I init    : Command 'mkdir /cache/backup_stage 0700 system system' action=post-fs (/system/etc/init/hw/init.rc:489) took 0ms and failed: mkdir() failed on /cache/backup_stage: Required key not available
07-24 16:46:58.243     0     0 I init    : Command 'mkdir /cache/backup 0700 system system' action=post-fs (/system/etc/init/hw/init.rc:490) took 0ms and failed: mkdir() failed on /cache/backup: Required key not available
07-24 16:46:58.253     0     0 I init    : Command 'mkdir /cache/lost+found 0770 root root' action=post-fs (/system/etc/init/hw/init.rc:511) took 0ms and failed: mkdir() failed on /cache/lost+found: Required key not available
07-24 16:46:58.263     0     0 I selinux : SELinux: Skipping restorecon on directory(/metadata)
07-24 16:46:58.268     0     0 I selinux :  
07-24 16:46:58.272     0     0 I selinux : SELinux: Skipping restorecon on directory(/metadata/apex)
07-24 16:46:58.274     0     0 I selinux :  
07-24 16:46:58.275     0     0 I init    : processing action (post-fs) from (/system/etc/init/atrace_userdebug.rc:7)
07-24 16:46:58.281     0     0 I init    : processing action (post-fs) from (/system/etc/init/gsid.rc:8)
07-24 16:46:58.283     0     0 I init    : processing action (post-fs) from (/system/etc/init/recovery-refresh.rc:1)
07-24 16:46:58.287     0     0 I init    : starting service 'exec 3 (/system/bin/recovery-refresh)'...
07-24 16:46:58.292     0     0 I init    : processing action (late-fs) from (/system/etc/init/hw/init.rc:531)
07-24 16:46:58.303     0     0 I init    : starting service 'system_suspend'...
07-24 16:46:58.312     0     0 I init    : starting service 'vendor.atrace-hal-1-0'...
07-24 16:46:58.324     0     0 I init    : Service 'exec 3 (/system/bin/recovery-refresh)' (pid 184) exited with status 254 oneshot service took 0.031000 seconds in background
07-24 16:46:58.331     0     0 I init    : Sending signal 9 to service 'exec 3 (/system/bin/recovery-refresh)' (pid 184) process group...
07-24 16:46:58.338     0     0 I libprocessgroup: Successfully killed process cgroup uid 1000 pid 184 in 0ms
07-24 16:46:58.343     0     0 I init    : processing action (late-fs) from (/vendor/etc/init/hw/init.ranchu.rc:8)
07-24 16:46:58.359     0     0 E init    : Unable to set property 'ro.crypto.state' from uid:0 gid:0 pid:1: Read-only property was already set
07-24 16:46:58.383     0     0 I init    : processing action (post-fs-data) from (/system/etc/init/hw/init.rc:540)
07-24 16:46:58.388     0     0 I init    : starting service 'exec 4 (/system/bin/vdc checkpoint prepareCheckpoint)'...
07-24 16:46:58.394     0     0 I init    : SVC_EXEC service 'exec 4 (/system/bin/vdc checkpoint prepareCheckpoint)' pid 189 (uid 1000 gid 1000+0 context default) started; waiting...
07-24 16:46:58.404     1     1 W libc    : Unable to set property "ro.crypto.state" to "unsupported": error code: 0xb
07-24 16:46:58.415   186   186 I HidlServiceManagement: Registered android.hardware.atrace@1.0::IAtraceDevice/default (start delay of 81ms)
07-24 16:46:58.415   186   186 I HidlServiceManagement: Removing namespace from process name android.hardware.atrace@1.0-service to atrace@1.0-service.
07-24 16:46:58.422     0     0 I init    : Service 'exec 4 (/system/bin/vdc checkpoint prepareCheckpoint)' (pid 189) exited with status 0 waiting took 0.028000 seconds
07-24 16:46:58.425   185   185 I HidlServiceManagement: Registered android.system.suspend@1.0::ISystemSuspend/default (start delay of 101ms)
07-24 16:46:58.426   185   185 I HidlServiceManagement: Removing namespace from process name android.system.suspend@1.0-service to suspend@1.0-service.
07-24 16:46:58.427     0     0 I init    : Sending signal 9 to service 'exec 4 (/system/bin/vdc checkpoint prepareCheckpoint)' (pid 189) process group...
07-24 16:46:58.434     0     0 I libprocessgroup: Successfully killed process cgroup uid 1000 pid 189 in 0ms
07-24 16:46:58.440   163   163 I Checkpoint: cp_prepareCheckpoint called
07-24 16:46:58.441     0     0 I init    : starting service 'exec 5 (/system/bin/vdc --wait cryptfs enablefilecrypto)'...
07-24 16:46:58.447     0     0 I init    : SVC_EXEC service 'exec 5 (/system/bin/vdc --wait cryptfs enablefilecrypto)' pid 190 (uid 0 gid 0+0 context default) started; waiting...
07-24 16:46:58.463     0     0 D vdc     : Waited 0ms for vold
07-24 16:46:58.485   163   163 I vold    : fscrypt_initialize_systemwide_keys
07-24 16:46:58.489   163   163 D vold    : Key exists, using: /data/unencrypted/key
07-24 16:46:58.504   153   153 I hwservicemanager: getTransport: Cannot find entry android.hardware.keymaster@3.0::IKeymasterDevice/default in either framework or device manifest.
07-24 16:46:58.504   163   163 I vold    : List of Keymaster HALs found:
07-24 16:46:58.504   163   163 I vold    : Keymaster HAL #1: SoftwareKeymasterDevice from Google SecurityLevel: SOFTWARE HAL: android.hardware.keymaster@4.1::IKeymasterDevice/default
07-24 16:46:58.505   163   163 I vold    : Using SoftwareKeymasterDevice from Google for encryption.  Security level: SOFTWARE, HAL: android.hardware.keymaster@4.1::IKeymasterDevice/default
07-24 16:46:58.507     0     0 I init    : Service 'exec 5 (/system/bin/vdc --wait cryptfs enablefilecrypto)' (pid 190) exited with status 0 waiting took 0.061000 seconds
07-24 16:46:58.508   163   163 D vold    : Installed fscrypt key with ref ee2ae4fc7ca44b69c269db9fc3fb2093 to /data
07-24 16:46:58.508   163   163 D vold    : Added fscrypt-provisioning key for ee2ae4fc7ca44b69c269db9fc3fb2093 to session keyring
07-24 16:46:58.512     0     0 I init    : Sending signal 9 to service 'exec 5 (/system/bin/vdc --wait cryptfs enablefilecrypto)' (pid 190) process group...
07-24 16:46:58.516     0     0 I libprocessgroup: Successfully killed process cgroup uid 0 pid 190 in 0ms
07-24 16:46:58.523   163   163 I vold    : Wrote system DE key reference to:/data/unencrypted/ref
07-24 16:46:58.523   163   163 D vold    : Installed fscrypt key with ref dfbad1842a52496aa5cc206b34cd665f to /data
07-24 16:46:58.523   163   163 D vold    : Added fscrypt-provisioning key for dfbad1842a52496aa5cc206b34cd665f to session keyring
07-24 16:46:58.525     0     0 I fscrypt : AES-256-CTS-CBC using implementation "cts(cbc-aes-aesni)"
07-24 16:46:58.527     0     0 I init    : Verified that /data/bootchart has the encryption policy ee2ae4fc7ca44b69c269db9fc3fb2093 v2 modes 1/4 flags 0x2
07-24 16:46:58.528   163   163 I vold    : Wrote per boot key reference to:/data/unencrypted/per_boot_ref
07-24 16:46:58.534     0     0 I init    : Switched to default mount namespace
07-24 16:46:58.535     0     0 I init    : Not setting encryption policy on: /data/apex
07-24 16:46:58.542     0     0 I init    : Not setting encryption policy on: /data/app-staging
07-24 16:46:58.546     0     0 I init    : starting service 'apexd'...
07-24 16:46:58.557     0     0 E init    : Failed to set encryption policy of /data/misc to ee2ae4fc7ca44b69c269db9fc3fb2093 v2 modes 1/4 flags 0x2: Directory not empty
07-24 16:46:58.571     0     0 E logwrapper: executing ls failed: Permission denied
07-24 16:46:58.573     0     0 I ls      : executing ls failed: Permission denied
07-24 16:46:58.575     0     0 E logwrapper:  
07-24 16:46:58.576     0     0 I ls      : ls terminated by exit(255)
07-24 16:46:58.578     0     0 I ls      :  
07-24 16:46:58.580     0     0 E init    : ls -laZ /data/misc returned failure: 255
07-24 16:46:58.580     0     0 I apexd   : Scanning /system/apex for preinstalled data
07-24 16:46:58.582     0     0 E init    : Setting ee2ae4fc7ca44b69c269db9fc3fb2093 policy on /data/misc failed!
07-24 16:46:58.582     0     0 E init    : Rebooting into recovery
07-24 16:46:58.582     0     0 I init    : Command 'mkdir /data/misc 01771 system misc encryption=Require' action=post-fs-data (/system/etc/init/hw/init.rc:576) took 27ms and failed: Failed to set bootloader message: failed to find /misc partition
07-24 16:46:58.588   198   198 W init    : type=1400 audit(0.0:4): avc: denied { execute_no_trans } for path="/vendor/bin/toybox_vendor" dev="dm-3" ino=227 scontext=u:r:init:s0 tcontext=u:object_r:vendor_toolbox_exec:s0 tclass=file permissive=0 b/132695863
07-24 16:46:58.591     0     0 I apexd   : Scanning /system_ext/apex for preinstalled data
07-24 16:46:58.607     0     0 I apexd   : ... does not exist. Skipping
07-24 16:46:58.610     0     0 I apexd   : Scanning /product/apex for preinstalled data
07-24 16:46:58.614     0     0 I apexd   : ... does not exist. Skipping
07-24 16:46:58.617     0     0 I apexd   : Scanning /vendor/apex for preinstalled data
07-24 16:46:58.621     0     0 I apexd   : ... does not exist. Skipping
07-24 16:46:58.624     0     0 I apexd   : Populating APEX database from mounts...
07-24 16:46:58.627     0     0 I apexd   : 0 packages restored.
07-24 16:46:58.630     0     0 I apexd   : Marking APEXd as starting
07-24 16:46:58.635     0     0 I apexd   : Scanning /metadata/apex/sessions looking for sessions to be activated.
07-24 16:46:58.640     0     0 I apexd   : Scanning /data/apex/active looking for APEX packages.
07-24 16:46:58.644     0     0 I apexd   : Activated 0 packages. Skipped: 0
07-24 16:46:58.647     0     0 I apexd   : Scanning /system/apex looking for APEX packages.
07-24 16:46:58.650     0     0 I apexd   : Found /system/apex/com.android.mediaprovider.apex
07-24 16:46:58.655     0     0 I apexd   : Found /system/apex/com.android.tethering.apex
07-24 16:46:58.658     0     0 I apexd   : Found /system/apex/com.android.wifi.apex
07-24 16:46:58.661     0     0 I apexd   : Found /system/apex/com.android.cellbroadcast.apex
07-24 16:46:58.667     0     0 I apexd   : Found /system/apex/com.android.neuralnetworks.apex
07-24 16:46:58.671     0     0 I apexd   : Found /system/apex/com.android.resolv.apex
07-24 16:46:58.674     0     0 I apexd   : Found /system/apex/com.android.media.swcodec.apex
07-24 16:46:58.674     0     0 I init    : Verified that /data/local has the encryption policy ee2ae4fc7ca44b69c269db9fc3fb2093 v2 modes 1/4 flags 0x2
07-24 16:46:58.676     0     0 I apexd   : Found /system/apex/com.android.conscrypt.apex
07-24 16:46:58.685     0     0 I apexd   : Found /system/apex/com.android.adbd.apex
07-24 16:46:58.688     0     0 I apexd   : Found /system/apex/com.android.art.debug.apex
07-24 16:46:58.691     0     0 I apexd   : Found /system/apex/com.android.permission.apex
07-24 16:46:58.694     0     0 I apexd   : Found /system/apex/com.android.runtime.apex
07-24 16:46:58.695     0     0 I init    : Not setting encryption policy on: /data/preloads
07-24 16:46:58.698     0     0 I apexd   : Found /system/apex/com.android.sdkext.apex
07-24 16:46:58.703     0     0 I apexd   : Found /system/apex/com.android.tzdata.apex
07-24 16:46:58.706     0     0 I apexd   : Found /system/apex/com.android.media.apex
07-24 16:46:58.708     0     0 I apexd   : Found /system/apex/com.android.extservices.apex
07-24 16:46:58.708     0     0 I init    : Verified that /data/vendor has the encryption policy ee2ae4fc7ca44b69c269db9fc3fb2093 v2 modes 1/4 flags 0x2
07-24 16:46:58.712     0     0 I apexd   : Found /system/apex/com.android.vndk.current.apex
07-24 16:46:58.716     0     0 I init    : Not setting encryption policy on: /data/vendor_ce
07-24 16:46:58.719     0     0 I apexd   : Found /system/apex/com.android.os.statsd.apex
07-24 16:46:58.725     0     0 I apexd   : Found /system/apex/com.android.apex.cts.shim.apex
07-24 16:46:58.725     0     0 I init    : Not setting encryption policy on: /data/vendor_de
07-24 16:46:58.727     0     0 I apexd   : Found /system/apex/com.android.i18n.apex
07-24 16:46:58.735     0     0 I apexd   : Found /system/apex/com.android.ipsec.apex
07-24 16:46:58.739     0     0 D apexd   : Creating mount point: /apex/com.android.mediaprovider@300000000
07-24 16:46:58.745     0     0 I init    : Not setting encryption policy on: /data/data
07-24 16:46:58.756     0     0 I init    : Verified that /data/app-private has the encryption policy ee2ae4fc7ca44b69c269db9fc3fb2093 v2 modes 1/4 flags 0x2
07-24 16:46:58.762   163   166 D vold    : Disk at 7:48 changed
07-24 16:46:58.762     0     0 I init    : Verified that /data/app-ephemeral has the encryption policy ee2ae4fc7ca44b69c269db9fc3fb2093 v2 modes 1/4 flags 0x2
07-24 16:46:58.764     0     0 D apexd   : Loopback device created: /dev/block/loop6
07-24 16:46:58.770     0     0 D apexd   : AVB footer verification successful.
07-24 16:46:58.773     0     0 I init    : Verified that /data/app-asec has the encryption policy ee2ae4fc7ca44b69c269db9fc3fb2093 v2 modes 1/4 flags 0x2
07-24 16:46:58.773     0     0 D apexd   : /system/apex/com.android.mediaprovider.apex: public key matches.
07-24 16:46:58.782     0     0 I init    : Verified that /data/app-lib has the encryption policy ee2ae4fc7ca44b69c269db9fc3fb2093 v2 modes 1/4 flags 0x2
07-24 16:46:58.783   163   166 D vold    : Disk at 7:48 changed
07-24 16:46:58.790     0     0 I EXT4-fs (loop6): mounted filesystem without journal. Opts: (null)
07-24 16:46:58.792     0     0 I apexd   : Successfully mounted package /system/apex/com.android.mediaprovider.apex on /apex/com.android.mediaprovider@300000000
07-24 16:46:58.799     0     0 I init    : Verified that /data/app has the encryption policy ee2ae4fc7ca44b69c269db9fc3fb2093 v2 modes 1/4 flags 0x2
07-24 16:46:58.808     0     0 I init    : Verified that /data/property has the encryption policy ee2ae4fc7ca44b69c269db9fc3fb2093 v2 modes 1/4 flags 0x2
07-24 16:46:58.808     0     0 D apexd   : Creating bind-mount for /apex/com.android.mediaprovider for /apex/com.android.mediaprovider@300000000
07-24 16:46:58.814     0     0 D apexd   : Creating mountpoint /apex/com.android.mediaprovider
07-24 16:46:58.814     0     0 D apexd   : Bind-mounting /apex/com.android.mediaprovider@300000000 to /apex/com.android.mediaprovider
07-24 16:46:58.814     0     0 D apexd   : Successfully activated /system/apex/com.android.mediaprovider.apex package_name: com.android.mediaprovider version: 300000000
07-24 16:46:58.814     0     0 D apexd   : Creating mount point: /apex/com.android.tethering@300000000
07-24 16:46:58.823     0     0 I init    : Verified that /data/tombstones has the encryption policy ee2ae4fc7ca44b69c269db9fc3fb2093 v2 modes 1/4 flags 0x2
07-24 16:46:58.834     0     0 D apexd   : Loopback device created: /dev/block/loop7
07-24 16:46:58.834     0     0 D apexd   : AVB footer verification successful.
07-24 16:46:58.836     0     0 D apexd   : /system/apex/com.android.tethering.apex: public key matches.
07-24 16:46:58.837   163   166 D vold    : Disk at 7:56 changed
07-24 16:46:58.842     0     0 I EXT4-fs (loop7): mounted filesystem without journal. Opts: (null)
07-24 16:46:58.846     0     0 I apexd   : Successfully mounted package /system/apex/com.android.tethering.apex on /apex/com.android.tethering@300000000
07-24 16:46:58.846     0     0 I init    : Verified that /data/dalvik-cache has the encryption policy ee2ae4fc7ca44b69c269db9fc3fb2093 v2 modes 1/4 flags 0x2
07-24 16:46:58.854     0     0 D apexd   : Creating bind-mount for /apex/com.android.tethering for /apex/com.android.tethering@300000000
07-24 16:46:58.855     0     0 D apexd   : Creating mountpoint /apex/com.android.tethering
07-24 16:46:58.855     0     0 D apexd   : Bind-mounting /apex/com.android.tethering@300000000 to /apex/com.android.tethering
07-24 16:46:58.855     0     0 D apexd   : Successfully activated /system/apex/com.android.tethering.apex package_name: com.android.tethering version: 300000000
07-24 16:46:58.855     0     0 D apexd   : Creating mount point: /apex/com.android.wifi@300000000
07-24 16:46:58.859   163   166 D vold    : Disk at 7:56 changed
07-24 16:46:58.861     0     0 I init    : Verified that /data/ota has the encryption policy ee2ae4fc7ca44b69c269db9fc3fb2093 v2 modes 1/4 flags 0x2
07-24 16:46:58.870     0     0 D apexd   : Loopback device created: /dev/block/loop8
07-24 16:46:58.870     0     0 D apexd   : AVB footer verification successful.
07-24 16:46:58.873     0     0 D apexd   : /system/apex/com.android.wifi.apex: public key matches.
07-24 16:46:58.873     0     0 I init    : Verified that /data/ota_package has the encryption policy ee2ae4fc7ca44b69c269db9fc3fb2093 v2 modes 1/4 flags 0x2
07-24 16:46:58.878   163   166 D vold    : Disk at 7:64 changed
07-24 16:46:58.883     0     0 I init    : Verified that /data/resource-cache has the encryption policy ee2ae4fc7ca44b69c269db9fc3fb2093 v2 modes 1/4 flags 0x2
07-24 16:46:58.889     0     0 I init    : Not setting encryption policy on: /data/lost+found
07-24 16:46:58.889     0     0 I EXT4-fs (loop8): mounted filesystem without journal. Opts: (null)
07-24 16:46:58.891   163   166 D vold    : Disk at 7:64 changed
07-24 16:46:58.895     0     0 I apexd   : Successfully mounted package /system/apex/com.android.wifi.apex on /apex/com.android.wifi@300000000
07-24 16:46:58.900     0     0 I init    : Verified that /data/drm has the encryption policy ee2ae4fc7ca44b69c269db9fc3fb2093 v2 modes 1/4 flags 0x2
07-24 16:46:58.909     0     0 D apexd   : Creating bind-mount for /apex/com.android.wifi for /apex/com.android.wifi@300000000
07-24 16:46:58.909     0     0 D apexd   : Creating mountpoint /apex/com.android.wifi
07-24 16:46:58.909     0     0 D apexd   : Bind-mounting /apex/com.android.wifi@300000000 to /apex/com.android.wifi
07-24 16:46:58.909     0     0 D apexd   : Successfully activated /system/apex/com.android.wifi.apex package_name: com.android.wifi version: 300000000
07-24 16:46:58.909     0     0 D apexd   : Creating mount point: /apex/com.android.cellbroadcast@300000000
07-24 16:46:58.910     0     0 I init    : Verified that /data/mediadrm has the encryption policy ee2ae4fc7ca44b69c269db9fc3fb2093 v2 modes 1/4 flags 0x2
07-24 16:46:58.924     0     0 I init    : Verified that /data/anr has the encryption policy ee2ae4fc7ca44b69c269db9fc3fb2093 v2 modes 1/4 flags 0x2
07-24 16:46:58.934     0     0 I init    : Verified that /data/nfc has the encryption policy ee2ae4fc7ca44b69c269db9fc3fb2093 v2 modes 1/4 flags 0x2
07-24 16:46:58.937   163   166 D vold    : Disk at 7:72 changed
07-24 16:46:58.939     0     0 D apexd   : Loopback device created: /dev/block/loop9
07-24 16:46:58.939     0     0 D apexd   : AVB footer verification successful.
07-24 16:46:58.941     0     0 D apexd   : /system/apex/com.android.cellbroadcast.apex: public key matches.
07-24 16:46:58.943     0     0 I init    : Verified that /data/backup has the encryption policy ee2ae4fc7ca44b69c269db9fc3fb2093 v2 modes 1/4 flags 0x2
07-24 16:46:58.953     0     0 I init    : Verified that /data/ss has the encryption policy ee2ae4fc7ca44b69c269db9fc3fb2093 v2 modes 1/4 flags 0x2
07-24 16:46:58.958     0     0 E init    : Failed to set encryption policy of /data/system to ee2ae4fc7ca44b69c269db9fc3fb2093 v2 modes 1/4 flags 0x2: Directory not empty
07-24 16:46:58.961   163   166 D vold    : Disk at 7:72 changed
07-24 16:46:58.965     0     0 I EXT4-fs (loop9): mounted filesystem without journal. Opts: (null)
07-24 16:46:58.969     0     0 I apexd   : Successfully mounted package /system/apex/com.android.cellbroadcast.apex on /apex/com.android.cellbroadcast@300000000
07-24 16:46:58.974     0     0 E logwrapper: executing ls failed: Permission denied
07-24 16:46:58.978     0     0 E logwrapper:  
07-24 16:46:58.978     0     0 I ls      : executing ls failed: Permission denied
07-24 16:46:58.979     0     0 D apexd   : Creating bind-mount for /apex/com.android.cellbroadcast for /apex/com.android.cellbroadcast@300000000
07-24 16:46:58.982     0     0 D apexd   : Creating mountpoint /apex/com.android.cellbroadcast
07-24 16:46:58.982     0     0 D apexd   : Bind-mounting /apex/com.android.cellbroadcast@300000000 to /apex/com.android.cellbroadcast
07-24 16:46:58.982     0     0 D apexd   : Successfully activated /system/apex/com.android.cellbroadcast.apex package_name: com.android.cellbroadcast version: 300000000
07-24 16:46:58.982     0     0 D apexd   : Creating mount point: /apex/com.android.neuralnetworks@300000000
07-24 16:46:58.990     0     0 I ls      : ls terminated by exit(255)
07-24 16:46:58.992   207   207 W init    : type=1400 audit(0.0:5): avc: denied { execute_no_trans } for path="/vendor/bin/toybox_vendor" dev="dm-3" ino=227 scontext=u:r:init:s0 tcontext=u:object_r:vendor_toolbox_exec:s0 tclass=file permissive=0 b/132695863
07-24 16:46:58.992     0     0 I ls      :  
07-24 16:46:58.993     0     0 E init    : ls -laZ /data/system returned failure: 255
07-24 16:46:58.997     0     0 E init    : Setting ee2ae4fc7ca44b69c269db9fc3fb2093 policy on /data/system failed!
07-24 16:46:59.001     0     0 E init    : Rebooting into recovery
07-24 16:46:59.003     0     0 I init    : Command 'mkdir /data/system 0775 system system encryption=Require' action=post-fs-data (/system/etc/init/hw/init.rc:703) took 45ms and failed: Failed to set bootloader message: failed to find /misc partition
07-24 16:46:59.010     0     0 I init    : Not setting encryption policy on: /data/system_de
07-24 16:46:59.014     0     0 D apexd   : Loopback device created: /dev/block/loop10
07-24 16:46:59.015     0     0 D apexd   : AVB footer verification successful.
07-24 16:46:59.015     0     0 I init    : Not setting encryption policy on: /data/system_ce
07-24 16:46:59.018   163   166 D vold    : Disk at 7:80 changed
07-24 16:46:59.020     0     0 D apexd   : /system/apex/com.android.neuralnetworks.apex: public key matches.
07-24 16:46:59.024     0     0 I init    : Not setting encryption policy on: /data/misc_de
07-24 16:46:59.027     0     0 I EXT4-fs (loop10): mounted filesystem without journal. Opts: (null)
07-24 16:46:59.031     0     0 I apexd   : Successfully mounted package /system/apex/com.android.neuralnetworks.apex on /apex/com.android.neuralnetworks@300000000
07-24 16:46:59.036   163   166 D vold    : Disk at 7:80 changed
07-24 16:46:59.038     0     0 I init    : Not setting encryption policy on: /data/misc_ce
07-24 16:46:59.040     0     0 D apexd   : Creating bind-mount for /apex/com.android.neuralnetworks for /apex/com.android.neuralnetworks@300000000
07-24 16:46:59.041     0     0 D apexd   : Creating mountpoint /apex/com.android.neuralnetworks
07-24 16:46:59.041     0     0 D apexd   : Bind-mounting /apex/com.android.neuralnetworks@300000000 to /apex/com.android.neuralnetworks
07-24 16:46:59.041     0     0 D apexd   : Successfully activated /system/apex/com.android.neuralnetworks.apex package_name: com.android.neuralnetworks version: 300000000
07-24 16:46:59.041     0     0 D apexd   : Creating mount point: /apex/com.android.resolv@300000000
07-24 16:46:59.043     0     0 I init    : Not setting encryption policy on: /data/user
07-24 16:46:59.049     0     0 I init    : Not setting encryption policy on: /data/user_de
07-24 16:46:59.060     0     0 I init    : Command 'rm /data/user/0' action=post-fs-data (/system/etc/init/hw/init.rc:718) took 2ms and failed: unlink() failed: Is a directory
07-24 16:46:59.064   163   166 D vold    : Disk at 7:88 changed
07-24 16:46:59.070     0     0 D apexd   : Loopback device created: /dev/block/loop11
07-24 16:46:59.072     0     0 D apexd   : AVB footer verification successful.
07-24 16:46:59.076     0     0 D apexd   : /system/apex/com.android.resolv.apex: public key matches.
07-24 16:46:59.083     0     0 I EXT4-fs (loop11): mounted filesystem without journal. Opts: (null)
07-24 16:46:59.086     0     0 I init    : Verified that /data/cache has the encryption policy ee2ae4fc7ca44b69c269db9fc3fb2093 v2 modes 1/4 flags 0x2
07-24 16:46:59.087     0     0 I apexd   : Successfully mounted package /system/apex/com.android.resolv.apex on /apex/com.android.resolv@300000000
07-24 16:46:59.091   163   166 D vold    : Disk at 7:88 changed
07-24 16:46:59.098     0     0 I init    : Verified that /data/rollback has the encryption policy ee2ae4fc7ca44b69c269db9fc3fb2093 v2 modes 1/4 flags 0x2
07-24 16:46:59.107     0     0 I init    : Verified that /data/rollback-observer has the encryption policy ee2ae4fc7ca44b69c269db9fc3fb2093 v2 modes 1/4 flags 0x2
07-24 16:46:59.107     0     0 D apexd   : Creating bind-mount for /apex/com.android.resolv for /apex/com.android.resolv@300000000
07-24 16:46:59.113     0     0 D apexd   : Creating mountpoint /apex/com.android.resolv
07-24 16:46:59.113     0     0 D apexd   : Bind-mounting /apex/com.android.resolv@300000000 to /apex/com.android.resolv
07-24 16:46:59.113     0     0 D apexd   : Successfully activated /system/apex/com.android.resolv.apex package_name: com.android.resolv version: 300000000
07-24 16:46:59.113     0     0 D apexd   : Creating mount point: /apex/com.android.media.swcodec@300000000
07-24 16:46:59.116     0     0 I init    : Verified that /data/incremental has the encryption policy ee2ae4fc7ca44b69c269db9fc3fb2093 v2 modes 1/4 flags 0x2
07-24 16:46:59.136   163   166 D vold    : Disk at 7:96 changed
07-24 16:46:59.153     0     0 D apexd   : Loopback device created: /dev/block/loop12
07-24 16:46:59.155     0     0 D apexd   : AVB footer verification successful.
07-24 16:46:59.158     0     0 D apexd   : /system/apex/com.android.media.swcodec.apex: public key matches.
07-24 16:46:59.162     0     0 I EXT4-fs (loop12): mounted filesystem without journal. Opts: (null)
07-24 16:46:59.165     0     0 I apexd   : Successfully mounted package /system/apex/com.android.media.swcodec.apex on /apex/com.android.media.swcodec@300000000
07-24 16:46:59.173     0     0 D apexd   : Creating bind-mount for /apex/com.android.media.swcodec for /apex/com.android.media.swcodec@300000000
07-24 16:46:59.173     0     0 D apexd   : Creating mountpoint /apex/com.android.media.swcodec
07-24 16:46:59.173     0     0 D apexd   : Bind-mounting /apex/com.android.media.swcodec@300000000 to /apex/com.android.media.swcodec
07-24 16:46:59.173     0     0 D apexd   : Successfully activated /system/apex/com.android.media.swcodec.apex package_name: com.android.media.swcodec version: 300000000
07-24 16:46:59.173     0     0 D apexd   : Creating mount point: /apex/com.android.conscrypt@300000000
07-24 16:46:59.176   163   166 D vold    : Disk at 7:96 changed
07-24 16:46:59.196   163   166 D vold    : Disk at 7:104 changed
07-24 16:46:59.201     0     0 D apexd   : Loopback device created: /dev/block/loop13
07-24 16:46:59.201     0     0 D apexd   : AVB footer verification successful.
07-24 16:46:59.203     0     0 D apexd   : /system/apex/com.android.conscrypt.apex: public key matches.
07-24 16:46:59.207     0     0 I EXT4-fs (loop13): mounted filesystem without journal. Opts: (null)
07-24 16:46:59.210     0     0 I apexd   : Successfully mounted package /system/apex/com.android.conscrypt.apex on /apex/com.android.conscrypt@300000000
07-24 16:46:59.222     0     0 D apexd   : Creating bind-mount for /apex/com.android.conscrypt for /apex/com.android.conscrypt@300000000
07-24 16:46:59.222     0     0 D apexd   : Creating mountpoint /apex/com.android.conscrypt
07-24 16:46:59.222     0     0 D apexd   : Bind-mounting /apex/com.android.conscrypt@300000000 to /apex/com.android.conscrypt
07-24 16:46:59.223     0     0 D apexd   : Successfully activated /system/apex/com.android.conscrypt.apex package_name: com.android.conscrypt version: 300000000
07-24 16:46:59.223     0     0 D apexd   : Creating mount point: /apex/com.android.adbd@300000000
07-24 16:46:59.223   163   166 D vold    : Disk at 7:104 changed
07-24 16:46:59.247   163   166 D vold    : Disk at 7:112 changed
07-24 16:46:59.266     0     0 D apexd   : Loopback device created: /dev/block/loop14
07-24 16:46:59.269     0     0 D apexd   : AVB footer verification successful.
07-24 16:46:59.274     0     0 D apexd   : /system/apex/com.android.adbd.apex: public key matches.
07-24 16:46:59.284     0     0 I EXT4-fs (loop14): mounted filesystem without journal. Opts: (null)
07-24 16:46:59.287   163   166 D vold    : Disk at 7:112 changed
07-24 16:46:59.289     0     0 I apexd   : Successfully mounted package /system/apex/com.android.adbd.apex on /apex/com.android.adbd@300000000
07-24 16:46:59.300     0     0 D apexd   : Creating bind-mount for /apex/com.android.adbd for /apex/com.android.adbd@300000000
07-24 16:46:59.300     0     0 D apexd   : Creating mountpoint /apex/com.android.adbd
07-24 16:46:59.301     0     0 D apexd   : Bind-mounting /apex/com.android.adbd@300000000 to /apex/com.android.adbd
07-24 16:46:59.301     0     0 D apexd   : Successfully activated /system/apex/com.android.adbd.apex package_name: com.android.adbd version: 300000000
07-24 16:46:59.301     0     0 D apexd   : Creating mount point: /apex/com.android.art@1
07-24 16:46:59.325   163   166 D vold    : Disk at 7:120 changed
07-24 16:46:59.330     0     0 D apexd   : Loopback device created: /dev/block/loop15
07-24 16:46:59.330     0     0 D apexd   : AVB footer verification successful.
07-24 16:46:59.333     0     0 D apexd   : /system/apex/com.android.art.debug.apex: public key matches.
07-24 16:46:59.341     0     0 I EXT4-fs (loop15): mounted filesystem without journal. Opts: (null)
07-24 16:46:59.346     0     0 I apexd   : Successfully mounted package /system/apex/com.android.art.debug.apex on /apex/com.android.art@1
07-24 16:46:59.350   163   166 D vold    : Disk at 7:120 changed
07-24 16:46:59.355     0     0 D apexd   : Creating bind-mount for /apex/com.android.art for /apex/com.android.art@1
07-24 16:46:59.356     0     0 D apexd   : Bind-mounting /apex/com.android.art@1 to /apex/com.android.art
07-24 16:46:59.356     0     0 D apexd   : Successfully activated /system/apex/com.android.art.debug.apex package_name: com.android.art version: 1
07-24 16:46:59.356     0     0 D apexd   : Creating mount point: /apex/com.android.permission@300000000
07-24 16:46:59.379     0     0 D apexd   : Loopback device created: /dev/block/loop16
07-24 16:46:59.379   163   166 D vold    : Disk at 7:128 changed
07-24 16:46:59.381     0     0 D apexd   : AVB footer verification successful.
07-24 16:46:59.386     0     0 D apexd   : /system/apex/com.android.permission.apex: public key matches.
07-24 16:46:59.393     0     0 I EXT4-fs (loop16): mounted filesystem without journal. Opts: (null)
07-24 16:46:59.397     0     0 I apexd   : Successfully mounted package /system/apex/com.android.permission.apex on /apex/com.android.permission@300000000
07-24 16:46:59.400   163   166 D vold    : Disk at 7:128 changed
07-24 16:46:59.413     0     0 D apexd   : Creating bind-mount for /apex/com.android.permission for /apex/com.android.permission@300000000
07-24 16:46:59.413     0     0 D apexd   : Creating mountpoint /apex/com.android.permission
07-24 16:46:59.413     0     0 D apexd   : Bind-mounting /apex/com.android.permission@300000000 to /apex/com.android.permission
07-24 16:46:59.413     0     0 D apexd   : Successfully activated /system/apex/com.android.permission.apex package_name: com.android.permission version: 300000000
07-24 16:46:59.413     0     0 D apexd   : Creating mount point: /apex/com.android.runtime@1
07-24 16:46:59.435     0     0 D apexd   : Loopback device created: /dev/block/loop17
07-24 16:46:59.435     0     0 D apexd   : AVB footer verification successful.
07-24 16:46:59.437   163   166 D vold    : Disk at 7:136 changed
07-24 16:46:59.437     0     0 D apexd   : /system/apex/com.android.runtime.apex: public key matches.
07-24 16:46:59.445     0     0 I EXT4-fs (loop17): mounted filesystem without journal. Opts: (null)
07-24 16:46:59.448     0     0 I apexd   : Successfully mounted package /system/apex/com.android.runtime.apex on /apex/com.android.runtime@1
07-24 16:46:59.455   163   166 D vold    : Disk at 7:136 changed
07-24 16:46:59.458     0     0 D apexd   : Creating bind-mount for /apex/com.android.runtime for /apex/com.android.runtime@1
07-24 16:46:59.458     0     0 D apexd   : Bind-mounting /apex/com.android.runtime@1 to /apex/com.android.runtime
07-24 16:46:59.458     0     0 D apexd   : Successfully activated /system/apex/com.android.runtime.apex package_name: com.android.runtime version: 1
07-24 16:46:59.458     0     0 D apexd   : Creating mount point: /apex/com.android.sdkext@300000000
07-24 16:46:59.484   163   166 D vold    : Disk at 7:144 changed
07-24 16:46:59.506     0     0 D apexd   : Loopback device created: /dev/block/loop18
07-24 16:46:59.507     0     0 D apexd   : AVB footer verification successful.
07-24 16:46:59.510     0     0 D apexd   : /system/apex/com.android.sdkext.apex: public key matches.
07-24 16:46:59.521     0     0 I EXT4-fs (loop18): mounted filesystem without journal. Opts: (null)
07-24 16:46:59.524     0     0 I apexd   : Successfully mounted package /system/apex/com.android.sdkext.apex on /apex/com.android.sdkext@300000000
07-24 16:46:59.528   163   166 D vold    : Disk at 7:144 changed
07-24 16:46:59.536     0     0 D apexd   : Creating bind-mount for /apex/com.android.sdkext for /apex/com.android.sdkext@300000000
07-24 16:46:59.536     0     0 D apexd   : Creating mountpoint /apex/com.android.sdkext
07-24 16:46:59.536     0     0 D apexd   : Bind-mounting /apex/com.android.sdkext@300000000 to /apex/com.android.sdkext
07-24 16:46:59.536     0     0 D apexd   : Successfully activated /system/apex/com.android.sdkext.apex package_name: com.android.sdkext version: 300000000
07-24 16:46:59.536     0     0 D apexd   : Creating mount point: /apex/com.android.tzdata@300000000
07-24 16:46:59.560   163   166 D vold    : Disk at 7:152 changed
07-24 16:46:59.562     0     0 D apexd   : Loopback device created: /dev/block/loop19
07-24 16:46:59.562     0     0 D apexd   : AVB footer verification successful.
07-24 16:46:59.565     0     0 D apexd   : /system/apex/com.android.tzdata.apex: public key matches.
07-24 16:46:59.572     0     0 I EXT4-fs (loop19): mounted filesystem without journal. Opts: (null)
07-24 16:46:59.576     0     0 I apexd   : Successfully mounted package /system/apex/com.android.tzdata.apex on /apex/com.android.tzdata@300000000
07-24 16:46:59.585     0     0 D apexd   : Creating bind-mount for /apex/com.android.tzdata for /apex/com.android.tzdata@300000000
07-24 16:46:59.585     0     0 D apexd   : Bind-mounting /apex/com.android.tzdata@300000000 to /apex/com.android.tzdata
07-24 16:46:59.586     0     0 D apexd   : Successfully activated /system/apex/com.android.tzdata.apex package_name: com.android.tzdata version: 300000000
