07-24 16:47:06.651     0     0 I init    : processing action (persist.sys.usb.config=* && boot) from (/system/etc/init/hw/init.usb.rc:105)
07-24 16:47:06.692     0     0 I init    : processing action (boot) from (/vendor/etc/init/hw/init.ranchu.rc:65)
07-24 16:47:06.700     0     0 E init    : Unable to set property 'ro.hardware.egl' from uid:0 gid:0 pid:126: Read-only property was already set
07-24 16:47:06.731     0     0 I init    : Command 'setprop debug.stagefright.ccodec ${ro.kernel.qemu.media.ccodec}' action=boot (/vendor/etc/init/hw/init.ranchu.rc:77) took 0ms and failed: property 'ro.kernel.qemu.media.ccodec' doesn't exist while expanding '${ro.kernel.qemu.media.ccodec}'
07-24 16:47:06.734   126   126 W libc    : Unable to set property "ro.hardware.egl" to "emulation": error code: 0xb
07-24 16:47:06.739   346   346 I FastMixerState: sMaxFastTracks = 8
07-24 16:47:06.749   261   261 I ServiceManager: Waiting for service 'statscompanion' on '/dev/binder'...
07-24 16:47:06.751     0     0 I init    : starting service 'goldfish-logcat'...
07-24 16:47:06.774     0     0 I init    : processing action (boot) from (/system/etc/init/dumpstate.rc:1)
07-24 16:47:06.786     0     0 I init    : processing action (boot) from (/system/etc/init/gsid.rc:20)
07-24 16:47:06.795     0     0 I init    : starting service 'exec 14 (/system/bin/gsid run-startup-tasks)'...
07-24 16:47:06.803   346   346 V MediaUtils: physMem: 2077306880
07-24 16:47:06.803   346   346 V MediaUtils: requested limit: 415461360
07-24 16:47:06.803   346   346 I libc    : malloc_limit: Allocation limit enabled, max size 415461360 bytes
07-24 16:47:06.811     0     0 I init    : processing action (enable_property_trigger) from (<Builtin Action>:0)
07-24 16:47:06.817     0     0 I init    : processing action (apexd.status=ready && ro.product.cpu.abilist32=*) from (/system/etc/init/hw/init.rc:89)
07-24 16:47:06.828   359   359 I audioserver: ServiceManager: 0xefd402b0
07-24 16:47:06.831   359   359 W BatteryNotifier: batterystats service unavailable!
07-24 16:47:06.852   261   261 W ServiceManager: Service statscompanion didn't start. Returning NULL
07-24 16:47:06.856     0     0 I init    : starting service 'boringssl_self_test_apex32'...
07-24 16:47:06.876   261   261 I statsd  : Statsd starts to listen to socket.
07-24 16:47:06.891     0     0 I init    : SVC_EXEC service 'boringssl_self_test_apex32' pid 365 (uid 0 gid 0+0 context default) started; waiting...
07-24 16:47:06.894     0     0 I init    : Command 'exec_start boringssl_self_test_apex32' action=apexd.status=ready && ro.product.cpu.abilist32=* (/system/etc/init/hw/init.rc:90) took 51ms and succeeded
07-24 16:47:06.894     0     0 D logd    : logdr: UID=1036 GID=1007 PID=358 b tail=0 logMask=99 pid=0 start=0ns timeout=0ns
07-24 16:47:07.076   360   360 I gsid    : no DSU: No such file or directory
07-24 16:47:07.058     0     0 I init    : Service 'exec 14 (/system/bin/gsid run-startup-tasks)' (pid 360) exited with status 0 oneshot service took 0.254000 seconds in background
07-24 16:47:07.069     0     0 I init    : Sending signal 9 to service 'exec 14 (/system/bin/gsid run-startup-tasks)' (pid 360) process group...
07-24 16:47:07.075     0     0 I libprocessgroup: Successfully killed process cgroup uid 0 pid 360 in 0ms
07-24 16:47:07.369   153   153 I hwservicemanager: getTransport: Cannot find entry android.hardware.configstore@1.0::ISurfaceFlingerConfigs/default in either framework or device manifest.
07-24 16:47:07.395     0     0 I init    : Service 'boringssl_self_test_apex32' (pid 365) exited with status 0 waiting took 0.519000 seconds
07-24 16:47:07.402     0     0 I init    : Sending signal 9 to service 'boringssl_self_test_apex32' (pid 365) process group...
07-24 16:47:07.411     0     0 I libprocessgroup: Successfully killed process cgroup uid 0 pid 365 in 0ms
07-24 16:47:07.441   353   353 I SurfaceFlinger: Using HWComposer service: 'default'
07-24 16:47:07.442   353   353 E SurfaceFlinger: ro.sf.lcd_density must be defined as a build property
07-24 16:47:07.468   353   353 I SurfaceFlinger: SurfaceFlinger is starting
07-24 16:47:07.469   153   153 I hwservicemanager: getTransport: Cannot find entry android.hardware.configstore@1.1::ISurfaceFlingerConfigs/default in either framework or device manifest.
07-24 16:47:07.469   353   353 I SurfaceFlinger: Disabling blur effects, they are not supported.
07-24 16:47:07.469   353   353 I SurfaceFlinger: Treble testing override: 'false'
07-24 16:47:07.427     0     0 I init    : processing action (sys.init.perf_lsm_hooks=1) from (/system/etc/init/hw/init.rc:1017)
07-24 16:47:07.448     0     0 I init    : processing action (security.perf_harden=1) from (/system/etc/init/hw/init.rc:1031)
07-24 16:47:07.457     0     0 I init    : processing action (ro.debuggable=1) from (/system/etc/init/hw/init.rc:1058)
07-24 16:47:07.505   353   353 I SurfaceFlinger: SurfaceFlinger's main thread ready to run. Initializing graphics H/W...
07-24 16:47:07.506   353   353 D RenderEngine: RenderEngine GLES Backend
07-24 16:47:07.473     0     0 I init    : processing action (sys.usb.config=adb && sys.usb.configfs=0) from (/system/etc/init/hw/init.usb.rc:37)
07-24 16:47:07.489     0     0 I init    : Command 'write /sys/class/android_usb/android0/enable 0' action=sys.usb.config=adb && sys.usb.configfs=0 (/system/etc/init/hw/init.usb.rc:38) took 7ms and failed: Unable to write to file '/sys/class/android_usb/android0/enable': open() failed: Permission denied
07-24 16:47:07.506     0     0 I init    : Command 'write /sys/class/android_usb/android0/idVendor 18d1' action=sys.usb.config=adb && sys.usb.configfs=0 (/system/etc/init/hw/init.usb.rc:39) took 1ms and failed: Unable to write to file '/sys/class/android_usb/android0/idVendor': open() failed: Permission denied
07-24 16:47:07.580     0     0 I init    : Command 'write /sys/class/android_usb/android0/idProduct 4EE7' action=sys.usb.config=adb && sys.usb.configfs=0 (/system/etc/init/hw/init.usb.rc:40) took 0ms and failed: Unable to write to file '/sys/class/android_usb/android0/idProduct': open() failed: Permission denied
07-24 16:47:07.624   353   353 D libEGL  : loaded /vendor/lib/egl/libEGL_emulation.so
07-24 16:47:07.598     0     0 I init    : Command 'write /sys/class/android_usb/android0/functions ${sys.usb.config}' action=sys.usb.config=adb && sys.usb.configfs=0 (/system/etc/init/hw/init.usb.rc:41) took 0ms and failed: Unable to write to file '/sys/class/android_usb/android0/functions': open() failed: Permission denied
07-24 16:47:07.618     0     0 I init    : Command 'write /sys/class/android_usb/android0/enable 1' action=sys.usb.config=adb && sys.usb.configfs=0 (/system/etc/init/hw/init.usb.rc:42) took 3ms and failed: Unable to write to file '/sys/class/android_usb/android0/enable': open() failed: Permission denied
07-24 16:47:07.635     0     0 I init    : starting service 'adbd'...
07-24 16:47:07.640     0     0 I init    : Created socket '/dev/socket/adbd', mode 660, user 1000, group 1000
07-24 16:47:07.657   353   353 D libEGL  : loaded /vendor/lib/egl/libGLESv1_CM_emulation.so
07-24 16:47:07.697   353   353 D libEGL  : loaded /vendor/lib/egl/libGLESv2_emulation.so
07-24 16:47:07.681     0     0 I init    : processing action (qemu.networknamespace=ready) from (/vendor/etc/init/hw/init.ranchu.rc:109)
07-24 16:47:07.727   359   359 I ServiceManager: Waiting for service 'media.metrics' on '/dev/binder'...
07-24 16:47:07.695     0     0 I init    : starting service 'ranchu-net'...
07-24 16:47:07.715     0     0 I init    : processing action (init.svc.audioserver=running) from (/system/etc/init/audioserver.rc:32)
07-24 16:47:07.721     0     0 I init    : Command 'start vendor.audio-hal-4-0-msd' action=init.svc.audioserver=running (/system/etc/init/audioserver.rc:34) took 0ms and failed: service vendor.audio-hal-4-0-msd not found
07-24 16:47:07.756   353   353 D HostConnection: HostConnection::get() New Host Connection established 0xf6b40710, tid 353
07-24 16:47:07.734     0     0 I init    : Command 'start vendor.audio-hal-2-0' action=init.svc.audioserver=running (/system/etc/init/audioserver.rc:36) took 0ms and failed: service vendor.audio-hal-2-0 not found
07-24 16:47:07.761     0     0 I init    : Command 'start audio-hal-2-0' action=init.svc.audioserver=running (/system/etc/init/audioserver.rc:37) took 0ms and failed: service audio-hal-2-0 not found
07-24 16:47:07.768     0     0 I init    : processing action (ro.persistent_properties.ready=true) from (/system/etc/init/bootstat.rc:67)
07-24 16:47:07.777     0     0 I init    : processing action (ro.persistent_properties.ready=true) from (/system/etc/init/bootstat.rc:71)
07-24 16:47:07.803     0     0 I init    : starting service 'exec 15 (/system/bin/bootstat --set_system_boot_reason)'...
07-24 16:47:07.832   359   359 I ServiceManager: Waiting for service 'media.metrics' on '/dev/binder'...
07-24 16:47:07.836     0     0 I init    : processing action (persist.heapprofd.enable= && traced.lazy.heapprofd=) from (/system/etc/init/heapprofd.rc:34)
07-24 16:47:07.914   353   353 D HostConnection: HostComposition ext ANDROID_EMU_CHECKSUM_HELPER_v1 ANDROID_EMU_native_sync_v2 ANDROID_EMU_native_sync_v3 ANDROID_EMU_native_sync_v4 ANDROID_EMU_dma_v1 ANDROID_EMU_direct_mem ANDROID_EMU_host_composition_v1 ANDROID_EMU_host_composition_v2 ANDROID_EMU_vulkan ANDROID_EMU_deferred_vulkan_commands ANDROID_EMU_vulkan_null_optional_strings ANDROID_EMU_vulkan_create_resources_with_requirements ANDROID_EMU_YUV_Cache ANDROID_EMU_vulkan_ignored_handles ANDROID_EMU_has_shared_slots_host_memory_allocator ANDROID_EMU_vulkan_free_memory_sync ANDROID_EMU_vulkan_shader_float16_int8 ANDROID_EMU_vulkan_async_queue_submit ANDROID_EMU_sync_buffer_data ANDROID_EMU_read_color_buffer_dma GL_OES_EGL_image_external_essl3 GL_OES_vertex_array_object GL_KHR_texture_compression_astc_ldr ANDROID_EMU_host_side_tracing ANDROID_EMU_gles_max_version_3_0 
07-24 16:47:07.866     0     0 I init    : processing action (ro.debuggable=1) from (/system/etc/init/llkd-debuggable.rc:1)
07-24 16:47:07.935   359   359 I ServiceManager: Waiting for service 'media.metrics' on '/dev/binder'...
07-24 16:47:07.940   353   353 I RenderEngine: EGL information:
07-24 16:47:07.940   353   353 I RenderEngine: vendor    : Android
07-24 16:47:07.940   353   353 I RenderEngine: version   : 1.4 Android META-EGL
07-24 16:47:07.940   353   353 I RenderEngine: extensions: EGL_KHR_get_all_proc_addresses EGL_ANDROID_presentation_time EGL_KHR_swap_buffers_with_damage EGL_ANDROID_get_native_client_buffer EGL_ANDROID_front_buffer_auto_refresh EGL_ANDROID_get_frame_timestamps EGL_EXT_surface_SMPTE2086_metadata EGL_EXT_surface_CTA861_3_metadata EGL_KHR_image EGL_KHR_image_base EGL_KHR_gl_texture_2D_image EGL_KHR_fence_sync EGL_KHR_create_context EGL_ANDROID_image_native_buffer EGL_KHR_wait_sync EGL_ANDROID_recordable 
07-24 16:47:07.940   353   353 I RenderEngine: Client API: OpenGL_ES
07-24 16:47:07.940   353   353 I RenderEngine: EGLSurface: 8-8-8-8, config=0x3
07-24 16:47:07.907     0     0 I init    : processing action (ro.debuggable=*) from (/system/etc/init/llkd.rc:2)
07-24 16:47:07.925     0     0 I init    : processing action (ro.enable.native.bridge.exec=1) from (/system/etc/init/ndk_translation.rc:5)
07-24 16:47:08.021   353   353 D EGL_emulation: eglCreateContext: 0xf6b414a0: maj 3 min 0 rcv 3
07-24 16:47:08.039   359   359 I ServiceManager: Waiting for service 'media.metrics' on '/dev/binder'...
07-24 16:47:08.100   353   353 D EGL_emulation: eglMakeCurrent: 0xf6b414a0: ver 3 0 (tinfo 0xf6d007f0) (first time)
07-24 16:47:08.043     0     0 I init    : processing action (debug.atrace.user_initiated= && persist.traced.enable=1) from (/system/etc/init/perfetto.rc:47)
07-24 16:47:08.098     0     0 I init    : starting service 'traced_probes'...
07-24 16:47:08.102     0     0 I init    : Opened file '/dev/kmsg', flags 1
07-24 16:47:08.133   353   353 I RenderEngine: OpenGL ES informations:
07-24 16:47:08.133   353   353 I RenderEngine: vendor    : Google (Intel)
07-24 16:47:08.133   353   353 I RenderEngine: renderer  : Android Emulator OpenGL ES Translator (Intel(R) UHD Graphics 620)
07-24 16:47:08.133   353   353 I RenderEngine: version   : OpenGL ES 3.0 (4.5.0 - Build 25.20.100.6446)
07-24 16:47:08.133   353   353 I RenderEngine: extensions: GL_EXT_debug_marker GL_EXT_robustness GL_OES_EGL_sync GL_OES_EGL_image GL_OES_EGL_image_external GL_OES_depth24 GL_OES_depth32 GL_OES_element_index_uint GL_OES_texture_float GL_OES_texture_float_linear GL_OES_compressed_paletted_texture GL_OES_compressed_ETC1_RGB8_texture GL_OES_depth_texture GL_OES_texture_half_float GL_OES_texture_half_float_linear GL_OES_packed_depth_stencil GL_OES_vertex_half_float GL_OES_texture_npot GL_OES_rgb8_rgba8 GL_EXT_color_buffer_float GL_EXT_color_buffer_half_float GL_EXT_shader_framebuffer_fetch GL_EXT_texture_format_BGRA8888 GL_APPLE_texture_format_BGRA8888 ANDROID_EMU_CHECKSUM_HELPER_v1 ANDROID_EMU_native_sync_v2 ANDROID_EMU_native_sync_v3 ANDROID_EMU_native_sync_v4 ANDROID_EMU_dma_v1 ANDROID_EMU_direct_mem ANDROID_EMU_host_composition_v1 ANDROID_EMU_host_composition_v2 ANDROID_EMU_vulkan ANDROID_EMU_deferred_vulkan_commands ANDROID_EMU_vulkan_null_optional_strings ANDROID_EMU_vulkan_create_resources_with_requirements ANDROID_EMU_YUV_Cache ANDROID_EMU_vulkan_igno
07-24 16:47:08.133   353   353 I RenderEngine: GL_MAX_TEXTURE_SIZE = 16384
07-24 16:47:08.133   353   353 I RenderEngine: GL_MAX_VIEWPORT_DIMS = 16384
07-24 16:47:08.136   153   153 I hwservicemanager: getTransport: Cannot find entry android.hardware.graphics.mapper@4.0::IMapper/default in either framework or device manifest.
07-24 16:47:08.137   284   321 I ComposerResources: failed to get mapper 4.0 service, falling back to mapper 3.0
07-24 16:47:08.138   284   321 D HostConnection: createUnique: call
07-24 16:47:08.140   284   321 D HostConnection: HostConnection::get() New Host Connection established 0xe9dc0080, tid 321
07-24 16:47:08.140   284   321 D goldfish-address-space: allocate: Ask for block of size 0x100
07-24 16:47:08.140   284   321 D goldfish-address-space: allocate: ioctl allocate returned offset 0x3fbffe000 size 0x2000
07-24 16:47:08.141   359   359 I ServiceManager: Waiting for service 'media.metrics' on '/dev/binder'...
07-24 16:47:08.113   377   377 I bootstat: Service started: /system/bin/bootstat --set_system_boot_reason 
07-24 16:47:08.145   353   353 E HWComposer: loadLayerMetadataSupport: getLayerGenericMetadataKeys failed: UNSUPPORTED (8)
07-24 16:47:08.146   353   353 I HWComposer: Switching to generalized multi-display mode
07-24 16:47:08.146   353   353 E HWComposer: isConnected failed for display 8141603649153536: Invalid display
07-24 16:47:08.155   353   384 W SurfaceFlinger: Ignoring VSYNC request while display is disconnected
07-24 16:47:08.156   353   384 W SurfaceFlinger: Ignoring VSYNC request while display is disconnected
07-24 16:47:08.156   353   385 W SurfaceFlinger: Ignoring VSYNC request while display is disconnected
07-24 16:47:08.157   353   353 E HWComposer: getDisplayConnectionType: getDisplayConnectionType failed for display 8141603649153536: Unsupported (8)
07-24 16:47:08.157   353   384 W SurfaceFlinger: Ignoring VSYNC request while display is disconnected
07-24 16:47:08.157   353   384 W SurfaceFlinger: Ignoring VSYNC request while display is disconnected
07-24 16:47:08.176   377   377 I bootstat: Canonical boot reason: reboot
07-24 16:47:08.177   353   353 I FramebufferSurface: framebuffer size has been limited to [1600x2560] from [1600x2560]
07-24 16:47:08.179   353   353 W HwcComposer: getPerFrameMetadataKeys failed with 8
07-24 16:47:08.186   377   377 I bootstat: Canonical boot reason: reboot
07-24 16:47:08.243   359   359 I ServiceManager: Waiting for service 'media.metrics' on '/dev/binder'...
07-24 16:47:08.248   377   377 E bootstat: Failed to read /metadata/bootstat/persist.sys.boot.reason: No such file or directory
07-24 16:47:08.248   377   377 I bootstat: Value of persist.sys.boot.reason : 
07-24 16:47:08.248   377   377 I bootstat: Normalized last reboot reason : reboot
07-24 16:47:08.282     0     0 I init    : Command 'start traced_probes' action=debug.atrace.user_initiated= && persist.traced.enable=1 (/system/etc/init/perfetto.rc:48) took 184ms and succeeded
07-24 16:47:08.283     0     0 D ieee80211 phy0: Selected rate control algorithm 'minstrel_ht'
07-24 16:47:08.309     0     0 I init    : Service 'exec 15 (/system/bin/bootstat --set_system_boot_reason)' (pid 377) exited with status 0 oneshot service took 0.474000 seconds in background
07-24 16:47:08.302   377   377 E bootstat: Failed to unlink /metadata/bootstat/persist.sys.boot.reason: No such file or directory
07-24 16:47:08.355   359   359 I ServiceManager: Waiting for service 'media.metrics' on '/dev/binder'...
07-24 16:47:08.399     0     0 D ieee80211 phy1: Selected rate control algorithm 'minstrel_ht'
07-24 16:47:08.432   388   388 I perfetto: probes.cc:77            Starting /system/bin/traced_probes service
07-24 16:47:08.456   359   359 I ServiceManager: Waiting for service 'media.metrics' on '/dev/binder'...
07-24 16:47:08.459   370   392 I adbd    : Waiting for persist.adb.tls_server.enable=1
07-24 16:47:08.461   370   370 I adbd    : Setup mdns on port= 5555
07-24 16:47:08.461   370   370 I adbd    : adbd listening on tcp:5555
07-24 16:47:08.461   370   370 I adbd    : adbd listening on vsock:5555
07-24 16:47:08.446     0     0 I init    : Sending signal 9 to service 'exec 15 (/system/bin/bootstat --set_system_boot_reason)' (pid 377) process group...
07-24 16:47:08.463   388   388 I perfetto: probes_producer.cc:117  Disconnected from tracing service
07-24 16:47:08.485     0     0 I libprocessgroup: Successfully killed process cgroup uid 1000 pid 377 in 2ms
07-24 16:47:08.494     0     0 I init    : starting service 'mdnsd'...
07-24 16:47:08.501     0     0 I init    : Created socket '/dev/socket/mdnsd', mode 660, user 1020, group 3003
07-24 16:47:08.558   359   359 I ServiceManager: Waiting for service 'media.metrics' on '/dev/binder'...
07-24 16:47:08.575     0     0 I init    : Control message: Processed ctl.start for 'mdnsd' from pid: 370 (/apex/com.android.adbd/bin/adbd --root_seclabel=u:r:su:s0)
07-24 16:47:08.585     0     0 I init    : processing action (persist.traced.enable=1) from (/system/etc/init/perfetto.rc:50)
07-24 16:47:08.595     0     0 I         : ip (391) used greatest stack depth: 11520 bytes left
07-24 16:47:08.661   359   359 I ServiceManager: Waiting for service 'media.metrics' on '/dev/binder'...
07-24 16:47:08.668   388   388 I perfetto: probes_producer.cc:117  Disconnected from tracing service
07-24 16:47:08.614     0     0 I init    : starting service 'traced'...
07-24 16:47:08.657     0     0 I init    : Created socket '/dev/socket/traced_consumer', mode 666, user 0, group 0
07-24 16:47:08.657     0     0 I init    : Created socket '/dev/socket/traced_producer', mode 666, user 0, group 0
07-24 16:47:08.736     0     0 I         : ip (399) used greatest stack depth: 11160 bytes left
07-24 16:47:08.736     0     0 I init    : Command 'start traced' action=persist.traced.enable=1 (/system/etc/init/perfetto.rc:59) took 137ms and succeeded
07-24 16:47:08.786   359   359 I ServiceManager: Waiting for service 'media.metrics' on '/dev/binder'...
07-24 16:47:08.788     0     0 I init    : processing action (persist.traced_perf.enable= && sys.init.perf_lsm_hooks=1 && traced.lazy.traced_perf=) from (/system/etc/init/traced_perf.rc:43)
07-24 16:47:08.859     0     0 I init    : processing action (nonencrypted) from (/system/etc/init/hw/init.rc:953)
07-24 16:47:08.886     0     0 I init    : starting service 'cameraserver'...
07-24 16:47:08.887   359   359 I chatty  : uid=1041(audioserver) /system/bin/audioserver identical 1 line
07-24 16:47:08.988   359   359 I ServiceManager: Waiting for service 'media.metrics' on '/dev/binder'...
07-24 16:47:09.113   388   388 I perfetto: probes_producer.cc:117  Disconnected from tracing service
07-24 16:47:09.116   359   359 I ServiceManager: Waiting for service 'media.metrics' on '/dev/binder'...
07-24 16:47:09.137   400   400 W perfetto: service.cc:97           Started traced, listening on /dev/socket/traced_producer /dev/socket/traced_consumer
07-24 16:47:09.102     0     0 W libprocessgroup: Failed to open /dev/cpuset/camera-daemon/tasks: No such file or directory: No such file or directory
07-24 16:47:09.131     0     0 I init    : starting service 'drm'...
07-24 16:47:09.132     0     0 W libprocessgroup: Failed to apply CameraServiceCapacity task profile: No such file or directory
07-24 16:47:09.193   353   385 W SurfaceFlinger: Faking VSYNC due to driver stall for thread sf
07-24 16:47:09.194   353   385 W SurfaceFlinger: VsyncSource debug info:
07-24 16:47:09.194   353   385 W SurfaceFlinger: DispSyncSource: sf(enabled)
07-24 16:47:09.194   353   385 W SurfaceFlinger: present fences are used
07-24 16:47:09.194   353   385 W SurfaceFlinger: mPeriod: 4141104240 ns (0.241 fps)
07-24 16:47:09.194   353   385 W SurfaceFlinger: mPhase: 0 ns
07-24 16:47:09.195   353   385 W SurfaceFlinger: mError: 0 ns (sqrt=0.0)
07-24 16:47:09.195   353   385 W SurfaceFlinger: mNumResyncSamplesSincePresent: 0 (limit 4)
07-24 16:47:09.195   353   385 W SurfaceFlinger: mNumResyncSamples: 0 (max 32)
07-24 16:47:09.195   353   385 W SurfaceFlinger: mResyncSamples:
07-24 16:47:09.195   353   385 W SurfaceFlinger: mPresentFences [8]:
07-24 16:47:09.195   353   385 W SurfaceFlinger:   [invalid fence]
07-24 16:47:09.196   353   385 I chatty  : uid=1000(system) sf identical 6 lines
07-24 16:47:09.196   353   385 W SurfaceFlinger:   [invalid fence]
07-24 16:47:09.196   353   385 W SurfaceFlinger: current monotonic time: 28160792500
07-24 16:47:09.219   359   359 I ServiceManager: Waiting for service 'media.metrics' on '/dev/binder'...
07-24 16:47:09.243   263   263 D zygote  : Time zone APEX ICU file found: /apex/com.android.tzdata/etc/icu/icu_tzdata.dat
07-24 16:47:09.309   263   263 D zygote  : I18n APEX ICU file found: /apex/com.android.i18n/etc/icu/icudt66l.dat
07-24 16:47:09.331   359   359 I ServiceManager: Waiting for service 'media.metrics' on '/dev/binder'...
07-24 16:47:09.233     0     0 I init    : starting service 'idmap2d'...
07-24 16:47:09.265     0     0 I init    : starting service 'incidentd'...
07-24 16:47:09.299     0     0 I init    : starting service 'installd'...
07-24 16:47:09.468     0     0 I init    : starting service 'iorapd'...
07-24 16:47:09.434   359   359 I chatty  : uid=1041(audioserver) /system/bin/audioserver identical 1 line
07-24 16:47:09.537   359   359 I ServiceManager: Waiting for service 'media.metrics' on '/dev/binder'...
07-24 16:47:09.608   370   394 I adbd    : adbd mDNS service _adb._tcp registered: 1
07-24 16:47:09.640   359   359 I ServiceManager: Waiting for service 'media.metrics' on '/dev/binder'...
07-24 16:47:09.607     0     0 I init    : starting service 'keystore'...
07-24 16:47:09.726     0     0 I init    : starting service 'mediaextractor'...
07-24 16:47:09.747   359   359 I chatty  : uid=1041(audioserver) /system/bin/audioserver identical 1 line
07-24 16:47:09.852   359   359 I ServiceManager: Waiting for service 'media.metrics' on '/dev/binder'...
07-24 16:47:09.920   388   388 I perfetto: probes_producer.cc:100  Connected to the service
07-24 16:47:09.866     0     0 I init    : starting service 'mediametrics'...
07-24 16:47:09.955   359   359 I ServiceManager: Waiting for service 'media.metrics' on '/dev/binder'...
07-24 16:47:10.030   263   263 I zygote  : Using memfd for future sealing
07-24 16:47:10.061   359   359 I ServiceManager: Waiting for service 'media.metrics' on '/dev/binder'...
07-24 16:47:10.050     0     0 I init    : starting service 'media'...
07-24 16:47:10.089   263   263 W zygote  : Unexpected CPU variant for X86 using defaults: x86
07-24 16:47:10.124   408   408 I installd: installd firing up
07-24 16:47:10.163   359   359 I ServiceManager: Waiting for service 'media.metrics' on '/dev/binder'...
07-24 16:47:10.144     0     0 I init    : starting service 'storaged'...
07-24 16:47:10.144     0     0 I init    : Could not open file '/d/mmc0/mmc0:0001/ext_csd': Failed to open file '/d/mmc0/mmc0:0001/ext_csd': No such file or directory
07-24 16:47:10.250   353   353 D RenderEngine: shader cache generated - 48 shaders in 2057.001465 ms
07-24 16:47:10.265   359   359 I ServiceManager: Waiting for service 'media.metrics' on '/dev/binder'...
07-24 16:47:10.267   353   353 I HidlServiceManagement: Registered android.frameworks.displayservice@1.0::IDisplayService/default (start delay of 4033ms)
07-24 16:47:10.275   353   353 D SurfaceFlinger: Setting power mode 2 on display 8141603649153536
07-24 16:47:10.280   353   353 D SurfaceFlinger: Finished setting power mode 2 on display 8141603649153536
07-24 16:47:10.368   359   359 I ServiceManager: Waiting for service 'media.metrics' on '/dev/binder'...
07-24 16:47:10.386     0     0 I init    : starting service 'wificond'...
07-24 16:47:10.502     0     0 I         : ip (412) used greatest stack depth: 10952 bytes left
07-24 16:47:10.552   409   409 I iorapd  : iorapd (the prefetchening) firing up
07-24 16:47:10.564     0     0 I init    : starting service 'vendor.media.omx'...
07-24 16:47:10.702     0     0 I init    : starting service 'vendor.ril-daemon'...
07-24 16:47:10.748   409   409 I iorapd  : Opened existing database at '/data/misc/iorapd/sqlite.db'
07-24 16:47:10.680   359   359 I chatty  : uid=1041(audioserver) /system/bin/audioserver identical 3 lines
07-24 16:47:10.782   359   359 I ServiceManager: Waiting for service 'media.metrics' on '/dev/binder'...
07-24 16:47:10.785   410   410 I keystore: found android.hardware.keymaster@4.0::IKeymasterDevice with interface name default and seclevel SOFTWARE
07-24 16:47:10.785   153   153 I hwservicemanager: getTransport: Cannot find entry android.hardware.keymaster@3.0::IKeymasterDevice/default in either framework or device manifest.
07-24 16:47:10.785   410   410 W keystore: No secure Keymaster implementation found, but device offers insecure Keymaster HAL. Using as default.
07-24 16:47:10.738     0     0 I IPv6    : ADDRCONF(NETDEV_CHANGE): radio0: link becomes ready
07-24 16:47:10.766     0     0 I IPv6    : ADDRCONF(NETDEV_CHANGE): radio0-peer: link becomes ready
07-24 16:47:10.788   417   417 V MediaUtils: physMem: 2077306880
07-24 16:47:10.789   417   417 V MediaUtils: requested limit: 134217728
07-24 16:47:10.789   417   417 I libc    : malloc_limit: Allocation limit enabled, max size 134217728 bytes
07-24 16:47:10.792   417   417 D AudioPowerUsage: AudioPowerUsage
07-24 16:47:10.792   417   417 D AudioAnalytics: AudioAnalytics
07-24 16:47:10.792   417   417 D MediaMetricsService: MediaMetricsService
07-24 16:47:10.884   359   359 I AudioFlinger: Using default 3000 mSec as standby time.
07-24 16:47:10.864     0     0 E init    : Could not start service 'vendor_flash_recovery' as part of class 'main': Cannot find '/vendor/bin/install-recovery.sh': No such file or directory
07-24 16:47:10.924   417   433 I ServiceManager: Waiting for service 'package_native' on '/dev/binder'...
07-24 16:47:10.902     0     0 I init    : starting service 'media.swcodec'...
07-24 16:47:10.945   409   409 W iorapd  : Reconnect to package manager service: 1 times
07-24 16:47:10.946   409   409 I ServiceManager: Waiting for service 'package_native' on '/dev/binder'...
07-24 16:47:10.930     0     0 I init    : Command 'class_start main' action=nonencrypted (/system/etc/init/hw/init.rc:954) took 2051ms and succeeded
07-24 16:47:10.968     0     0 I init    : starting service 'bootanim'...
07-24 16:47:11.027   417   433 I ServiceManager: Waiting for service 'package_native' on '/dev/binder'...
07-24 16:47:11.047   409   409 I ServiceManager: Waiting for service 'package_native' on '/dev/binder'...
07-24 16:47:11.061   359   359 E APM::Serializer: deserialize: Could not parse /odm/etc/audio_policy_configuration.xml document.
07-24 16:47:11.048     0     0 I init    : Control message: Processed ctl.start for 'bootanim' from pid: 353 (/system/bin/surfaceflinger)
07-24 16:47:11.062     0     0 I init    : starting service 'gatekeeperd'...
07-24 16:47:11.098     0     0 I init    : starting service 'usbd'...
07-24 16:47:11.131   417   433 I ServiceManager: Waiting for service 'package_native' on '/dev/binder'...
07-24 16:47:11.133   263   419 W zygote  : Verification of void com.android.org.conscrypt.AbstractSessionContext$1.<init>(com.android.org.conscrypt.AbstractSessionContext) took 110.460ms (54.32 bytecodes/s) (840B approximate peak alloc)
07-24 16:47:11.148   409   409 I ServiceManager: Waiting for service 'package_native' on '/dev/binder'...
07-24 16:47:11.151     0     0 I init    : starting service 'vendor.face-hal-1-0-default'...
07-24 16:47:11.227   359   359 D APM_EngineLoader: Loaded engine from libaudiopolicyenginedefault.so
07-24 16:47:11.227   359   359 E APM::AudioPolicyEngine/Config: parse: Could not parse document /vendor/etc/audio_policy_engine_configuration.xml
07-24 16:47:11.228   359   359 E libxml2 : I/O warning : failed to load external entity "/vendor/etc/audio_policy_engine_configuration.xml"
07-24 16:47:11.228   359   359 W APM::AudioPolicyEngine/Base: loadAudioPolicyEngineConfig: No configuration found, using default matching phone experience.
07-24 16:47:11.228   359   359 E APM::AudioPolicyEngine/Config: parseLegacyVolumeFile: Could not parse document /odm/etc/audio_policy_configuration.xml
07-24 16:47:11.228   359   359 E libxml2 : I/O warning : failed to load external entity "/odm/etc/audio_policy_configuration.xml"
07-24 16:47:11.234   417   433 I ServiceManager: Waiting for service 'package_native' on '/dev/binder'...
07-24 16:47:11.250   409   409 I ServiceManager: Waiting for service 'package_native' on '/dev/binder'...
07-24 16:47:11.258     0     0 I init    : starting service 'vendor.fps_hal'...
07-24 16:47:11.285   429   429 I wificond: wificond is starting up...
07-24 16:47:11.338   417   433 I ServiceManager: Waiting for service 'package_native' on '/dev/binder'...
07-24 16:47:11.356   409   409 I ServiceManager: Waiting for service 'package_native' on '/dev/binder'...
07-24 16:47:11.401   263   419 W zygote  : Verification of java.util.Enumeration com.android.org.conscrypt.AbstractSessionContext.getIds() took 265.349ms (154.51 bytecodes/s) (1616B approximate peak alloc)
07-24 16:47:11.452   417   433 I ServiceManager: Waiting for service 'package_native' on '/dev/binder'...
07-24 16:47:11.458   409   409 I ServiceManager: Waiting for service 'package_native' on '/dev/binder'...
07-24 16:47:11.469   429   429 I HidlServiceManagement: Registered android.system.wifi.keystore@1.0::IKeystore/default (start delay of 944ms)
07-24 16:47:11.469   359   359 W APM::AudioPolicyEngine/Base: loadAudioPolicyEngineConfig: No configuration of AUDIO_STREAM_CALL_ASSISTANT found, using default volume configuration
07-24 16:47:11.520   359   359 I AudioFlinger: loadHwModule() Loaded primary audio interface, handle 10
07-24 16:47:11.520   359   359 I AudioFlinger: openOutput() this 0xecfc0340, module 10 Device type:0x2,@:, SamplingRate 44100, Format 0x000001, Channels 0x3, flags 0x2
07-24 16:47:11.556   417   433 I ServiceManager: Waiting for service 'package_native' on '/dev/binder'...
07-24 16:47:11.561   415   415 V MediaUtils: physMem: 2077306880
07-24 16:47:11.561   415   415 V MediaUtils: requested limit: 415461360
07-24 16:47:11.566   409   409 I ServiceManager: Waiting for service 'package_native' on '/dev/binder'...
07-24 16:47:11.328     0     0 I init    : Command 'class_start late_start' action=nonencrypted (/system/etc/init/hw/init.rc:955) took 266ms and succeeded
07-24 16:47:11.549     0     0 I init    : processing action (nonencrypted) from (/system/etc/init/hw/init.rc:953)
07-24 16:47:11.556     0     0 I init    : processing action (llk.enable=1) from (/system/etc/init/llkd.rc:9)
07-24 16:47:11.630   415   415 I libc    : malloc_limit: Allocation limit enabled, max size 415461360 bytes
07-24 16:47:11.660   417   433 I ServiceManager: Waiting for service 'package_native' on '/dev/binder'...
07-24 16:47:11.668   409   409 I ServiceManager: Waiting for service 'package_native' on '/dev/binder'...
07-24 16:47:11.679   442   442 I android.hardware.biometrics.face@1.0-service: BiometricsFace HAL is being started.
07-24 16:47:11.698   443   443 D android.hardware.biometrics.fingerprint@2.1-service: Opening fingerprint hal library...
07-24 16:47:11.716   153   153 I hwservicemanager: getTransport: Cannot find entry android.hardware.usb.gadget@1.0::IUsbGadget/default in either framework or device manifest.
07-24 16:47:11.717   415   415 W mediaextractor: Could not read additional policy file '/vendor/etc/seccomp_policy/mediaextractor.policy'
07-24 16:47:11.720   415   415 W mediaextractor: libminijail[415]: failed to get path of fd 4: No such file or directory
07-24 16:47:11.720   415   415 W mediaextractor: libminijail[415]: allowing syscall: socketcall
07-24 16:47:11.720   415   415 W mediaextractor: libminijail[415]: allowing syscall: writev
07-24 16:47:11.720   415   415 W mediaextractor: libminijail[415]: allowing syscall: fcntl64
07-24 16:47:11.720   415   415 W mediaextractor: libminijail[415]: allowing syscall: clock_gettime
07-24 16:47:11.662     0     0 I init    : processing action (khungtask.enable=1) from (/system/etc/init/llkd.rc:18)
07-24 16:47:11.725   440   440 I usbd    : Usb HAL not found
07-24 16:47:11.731   443   443 D FingerprintHal: ----------------> fingerprint_open ----------------->
07-24 16:47:11.731   443   443 D FingerprintHal: ----------------> set_notify_callback ----------------->
07-24 16:47:11.731   443   443 D FingerprintHal: fingerprint callback notification set
07-24 16:47:11.745   263   419 W zygote  : Verification of void com.android.org.conscrypt.CertificatePriorityComparator.<init>() took 339.174ms (11.79 bytecodes/s) (768B approximate peak alloc)
07-24 16:47:11.748   443   448 D FingerprintHal: ----------------> listenerFunction ----------------->
07-24 16:47:11.749   359   359 I AudioFlinger: HAL output buffer size 976 frames, normal sink buffer size 976 frames
07-24 16:47:11.714     0     0 I init    : processing action (llk.enable=0) from (/system/etc/init/llkd.rc:12)
07-24 16:47:11.743     0     0 I init    : Service 'usbd' (pid 440) exited with status 0 oneshot service took 0.619000 seconds in background
07-24 16:47:11.757   442   442 I HidlServiceManagement: Registered android.hardware.biometrics.face@1.0::IBiometricsFace/default (start delay of 552ms)
07-24 16:47:11.757   442   442 I HidlServiceManagement: Removing namespace from process name android.hardware.biometrics.face@1.0-service.example to face@1.0-service.example.
07-24 16:47:11.757   442   442 I android.hardware.biometrics.face@1.0-service: BiometricsFace HAL has started successfully.
07-24 16:47:11.760   370   449 I adbd    : host-11: read thread spawning
07-24 16:47:11.761   370   370 I adbd    : host-11: already offline
07-24 16:47:11.761   370   370 I adbd    : authentication not required
07-24 16:47:11.762   370   450 I adbd    : host-11: write thread spawning
07-24 16:47:11.765   417   433 I ServiceManager: Waiting for service 'package_native' on '/dev/binder'...
07-24 16:47:11.771   409   409 I ServiceManager: Waiting for service 'package_native' on '/dev/binder'...
07-24 16:47:11.760     0     0 I init    : Sending signal 9 to service 'usbd' (pid 440) process group...
07-24 16:47:11.789   443   443 I HidlServiceManagement: Registered android.hardware.biometrics.fingerprint@2.1::IBiometricsFingerprint/default (start delay of 455ms)
07-24 16:47:11.799   415   415 W mediaextractor: libminijail[415]: logging seccomp filter failures
07-24 16:47:11.814   443   443 I HidlServiceManagement: Removing namespace from process name android.hardware.biometrics.fingerprint@2.1-service to fingerprint@2.1-service.
07-24 16:47:11.806     0     0 I libprocessgroup: Successfully killed process cgroup uid 0 pid 440 in 0ms
07-24 16:47:11.863   359   359 I BufferProvider: found effect "Multichannel Downmix To Stereo" from The Android Open Source Project
07-24 16:47:11.864   268   294 E android.hardware.audio.service.ranchu: device/generic/goldfish/audio/stream_out.cpp:setEventCallback:457 failure: Result::NOT_SUPPORTED
07-24 16:47:11.864   359   359 E AudioFlinger: Failed to add event callback
07-24 16:47:11.864   268   294 E android.hardware.audio.service.ranchu: device/generic/goldfish/audio/primary_device.cpp:getParameters:234 failure: Result::NOT_SUPPORTED
07-24 16:47:11.868   417   433 I ServiceManager: Waiting for service 'package_native' on '/dev/binder'...
07-24 16:47:11.872   409   409 I ServiceManager: Waiting for service 'package_native' on '/dev/binder'...
07-24 16:47:11.874   359   359 V APM_AudioPolicyManager: checkAndSetVolume cannot set volume group 4 volume with force use = 0 for comm
07-24 16:47:11.876   359   451 I AudioFlinger: AudioFlinger's thread 0xef75c030 tid=451 ready to run
07-24 16:47:11.877   359   451 W AudioFlinger: no wake lock to update, system not ready yet
07-24 16:47:11.877   359   451 D AudioFlinger: ro.audio.silent is ignored since no output device is set
07-24 16:47:11.881   268   268 E android.hardware.audio.service.ranchu: device/generic/goldfish/audio/stream_out.cpp:getPresentationPosition:487 failure: Result::NOT_SUPPORTED
07-24 16:47:11.883   359   451 W AudioFlinger: no wake lock to update, system not ready yet
07-24 16:47:11.883   359   451 D AudioFlinger: ro.audio.silent is ignored since no output device is set
07-24 16:47:11.841     0     0 I init    : starting service 'netmgr'...
07-24 16:47:11.905   359   359 W AudioFlinger: moveEffects() bad srcOutput 0
07-24 16:47:11.926   359   359 V APM_AudioPolicyManager: selectOutputForMusicEffects selected output 13
07-24 16:47:11.927   359   359 V APM_AudioPolicyManager: setOutputDevices device {type:0x2,@:} delayMs 0
07-24 16:47:11.927   359   359 V APM_AudioPolicyManager: setOutputDevices() prevDevice {type:0x2,@:}
07-24 16:47:11.927   359   359 V APM_AudioPolicyManager: setOutputDevices changing device to {type:0x2,@:}
07-24 16:47:11.944   359   359 V APM_AudioPolicyManager: setOutputDevices() AF::createAudioPatch returned 0 patchHandle 12 num_sources 1 num_sinks 1
07-24 16:47:11.949   359   359 V APM_AudioPolicyManager: checkAndSetVolume cannot set volume group 4 volume with force use = 0 for comm
07-24 16:47:11.974   409   409 I ServiceManager: Waiting for service 'package_native' on '/dev/binder'...
07-24 16:47:11.975   417   433 I ServiceManager: Waiting for service 'package_native' on '/dev/binder'...
07-24 16:47:12.010   359   359 I AudioFlinger: openOutput() this 0xecfc0340, module 10 Device type:0x10000,@:, SamplingRate 44100, Format 0x000001, Channels 0x3, flags 0
07-24 16:47:12.060   359   359 I AudioFlinger: HAL output buffer size 976 frames, normal sink buffer size 976 frames
07-24 16:47:12.061   268   268 E android.hardware.audio.service.ranchu: device/generic/goldfish/audio/stream_out.cpp:setEventCallback:457 failure: Result::NOT_SUPPORTED
07-24 16:47:12.061   359   359 E AudioFlinger: Failed to add event callback
07-24 16:47:12.062   268   268 E android.hardware.audio.service.ranchu: device/generic/goldfish/audio/primary_device.cpp:getParameters:234 failure: Result::NOT_SUPPORTED
07-24 16:47:11.983     0     0 I init    : Control message: Processed ctl.start for 'netmgr' from pid: 447 (setprop ctl.start netmgr)
07-24 16:47:12.055     0     0 I init    : processing action (khungtask.enable=0) from (/system/etc/init/llkd.rc:21)
07-24 16:47:12.078   409   409 I ServiceManager: Waiting for service 'package_native' on '/dev/binder'...
07-24 16:47:12.085   417   433 I ServiceManager: Waiting for service 'package_native' on '/dev/binder'...
07-24 16:47:12.088   359   453 I AudioFlinger: AudioFlinger's thread 0xef2ad030 tid=453 ready to run
07-24 16:47:12.089   359   453 W AudioFlinger: no wake lock to update, system not ready yet
07-24 16:47:12.089   359   453 D AudioFlinger: ro.audio.silent is ignored since no output device is set
07-24 16:47:12.089   268   268 E android.hardware.audio.service.ranchu: device/generic/goldfish/audio/stream_out.cpp:getPresentationPosition:487 failure: Result::NOT_SUPPORTED
07-24 16:47:12.095   359   359 V APM_AudioPolicyManager: checkAndSetVolume cannot set volume group 4 volume with force use = 0 for comm
07-24 16:47:12.097   359   453 W AudioFlinger: no wake lock to update, system not ready yet
07-24 16:47:12.097   359   453 D AudioFlinger: ro.audio.silent is ignored since no output device is set
07-24 16:47:12.143   359   359 V APM_AudioPolicyManager: selectOutputForMusicEffects selected output 13
07-24 16:47:12.143   359   359 V APM_AudioPolicyManager: setOutputDevices device {type:0x10000,@:} delayMs 0
07-24 16:47:12.143   359   359 V APM_AudioPolicyManager: setOutputDevices() prevDevice {type:0x10000,@:}
07-24 16:47:12.144   359   359 V APM_AudioPolicyManager: setOutputDevices changing device to {type:0x10000,@:}
07-24 16:47:12.162   359   359 V APM_AudioPolicyManager: setOutputDevices() AF::createAudioPatch returned 0 patchHandle 20 num_sources 1 num_sinks 1
07-24 16:47:12.163   359   359 V APM_AudioPolicyManager: checkAndSetVolume cannot set volume group 4 volume with force use = 0 for comm
07-24 16:47:12.176   439   439 I gatekeeperd: Starting gatekeeperd...
07-24 16:47:12.180   409   409 I ServiceManager: Waiting for service 'package_native' on '/dev/binder'...
07-24 16:47:12.191   417   433 I ServiceManager: Waiting for service 'package_native' on '/dev/binder'...
07-24 16:47:12.155     0     0 I init    : processing action (init.svc.media=*) from (/system/etc/init/mediaserver.rc:1)
07-24 16:47:12.225     0     0 I init    : processing action (llk.enable=true) from (/system/etc/init/llkd.rc:34)
07-24 16:47:12.212   359   455 I AudioFlinger: AudioFlinger's thread 0xeed48030 tid=455 ready to run
07-24 16:47:12.254   263   419 W zygote  : Verification of boolean com.android.org.conscrypt.Conscrypt.isConscrypt(javax.net.ssl.SSLServerSocketFactory) took 255.853ms (11.73 bytecodes/s) (744B approximate peak alloc)
07-24 16:47:12.268   359   455 W AudioFlinger: no wake lock to update, system not ready yet
07-24 16:47:12.249     0     0 I init    : starting service 'llkd-1'...
07-24 16:47:12.264     0     0 I init    : Opened file '/dev/kmsg', flags 1
07-24 16:47:12.266     0     0 I init    : Opened file '/proc/sysrq-trigger', flags 1
07-24 16:47:12.293   409   409 I ServiceManager: Waiting for service 'package_native' on '/dev/binder'...
07-24 16:47:12.296   417   433 I ServiceManager: Waiting for service 'package_native' on '/dev/binder'...
07-24 16:47:12.298   359   455 W AudioFlinger: no wake lock to update, system not ready yet
07-24 16:47:12.371   359   458 I AudioFlinger: AudioFlinger's thread 0xeed48030 tid=458 ready to run
07-24 16:47:12.372   359   458 W AudioFlinger: no wake lock to update, system not ready yet
07-24 16:47:12.407   409   409 I ServiceManager: Waiting for service 'package_native' on '/dev/binder'...
07-24 16:47:12.408   417   433 I ServiceManager: Waiting for service 'package_native' on '/dev/binder'...
07-24 16:47:12.491   418   418 I mediaserver: ServiceManager: 0xf6a80810
07-24 16:47:12.493   418   418 D mediaserver: Time zone APEX ICU file found: /apex/com.android.tzdata/etc/icu/icu_tzdata.dat
07-24 16:47:12.493   418   418 D mediaserver: I18n APEX ICU file found: /apex/com.android.i18n/etc/icu/icudt66l.dat
07-24 16:47:12.389     0     0 I init    : Command 'start llkd-${ro.debuggable:-0}' action=llk.enable=true (/system/etc/init/llkd.rc:35) took 160ms and succeeded
07-24 16:47:12.455     0     0 I init    : starting service 'wifi_forwarder'...
07-24 16:47:12.516   417   433 I ServiceManager: Waiting for service 'package_native' on '/dev/binder'...
07-24 16:47:12.520   409   409 I ServiceManager: Waiting for service 'package_native' on '/dev/binder'...
07-24 16:47:12.525   359   458 W AudioFlinger: no wake lock to update, system not ready yet
07-24 16:47:12.554   418   418 W BatteryNotifier: batterystats service unavailable!
07-24 16:47:12.560   418   418 W BatteryNotifier: batterystats service unavailable!
07-24 16:47:12.576   430   430 I android.hardware.media.omx@1.0-service: mediacodecservice starting
07-24 16:47:12.514     0     0 I init    : Control message: Processed ctl.start for 'wifi_forwarder' from pid: 454 (setprop ctl.start wifi_forwarder)
07-24 16:47:12.545     0     0 I init    : processing action (khungtask.enable=true) from (/system/etc/init/llkd.rc:25)
07-24 16:47:12.578   359   462 I AudioFlinger: AudioFlinger's thread 0xeed48030 tid=462 ready to run
07-24 16:47:12.613   359   462 W AudioFlinger: no wake lock to update, system not ready yet
07-24 16:47:12.616   359   462 W AudioFlinger: no wake lock to update, system not ready yet
07-24 16:47:12.619   417   433 I ServiceManager: Waiting for service 'package_native' on '/dev/binder'...
07-24 16:47:12.599     0     0 I init    : processing action (khungtask.enable=false) from (/system/etc/init/llkd.rc:31)
07-24 16:47:12.600     0     0 I init    : processing action (init.svc.mediadrm=running) from (/vendor/etc/init/android.hardware.drm@1.3-service.widevine.rc:1)
07-24 16:47:12.654   409   409 I ServiceManager: Waiting for service 'package_native' on '/dev/binder'...
07-24 16:47:12.660   460   460 I livelock: started
07-24 16:47:12.661   460   460 W livelock: [khungtaskd] not configurable
07-24 16:47:12.689   263   263 W zygote  : JNI RegisterNativeMethods: attempt to register 0 native methods for android.media.AudioAttributes
07-24 16:47:12.698   430   430 W android.hardware.media.omx@1.0-service: Could not read additional policy file '/vendor/etc/seccomp_policy/mediacodec.policy'
07-24 16:47:12.707   430   430 W android.hardware.media.omx@1.0-service: libminijail[430]: failed to get path of fd 4: No such file or directory
07-24 16:47:12.708   430   430 W android.hardware.media.omx@1.0-service: libminijail[430]: allowing syscall: socketcall
07-24 16:47:12.708   430   430 W android.hardware.media.omx@1.0-service: libminijail[430]: allowing syscall: writev
07-24 16:47:12.708   430   430 W android.hardware.media.omx@1.0-service: libminijail[430]: allowing syscall: fcntl64
07-24 16:47:12.708   430   430 W android.hardware.media.omx@1.0-service: libminijail[430]: allowing syscall: clock_gettime
07-24 16:47:12.708   430   430 W android.hardware.media.omx@1.0-service: libminijail[430]: compile_file: <fd>(34): nonexistent syscall 'newfstatat'
07-24 16:47:12.725   417   433 I ServiceManager: Waiting for service 'package_native' on '/dev/binder'...
07-24 16:47:12.739   430   430 W android.hardware.media.omx@1.0-service: libminijail[430]: logging seccomp filter failures
07-24 16:47:12.757   409   409 I ServiceManager: Waiting for service 'package_native' on '/dev/binder'...
07-24 16:47:12.757   263   419 W zygote  : Verification of void com.android.org.conscrypt.ConscryptEngineSocket$2.checkServerTrusted(java.security.cert.X509Certificate[], java.lang.String, javax.net.ssl.SSLEngine) took 290.147ms (27.57 bytecodes/s) (1064B approximate peak alloc)
07-24 16:47:12.777   268   293 I r_submix: adev_open(name=audio_hw_if)
07-24 16:47:12.808   460   460 I livelock: ro.config.low_ram=false
07-24 16:47:12.808   460   460 I livelock: ro.llk.sysrq_t=true
07-24 16:47:12.808   460   460 I livelock: ro.llk.enable=true
07-24 16:47:12.808   460   460 I livelock: ro.khungtask.enable=true
07-24 16:47:12.808   460   460 I livelock: ro.llk.mlockall=true
07-24 16:47:12.808   460   460 I livelock: ro.llk.killtest=true
07-24 16:47:12.808   460   460 I livelock: ro.khungtask.timeout=720s
07-24 16:47:12.808   460   460 I livelock: ro.llk.timeout_ms=600.000s
07-24 16:47:12.808   460   460 I livelock: ro.llk.D.timeout_ms=600.000s
07-24 16:47:12.808   460   460 I livelock: ro.llk.Z.timeout_ms=600.000s
07-24 16:47:12.808   460   460 I livelock: ro.llk.stack.timeout_ms=600.000s
07-24 16:47:12.808   460   460 I livelock: ro.llk.check_ms=120.000s
07-24 16:47:12.808   460   460 I livelock: ro.llk.stack=wait_on_page_bit_killable,bit_wait_io,__get_user_pages,cma_alloc
07-24 16:47:12.808   460   460 I livelock: ro.llk.ignorelist.process.stack=apexd,ueventd,init,keystore,lmkd.llkd,llkd
07-24 16:47:12.808   460   460 I livelock: ro.llk.ignorelist.process=[watchdogd/0],[watchdog/1],watchdogd,[khungtaskd],lmkd,[watchdogd],[kthreadd],init,460,2,0,1,llkd
07-24 16:47:12.808   460   460 I livelock: ro.llk.ignorelist.parent=[kthreadd],2,0,adbd&[setsid]
07-24 16:47:12.808   460   460 I livelock: ro.llk.ignorelist.uid=
07-24 16:47:12.674     0     0 I init    : Command 'mkdir /data/vendor/mediadrm 0770 media mediadrm' action=init.svc.mediadrm=running (/vendor/etc/init/android.hardware.drm@1.3-service.widevine.rc:2) took 59ms and succeeded
07-24 16:47:12.802     0     0 I br0     : port 1(eth0) entered blocking state
07-24 16:47:12.841   417   433 I ServiceManager: Waiting for service 'package_native' on '/dev/binder'...
07-24 16:47:12.866   409   409 I ServiceManager: Waiting for service 'package_native' on '/dev/binder'...
07-24 16:47:12.867   430   430 D GoldfishOMXPlugin: called createOMXPlugin for Goldfish
07-24 16:47:12.868   430   430 D GoldfishOMXPlugin: useAndroidGoldfishComponentInstance 73 found prop ro.kernel.qemu.hwcodec.vpxdec val 2
07-24 16:47:12.868   430   430 D GoldfishOMXPlugin: found and use kComponents[i].name OMX.android.goldfish.vp8.decoder
07-24 16:47:12.868   430   430 D GoldfishOMXPlugin: useAndroidGoldfishComponentInstance 73 found prop ro.kernel.qemu.hwcodec.vpxdec val 2
07-24 16:47:12.868   430   430 D GoldfishOMXPlugin: found and use kComponents[i].name OMX.android.goldfish.vp9.decoder
