07-24 16:47:29.177   263   263 I Zygote  : Accepting command socket connections
07-24 16:47:29.219   514   514 W system_server: Unexpected CPU variant for X86 using defaults: x86
07-24 16:47:29.260   370   397 I adbd    : jdwp connection from 514
07-24 16:47:29.270   409   409 I ServiceManager: Waiting for service 'package_native' on '/dev/binder'...
07-24 16:47:30.076   409   409 I chatty  : uid=1071(iorapd) Binder:409_2 identical 7 lines
07-24 16:47:30.185   409   409 I ServiceManager: Waiting for service 'package_native' on '/dev/binder'...
07-24 16:47:30.263   514   514 W system_server: Verification of void com.android.server.SystemServer.<init>() took 141.036ms (411.24 bytecodes/s) (1232B approximate peak alloc)
07-24 16:47:30.293   409   409 I ServiceManager: Waiting for service 'package_native' on '/dev/binder'...
07-24 16:47:30.396   409   409 I chatty  : uid=1071(iorapd) Binder:409_2 identical 1 line
07-24 16:47:30.502   409   409 I ServiceManager: Waiting for service 'package_native' on '/dev/binder'...
07-24 16:47:30.504   514   514 W system_server: Verification of void com.android.server.SystemServer.lambda$startBootstrapServices$0() took 156.926ms (101.96 bytecodes/s) (880B approximate peak alloc)
07-24 16:47:30.607   409   409 I ServiceManager: Waiting for service 'package_native' on '/dev/binder'...
07-24 16:47:30.694   514   514 W system_server: Verification of void com.android.server.SystemServer.startBootstrapServices(com.android.server.utils.TimingsTraceAndSlog) took 128.318ms (5688.96 bytecodes/s) (8552B approximate peak alloc)
07-24 16:47:30.708   409   409 I ServiceManager: Waiting for service 'package_native' on '/dev/binder'...
07-24 16:47:30.897   514   514 I SystemServerTiming: InitBeforeStartServices
07-24 16:47:30.928   514   514 I SystemServer: Entered the Android system server!
07-24 16:47:31.142   409   409 I chatty  : uid=1071(iorapd) Binder:409_2 identical 4 lines
07-24 16:47:31.252   409   409 I ServiceManager: Waiting for service 'package_native' on '/dev/binder'...
07-24 16:47:31.441   514   524 I system_server: Background young concurrent copying GC freed 161(104KB) AllocSpace objects, 0(0B) LOS objects, 93% free, 1661KB/25MB, paused 3.368ms total 221.380ms
07-24 16:47:31.447   409   409 I ServiceManager: Waiting for service 'package_native' on '/dev/binder'...
07-24 16:47:33.040   409   409 I chatty  : uid=1071(iorapd) Binder:409_2 identical 14 lines
07-24 16:47:33.151   409   409 I ServiceManager: Waiting for service 'package_native' on '/dev/binder'...
07-24 16:47:33.195   514   514 E UsbAlsaJackDetectorJNI: Can't register UsbAlsaJackDetector native methods
07-24 16:47:33.254   409   409 I ServiceManager: Waiting for service 'package_native' on '/dev/binder'...
07-24 16:47:33.547   514   514 I SystemServerInitThreadPool: Creating instance with 2 threads
07-24 16:47:33.548   514   514 D SystemServerTiming: InitBeforeStartServices took to complete: 2651ms
07-24 16:47:33.553   514   514 I SystemServerTiming: StartServices
07-24 16:47:33.559   514   514 I SystemServerTiming: startBootstrapServices
07-24 16:47:33.559   514   514 I SystemServerTiming: StartWatchdog
07-24 16:47:33.802   514   514 D SystemServerTiming: StartWatchdog took to complete: 242ms
07-24 16:47:33.803   514   514 I SystemServer: Reading configuration...
07-24 16:47:33.803   514   514 I SystemServerTiming: ReadingSystemConfig
07-24 16:47:33.804   514   514 D SystemServerTiming: ReadingSystemConfig took to complete: 1ms
07-24 16:47:33.804   514   514 I SystemServerTiming: PlatformCompat
07-24 16:47:33.811   514   544 I SystemServerTimingAsync: InitThreadPoolExec:ReadingSystemConfig
07-24 16:47:33.811   514   544 D SystemServerInitThreadPool: Started executing ReadingSystemConfig
07-24 16:47:33.828   514   544 I SystemConfig: Reading permissions from /system/etc/sysconfig/framework-sysconfig.xml
07-24 16:47:33.840   514   544 I SystemConfig: Reading permissions from /system/etc/sysconfig/hiddenapi-package-whitelist.xml
07-24 16:47:33.847   514   544 I SystemConfig: Reading permissions from /system/etc/sysconfig/preinstalled-packages-platform.xml
07-24 16:47:33.866   514   544 I SystemConfig: Reading permissions from /system/etc/permissions/android.test.runner.xml
07-24 16:47:33.867   514   514 D CompatConfig: Found a config file: /system/etc/compatconfig/framework-platform-compat-config.xml
07-24 16:47:33.871   514   544 I SystemConfig: Reading permissions from /system/etc/permissions/com.android.location.provider.xml
07-24 16:47:33.878   514   544 I SystemConfig: Reading permissions from /system/etc/permissions/privapp-permissions-platform.xml
07-24 16:47:33.887   514   514 D CompatConfig: Adding: com.android.server.compat.config.Change@950aa18
07-24 16:47:33.904   514   544 I SystemConfig: Reading permissions from /system/etc/permissions/com.android.documentsui.xml
07-24 16:47:33.909   514   514 D CompatConfig: Adding: com.android.server.compat.config.Change@7ae0ad7
07-24 16:47:33.911   514   544 I SystemConfig: Reading permissions from /system/etc/permissions/com.android.media.remotedisplay.xml
07-24 16:47:33.914   514   514 D CompatConfig: Adding: com.android.server.compat.config.Change@5b24fc4
07-24 16:47:33.919   514   544 I SystemConfig: Reading permissions from /system/etc/permissions/com.android.timezone.updater.xml
07-24 16:47:33.935   514   514 D CompatConfig: Adding: com.android.server.compat.config.Change@2b5e2
07-24 16:47:33.937   514   544 I SystemConfig: Reading permissions from /system/etc/permissions/javax.obex.xml
07-24 16:47:33.937   514   514 D CompatConfig: Adding: com.android.server.compat.config.Change@366a430
07-24 16:47:33.944   514   544 I SystemConfig: Reading permissions from /system/etc/permissions/android.software.live_wallpaper.xml
07-24 16:47:33.945   514   514 D CompatConfig: Adding: com.android.server.compat.config.Change@e1a4e2e
07-24 16:47:33.949   514   544 I SystemConfig: Reading permissions from /system/etc/permissions/android.test.base.xml
07-24 16:47:33.951   514   514 D CompatConfig: Adding: com.android.server.compat.config.Change@4c9d35c
07-24 16:47:33.955   514   544 I SystemConfig: Reading permissions from /system/etc/permissions/com.android.future.usb.accessory.xml
07-24 16:47:33.959   514   544 I SystemConfig: Reading permissions from /system/etc/permissions/com.android.mediadrm.signer.xml
07-24 16:47:33.961   514   544 I SystemConfig: Reading permissions from /system/etc/permissions/android.test.mock.xml
07-24 16:47:33.963   514   544 I SystemConfig: Reading permissions from /system/etc/permissions/org.apache.http.legacy.xml
07-24 16:47:33.965   514   544 I SystemConfig: Reading permissions from /system/etc/permissions/com.android.nfc_extras.xml
07-24 16:47:33.972   514   544 I SystemConfig: Reading permissions from /system/etc/permissions/android.software.webview.xml
07-24 16:47:33.973   514   514 D CompatConfig: Adding: com.android.server.compat.config.Change@c3157c7
07-24 16:47:33.975   514   544 I SystemConfig: Reading permissions from /system/etc/permissions/platform.xml
07-24 16:47:33.976   514   514 D CompatConfig: Adding: com.android.server.compat.config.Change@cd4cd1d
07-24 16:47:33.979   514   514 D CompatConfig: Adding: com.android.server.compat.config.Change@e885b92
07-24 16:47:33.982   514   514 D CompatConfig: Adding: com.android.server.compat.config.Change@e1a963
07-24 16:47:33.985   514   514 D CompatConfig: Adding: com.android.server.compat.config.Change@7437960
07-24 16:47:33.989   514   514 D CompatConfig: Adding: com.android.server.compat.config.Change@6f61e19
07-24 16:47:33.992   514   544 I SystemConfig: Reading permissions from /vendor/etc/permissions/android.hardware.wifi.direct.xml
07-24 16:47:33.993   514   514 D CompatConfig: Adding: com.android.server.compat.config.Change@abb78bf
07-24 16:47:33.994   514   544 I SystemConfig: Reading permissions from /vendor/etc/permissions/android.hardware.vulkan.version.xml
07-24 16:47:33.997   514   544 I SystemConfig: Reading permissions from /vendor/etc/permissions/android.hardware.bluetooth_le.xml
07-24 16:47:34.001   514   514 D CompatConfig: Adding: com.android.server.compat.config.Change@f7fcaea
07-24 16:47:34.002   514   544 I SystemConfig: Reading permissions from /vendor/etc/permissions/android.hardware.camera.concurrent.xml
07-24 16:47:34.009   514   544 I SystemConfig: Reading permissions from /vendor/etc/permissions/android.software.vulkan.deqp.level.xml
07-24 16:47:34.011   514   544 I SystemConfig: Reading permissions from /vendor/etc/permissions/android.hardware.vulkan.compute.xml
07-24 16:47:34.013   514   544 I SystemConfig: Reading permissions from /vendor/etc/permissions/android.hardware.camera.raw.xml
07-24 16:47:34.015   514   514 D CompatConfig: Adding: com.android.server.compat.config.Change@b59c0b7
07-24 16:47:34.026   514   514 D CompatConfig: Adding: com.android.server.compat.config.Change@2790024
07-24 16:47:34.028   514   514 D CompatConfig: Adding: com.android.server.compat.config.Change@b68378d
07-24 16:47:34.029   514   514 D CompatConfig: Adding: com.android.server.compat.config.Change@5acd42
07-24 16:47:34.030   514   514 D CompatConfig: Adding: com.android.server.compat.config.Change@43fb153
07-24 16:47:34.031   514   514 D CompatConfig: Adding: com.android.server.compat.config.Change@57fa90
07-24 16:47:34.032   514   514 D CompatConfig: Adding: com.android.server.compat.config.Change@f2dbf89
07-24 16:47:34.034   514   514 D CompatConfig: Adding: com.android.server.compat.config.Change@3cc7b8e
07-24 16:47:34.035   514   514 D CompatConfig: Found a config file: /system/etc/compatconfig/documents-ui-compat-config.xml
07-24 16:47:34.041   514   544 I SystemConfig: Reading permissions from /vendor/etc/permissions/android.hardware.fingerprint.xml
07-24 16:47:34.044   514   514 D CompatConfig: Adding: com.android.server.compat.config.Change@198c29a
07-24 16:47:34.045   514   544 I SystemConfig: Reading permissions from /vendor/etc/permissions/android.hardware.camera.flash-autofocus.xml
07-24 16:47:34.047   514   544 I SystemConfig: Reading permissions from /vendor/etc/permissions/android.hardware.touchscreen.multitouch.jazzhand.xml
07-24 16:47:34.049   514   544 I SystemConfig: Reading permissions from /vendor/etc/permissions/android.hardware.camera.full.xml
07-24 16:47:34.053   514   544 I SystemConfig: Reading permissions from /vendor/etc/permissions/android.hardware.wifi.passpoint.xml
07-24 16:47:34.063   514   514 D CompatConfig: Found a config file: /system/etc/compatconfig/libcore-platform-compat-config.xml
07-24 16:47:34.069   514   514 D CompatConfig: Adding: com.android.server.compat.config.Change@6a645a7
07-24 16:47:34.072   514   514 D CompatConfig: Adding: com.android.server.compat.config.Change@5a31dfd
07-24 16:47:34.073   514   544 I SystemConfig: Reading permissions from /vendor/etc/permissions/android.hardware.camera.ar.xml
07-24 16:47:34.075   514   544 I SystemConfig: Reading permissions from /vendor/etc/permissions/android.hardware.bluetooth.xml
07-24 16:47:34.077   514   544 I SystemConfig: Reading permissions from /vendor/etc/permissions/android.hardware.wifi.xml
07-24 16:47:34.079   514   544 I SystemConfig: Reading permissions from /vendor/etc/permissions/android.hardware.camera.front.xml
07-24 16:47:34.081   514   544 I SystemConfig: Reading permissions from /vendor/etc/permissions/android.software.autofill.xml
07-24 16:47:34.083   514   544 I SystemConfig: Reading permissions from /vendor/etc/permissions/android.hardware.vulkan.level.xml
07-24 16:47:34.088   514   544 I SystemConfig: Reading permissions from /vendor/etc/permissions/handheld_core_hardware.xml
07-24 16:47:34.097   514   544 I SystemConfig: Reading permissions from /product/etc/sysconfig/google-hiddenapi-package-whitelist.xml
07-24 16:47:34.100   514   544 I SystemConfig: Reading permissions from /product/etc/sysconfig/preinstalled-packages-platform-handheld-product.xml
07-24 16:47:34.101   514   514 D CompatConfig: Adding: com.android.server.compat.config.Change@377064a
07-24 16:47:34.105   514   514 D CompatConfig: Adding: com.android.server.compat.config.Change@4d469bb
07-24 16:47:34.106   514   544 I SystemConfig: Reading permissions from /product/etc/sysconfig/google.xml
07-24 16:47:34.109   514   544 I SystemConfig: Adding association: com.google.android.as <- com.android.bluetooth
07-24 16:47:34.109   514   544 I SystemConfig: Adding association: com.google.android.as <- com.android.providers.contacts
07-24 16:47:34.109   514   544 I SystemConfig: Adding association: com.google.android.as <- com.android.providers.media
07-24 16:47:34.109   514   544 I SystemConfig: Adding association: com.google.android.as <- com.android.providers.telephony
07-24 16:47:34.109   514   544 I SystemConfig: Adding association: com.google.android.as <- com.android.systemui
07-24 16:47:34.109   514   544 I SystemConfig: Adding association: com.google.android.as <- com.google.android.providers.media.module
07-24 16:47:34.111   514   544 I SystemConfig: Reading permissions from /product/etc/sysconfig/preinstalled-packages-platform-aosp-product.xml
07-24 16:47:34.113   514   514 D CompatConfig: Found a config file: /system/etc/compatconfig/services-platform-compat-config.xml
07-24 16:47:34.114   514   544 I SystemConfig: Reading permissions from /product/etc/sysconfig/preinstalled-packages-platform-overlays.xml
07-24 16:47:34.121   514   544 I SystemConfig: Reading permissions from /product/etc/permissions/com.android.settings.intelligence.xml
07-24 16:47:34.124   514   544 I SystemConfig: Reading permissions from /product/etc/permissions/privapp-permissions-google-p.xml
07-24 16:47:34.130   514   514 D CompatConfig: Adding: com.android.server.compat.config.Change@1d214a2
07-24 16:47:34.132   514   514 D CompatConfig: Adding: com.android.server.compat.config.Change@85533
07-24 16:47:34.134   514   514 D CompatConfig: Adding: com.android.server.compat.config.Change@5f400f0
07-24 16:47:34.135   514   544 I SystemConfig: Reading permissions from /product/etc/permissions/privapp-permissions-goldfish.xml
07-24 16:47:34.137   514   514 D CompatConfig: Adding: com.android.server.compat.config.Change@560d8ee
07-24 16:47:34.138   514   544 I SystemConfig: Reading permissions from /product/etc/permissions/privapp-permissions-sdk-google.xml
07-24 16:47:34.141   514   514 D CompatConfig: Adding: com.android.server.compat.config.Change@db03c1c
07-24 16:47:34.142   514   544 I SystemConfig: Reading permissions from /product/etc/permissions/split-permissions-google.xml
07-24 16:47:34.144   514   544 I SystemConfig: Reading permissions from /product/etc/permissions/com.android.dialer.xml
07-24 16:47:34.146   514   514 D CompatConfig: Adding: com.android.server.compat.config.Change@a6f37ab
07-24 16:47:34.146   514   544 I SystemConfig: Reading permissions from /product/etc/permissions/android.software.verified_boot.xml
07-24 16:47:34.156   514   544 I SystemConfig: Reading permissions from /product/etc/permissions/com.android.contacts.xml
07-24 16:47:34.160   514   544 W SystemConfig: No directory /system_ext/etc/sysconfig, skipping
07-24 16:47:34.163   514   544 I SystemConfig: Reading permissions from /system_ext/etc/permissions/androidx.window.sidecar.xml
07-24 16:47:34.165   514   544 I SystemConfig: Reading permissions from /system_ext/etc/permissions/com.android.settings.xml
07-24 16:47:34.167   514   514 D CompatConfig: Adding: com.android.server.compat.config.Change@d5df2b4
07-24 16:47:34.170   514   544 I SystemConfig: Reading permissions from /system_ext/etc/permissions/com.android.systemui.xml
07-24 16:47:34.173   514   514 D CompatConfig: Adding: com.android.server.compat.config.Change@14cea52
07-24 16:47:34.175   514   544 I SystemConfig: Reading permissions from /system_ext/etc/permissions/com.android.carrierconfig.xml
07-24 16:47:34.182   514   544 I SystemConfig: Reading permissions from /system_ext/etc/permissions/com.android.emulator.radio.config.xml
07-24 16:47:34.189   514   544 I SystemConfig: Reading permissions from /system_ext/etc/permissions/com.google.android.sdksetup.xml
07-24 16:47:34.196   514   544 I SystemConfig: Reading permissions from /system_ext/etc/permissions/com.android.launcher3.xml
07-24 16:47:34.199   514   544 I SystemConfig: Reading permissions from /system_ext/etc/permissions/privapp-permissions-google-se.xml
07-24 16:47:34.206   514   514 D CompatConfig: Adding: com.android.server.compat.config.Change@e08e44c
07-24 16:47:34.209   514   514 D CompatConfig: Adding: com.android.server.compat.config.Change@e208c95
07-24 16:47:34.210   514   544 I SystemConfig: Reading permissions from /system_ext/etc/permissions/com.android.provision.xml
07-24 16:47:34.213   514   544 I SystemConfig: Reading permissions from /system_ext/etc/permissions/com.android.storagemanager.xml
07-24 16:47:34.216   514   544 I SystemConfig: Reading permissions from /system_ext/etc/permissions/com.android.emergency.xml
07-24 16:47:34.239   514   514 D CompatConfig: Adding: com.android.server.compat.config.Change@dca5d11
07-24 16:47:34.015   409   409 I chatty  : uid=1071(iorapd) Binder:409_2 identical 7 lines
07-24 16:47:34.130   409   409 I ServiceManager: Waiting for service 'package_native' on '/dev/binder'...
07-24 16:47:34.240   409   409 W ServiceManager: Service package_native didn't start. Returning NULL
07-24 16:47:34.241   409   409 E iorapd  : Cannot get package manager service!
07-24 16:47:34.241   514   544 I SystemConfig: Reading permissions from /apex/com.android.ipsec/etc/permissions/android.net.ipsec.ike.xml
07-24 16:47:34.258   514   544 D SystemConfig: readAllPermissions took to complete: 446ms
07-24 16:47:34.259   514   544 D SystemServerInitThreadPool: Finished executing ReadingSystemConfig
07-24 16:47:34.259   514   544 D SystemServerTimingAsync: InitThreadPoolExec:ReadingSystemConfig took to complete: 448ms
07-24 16:47:34.264   514   514 D CompatConfig: Adding: com.android.server.compat.config.Change@e9a7c77
07-24 16:47:34.268   514   514 D CompatConfig: Adding: com.android.server.compat.config.Change@4bd70e4
07-24 16:47:34.276   514   514 D CompatConfig: Found a config file: /system/system_ext/etc/compatconfig/settings-platform-compat-config.xml
07-24 16:47:34.278   514   514 D CompatConfig: Adding: com.android.server.compat.config.Change@3c08c02
07-24 16:47:34.362   514   514 I ApexManagerTiming: getActiveApexInfos_noCache
07-24 16:47:34.427   514   514 D ApexManagerTiming: getActiveApexInfos_noCache took to complete: 65ms
07-24 16:47:34.427   514   514 D CompatConfig: No directory /apex/com.android.neuralnetworks/etc/compatconfig, skipping
07-24 16:47:34.427   514   514 D CompatConfig: No directory /apex/com.android.media/etc/compatconfig, skipping
07-24 16:47:34.427   514   514 D CompatConfig: No directory /apex/com.android.i18n/etc/compatconfig, skipping
07-24 16:47:34.427   514   514 D CompatConfig: No directory /apex/com.android.art/etc/compatconfig, skipping
07-24 16:47:34.432   514   514 D CompatConfig: Found a config file: /apex/com.android.mediaprovider/etc/compatconfig/media-provider-platform-compat-config.xml
07-24 16:47:34.436   514   514 D CompatConfig: No directory /apex/com.android.tzdata/etc/compatconfig, skipping
07-24 16:47:34.437   514   514 D CompatConfig: No directory /apex/com.android.resolv/etc/compatconfig, skipping
07-24 16:47:34.437   514   514 D CompatConfig: No directory /apex/com.android.media.swcodec/etc/compatconfig, skipping
07-24 16:47:34.437   514   514 D CompatConfig: No directory /apex/com.android.tethering/etc/compatconfig, skipping
07-24 16:47:34.437   514   514 D CompatConfig: No directory /apex/com.android.wifi/etc/compatconfig, skipping
07-24 16:47:34.438   514   514 D CompatConfig: No directory /apex/com.android.os.statsd/etc/compatconfig, skipping
07-24 16:47:34.438   514   514 D CompatConfig: No directory /apex/com.android.conscrypt/etc/compatconfig, skipping
07-24 16:47:34.438   514   514 D CompatConfig: No directory /apex/com.android.ipsec/etc/compatconfig, skipping
07-24 16:47:34.438   514   514 D CompatConfig: No directory /apex/com.android.runtime/etc/compatconfig, skipping
07-24 16:47:34.439   514   514 D CompatConfig: No directory /apex/com.android.adbd/etc/compatconfig, skipping
07-24 16:47:34.439   514   514 D CompatConfig: No directory /apex/com.android.apex.cts.shim/etc/compatconfig, skipping
07-24 16:47:34.439   514   514 D CompatConfig: No directory /apex/com.android.sdkext/etc/compatconfig, skipping
07-24 16:47:34.444   514   514 D CompatConfig: No directory /apex/com.android.cellbroadcast/etc/compatconfig, skipping
07-24 16:47:34.444   514   514 D CompatConfig: No directory /apex/com.android.extservices/etc/compatconfig, skipping
07-24 16:47:34.444   514   514 D CompatConfig: No directory /apex/com.android.permission/etc/compatconfig, skipping
07-24 16:47:34.444   514   514 D CompatConfig: No directory /apex/com.android.vndk.v30/etc/compatconfig, skipping
07-24 16:47:34.450   514   514 D SystemServerTiming: PlatformCompat took to complete: 645ms
07-24 16:47:34.450   514   514 I SystemServerTiming: StartFileIntegrityService
07-24 16:47:34.450   514   514 I SystemServiceManager: Starting com.android.server.security.FileIntegrityService
07-24 16:47:34.539   514   514 W SystemServiceManager: Service com.android.server.security.FileIntegrityService took 57 ms in onStart
07-24 16:47:34.539   514   514 D SystemServerTiming: StartFileIntegrityService took to complete: 89ms
07-24 16:47:34.539   514   514 I SystemServerTiming: StartInstaller
07-24 16:47:34.539   514   514 I SystemServiceManager: Starting com.android.server.pm.Installer
07-24 16:47:34.542   408   420 D installd: Found quota mount /dev/block/dm-5 at /data
07-24 16:47:34.543   408   420 D installd: Found quota mount /dev/block/dm-5 at /data/user/0
07-24 16:47:34.547   514   514 D SystemServerTiming: StartInstaller took to complete: 8ms
07-24 16:47:34.548   514   514 I SystemServerTiming: DeviceIdentifiersPolicyService
07-24 16:47:34.548   514   514 I SystemServiceManager: Starting com.android.server.os.DeviceIdentifiersPolicyService
07-24 16:47:34.550   514   514 D SystemServerTiming: DeviceIdentifiersPolicyService took to complete: 2ms
07-24 16:47:34.550   514   514 I SystemServerTiming: UriGrantsManagerService
07-24 16:47:34.550   514   514 I SystemServiceManager: Starting com.android.server.uri.UriGrantsManagerService$Lifecycle
07-24 16:47:34.618   514   514 D SystemServerTiming: UriGrantsManagerService took to complete: 68ms
07-24 16:47:34.619   514   514 I SystemServerTiming: StartActivityManager
07-24 16:47:34.619   514   514 I SystemServiceManager: Starting com.android.server.wm.ActivityTaskManagerService$Lifecycle
07-24 16:47:34.897   514   514 I SystemServiceManager: Starting com.android.server.am.ActivityManagerService$Lifecycle
07-24 16:47:35.097   514   514 I ActivityManager: Memory class: 192
07-24 16:47:35.244   409   409 W iorapd  : Reconnect to package manager service: 5 times
07-24 16:47:35.247   409   409 I ServiceManager: Waiting for service 'package_native' on '/dev/binder'...
07-24 16:47:35.399   514   514 D BatteryStatsImpl: Reading daily items from /data/system/batterystats-daily.xml
07-24 16:47:35.349   409   409 I chatty  : uid=1071(iorapd) Binder:409_2 identical 1 line
07-24 16:47:35.452   409   409 I ServiceManager: Waiting for service 'package_native' on '/dev/binder'...
07-24 16:47:35.481   514   552 I BatteryStatsService: Using power.stats HAL
07-24 16:47:35.483   514   552 W BatteryStatsService: Rail information is not available
07-24 16:47:35.484   514   552 W BatteryStatsService: Rail energy data is not available
07-24 16:47:35.490   514   552 E BluetoothAdapter: Bluetooth binder is null
07-24 16:47:35.500   514   552 I KernelCpuUidFreqTimeReader: mPerClusterTimesAvailable=false
07-24 16:47:35.543   185   188 E android.system.suspend@1.0-service: Error opening kernel wakelock stats for: wakeup34: Permission denied
07-24 16:47:35.555   409   409 I ServiceManager: Waiting for service 'package_native' on '/dev/binder'...
07-24 16:47:35.566   185   188 E android.system.suspend@1.0-service: Error opening kernel wakelock stats for: wakeup35: Permission denied
07-24 16:47:35.577   514   552 W KernelMemoryBandwidthStats: No kernel memory bandwidth stats available
07-24 16:47:35.524   185   185 W Binder:185_2: type=1400 audit(0.0:6): avc: denied { read } for name="wakeup34" dev="sysfs" ino=18783 scontext=u:r:system_suspend:s0 tcontext=u:object_r:sysfs:s0 tclass=dir permissive=0
07-24 16:47:35.660   409   409 I ServiceManager: Waiting for service 'package_native' on '/dev/binder'...
07-24 16:47:35.564   185   185 W Binder:185_2: type=1400 audit(0.0:7): avc: denied { read } for name="wakeup35" dev="sysfs" ino=18846 scontext=u:r:system_suspend:s0 tcontext=u:object_r:sysfs:s0 tclass=dir permissive=0
07-24 16:47:35.668   153   153 I hwservicemanager: getTransport: Cannot find entry android.hardware.memtrack@1.0::IMemtrack/default in either framework or device manifest.
07-24 16:47:35.669   514   514 E memtrack: Couldn't load memtrack module
07-24 16:47:35.762   409   409 I ServiceManager: Waiting for service 'package_native' on '/dev/binder'...
07-24 16:47:36.320   514   514 I IntentFirewall: Read new rules (A:0 B:0 S:0)
07-24 16:47:36.281   409   409 I chatty  : uid=1071(iorapd) Binder:409_2 identical 5 lines
07-24 16:47:36.388   409   409 I ServiceManager: Waiting for service 'package_native' on '/dev/binder'...
07-24 16:47:36.450   370   449 I adbd    : host-11: read failed: I/O error
07-24 16:47:36.462   370   449 I adbd    : host-11: connection terminated: read failed
07-24 16:47:36.463   370   370 I adbd    : host-11: offline
07-24 16:47:36.463   370   370 I adbd    : destroying transport host-11
07-24 16:47:36.463   370   370 I adbd    : BlockingConnectionAdapter(host-11): stopping
07-24 16:47:36.464   370   370 I adbd    : BlockingConnectionAdapter(host-11): stopped
07-24 16:47:36.465   370   370 I adbd    : BlockingConnectionAdapter(host-11): destructing
07-24 16:47:36.465   370   370 I adbd    : BlockingConnectionAdapter(host-11): already stopped
07-24 16:47:36.506   409   409 I ServiceManager: Waiting for service 'package_native' on '/dev/binder'...
07-24 16:47:36.521   514   514 D AppOps  : AppOpsService published
07-24 16:47:36.545   514   514 W SystemServiceManager: Service com.android.server.am.ActivityManagerService$Lifecycle took 80 ms in onStart
07-24 16:47:36.545   514   514 D SystemServerTiming: StartActivityManager took to complete: 1926ms
07-24 16:47:36.545   514   514 I SystemServerTiming: StartDataLoaderManagerService
07-24 16:47:36.545   514   514 I SystemServiceManager: Starting com.android.server.pm.DataLoaderManagerService
07-24 16:47:36.548   514   514 D SystemServerTiming: StartDataLoaderManagerService took to complete: 3ms
07-24 16:47:36.548   514   514 I SystemServerTiming: StartIncrementalService
07-24 16:47:36.574   514   514 I incfs-mounts: [incfs] Loaded incremental-fs mount info: 0 instances, 0 mount points
07-24 16:47:36.580   514   514 D SystemServerTiming: StartIncrementalService took to complete: 32ms
07-24 16:47:36.581   514   514 I SystemServerTiming: StartPowerManager
07-24 16:47:36.582   514   514 I SystemServiceManager: Starting com.android.server.power.PowerManagerService
07-24 16:47:36.608   409   409 I ServiceManager: Waiting for service 'package_native' on '/dev/binder'...
07-24 16:47:36.691   152   152 I servicemanager: Found android.hardware.power.IPower/default in device VINTF manifest.
07-24 16:47:36.700   153   153 I hw-BpHwBinder: onLastStrongRef automatically unlinking death recipients
07-24 16:47:36.710   409   409 I ServiceManager: Waiting for service 'package_native' on '/dev/binder'...
07-24 16:47:36.710   338   338 I android.hardware.power-service.example: Power isModeSupported: 7
07-24 16:47:36.725   338   338 I android.hardware.power-service.example: Power isModeSupported: 0
07-24 16:47:36.738   514   514 D SystemServerTiming: StartPowerManager took to complete: 156ms
07-24 16:47:36.738   514   514 I SystemServerTiming: StartThermalManager
07-24 16:47:36.739   514   514 I SystemServiceManager: Starting com.android.server.power.ThermalManagerService
07-24 16:47:36.752   514   514 D SystemServerTiming: StartThermalManager took to complete: 13ms
07-24 16:47:36.755   514   514 I SystemServerTiming: InitPowerManagement
07-24 16:47:36.763   514   514 D SystemServerTiming: InitPowerManagement took to complete: 5ms
07-24 16:47:36.763   514   514 I SystemServerTiming: StartRecoverySystemService
07-24 16:47:36.763   514   514 I SystemServiceManager: Starting com.android.server.recoverysystem.RecoverySystemService$Lifecycle
07-24 16:47:36.819   409   409 I ServiceManager: Waiting for service 'package_native' on '/dev/binder'...
07-24 16:47:36.819   514   514 W SystemServiceManager: Service com.android.server.recoverysystem.RecoverySystemService$Lifecycle took 55 ms in onStart
07-24 16:47:36.821   514   514 D SystemServerTiming: StartRecoverySystemService took to complete: 57ms
07-24 16:47:36.857   514   514 I PackageWatchdog: Syncing state, reason: added new observer
07-24 16:47:36.857   514   514 I PackageWatchdog: Not pruning observers, elapsed time: 0ms
07-24 16:47:36.857   514   514 I PackageWatchdog: Cancelling state sync, nothing to sync
07-24 16:47:36.858   514   545 I PackageWatchdog: Saving observer state to file
07-24 16:47:36.870   514   514 I SystemServerTiming: StartLightsService
07-24 16:47:36.870   514   514 I SystemServiceManager: Starting com.android.server.lights.LightsService
07-24 16:47:36.922   409   409 I ServiceManager: Waiting for service 'package_native' on '/dev/binder'...
07-24 16:47:36.937   152   152 I servicemanager: Found android.hardware.light.ILights/default in device VINTF manifest.
07-24 16:47:36.983   335   335 I android.hardware.lights-service.example: Lights reporting supported lights
07-24 16:47:36.994   514   514 D SystemServerTiming: StartLightsService took to complete: 124ms
07-24 16:47:36.994   514   514 I SystemServerTiming: StartSidekickService
07-24 16:47:36.994   514   514 D SystemServerTiming: StartSidekickService took to complete: 0ms
07-24 16:47:36.994   514   514 I SystemServerTiming: StartDisplayManager
07-24 16:47:36.994   514   514 I SystemServiceManager: Starting com.android.server.display.DisplayManagerService
07-24 16:47:37.028   409   409 I ServiceManager: Waiting for service 'package_native' on '/dev/binder'...
07-24 16:47:37.111   514   514 D SystemServerTiming: StartDisplayManager took to complete: 116ms
07-24 16:47:37.111   514   514 I SystemServerTiming: WaitForDisplay
07-24 16:47:37.111   514   514 I SystemServiceManager: Starting phase 100
07-24 16:47:37.111   514   514 I SystemServerTiming: OnBootPhase_100
07-24 16:47:37.111   514   514 I SystemServerTiming: OnBootPhase_100_com.android.server.security.FileIntegrityService
07-24 16:47:37.112   514   514 D SystemServerTiming: OnBootPhase_100_com.android.server.security.FileIntegrityService took to complete: 0ms
07-24 16:47:37.112   514   514 I SystemServerTiming: OnBootPhase_100_com.android.server.pm.Installer
07-24 16:47:37.113   514   514 D SystemServerTiming: OnBootPhase_100_com.android.server.pm.Installer took to complete: 1ms
07-24 16:47:37.113   514   514 I SystemServerTiming: OnBootPhase_100_com.android.server.os.DeviceIdentifiersPolicyService
07-24 16:47:37.113   514   514 D SystemServerTiming: OnBootPhase_100_com.android.server.os.DeviceIdentifiersPolicyService took to complete: 0ms
07-24 16:47:37.113   514   514 I SystemServerTiming: OnBootPhase_100_com.android.server.uri.UriGrantsManagerService$Lifecycle
07-24 16:47:37.114   514   514 D SystemServerTiming: OnBootPhase_100_com.android.server.uri.UriGrantsManagerService$Lifecycle took to complete: 0ms
07-24 16:47:37.114   514   514 I SystemServerTiming: OnBootPhase_100_com.android.server.wm.ActivityTaskManagerService$Lifecycle
07-24 16:47:37.114   514   514 D SystemServerTiming: OnBootPhase_100_com.android.server.wm.ActivityTaskManagerService$Lifecycle took to complete: 0ms
07-24 16:47:37.114   514   514 I SystemServerTiming: OnBootPhase_100_com.android.server.am.ActivityManagerService$Lifecycle
07-24 16:47:37.114   514   514 D SystemServerTiming: OnBootPhase_100_com.android.server.am.ActivityManagerService$Lifecycle took to complete: 0ms
07-24 16:47:37.114   514   514 I SystemServerTiming: OnBootPhase_100_com.android.server.pm.DataLoaderManagerService
07-24 16:47:37.114   514   514 D SystemServerTiming: OnBootPhase_100_com.android.server.pm.DataLoaderManagerService took to complete: 0ms
07-24 16:47:37.114   514   514 I SystemServerTiming: OnBootPhase_100_com.android.server.power.PowerManagerService
07-24 16:47:37.115   514   514 D SystemServerTiming: OnBootPhase_100_com.android.server.power.PowerManagerService took to complete: 0ms
07-24 16:47:37.115   514   514 I SystemServerTiming: OnBootPhase_100_com.android.server.power.ThermalManagerService
07-24 16:47:37.116   514   514 D SystemServerTiming: OnBootPhase_100_com.android.server.power.ThermalManagerService took to complete: 0ms
07-24 16:47:37.116   514   514 I SystemServerTiming: OnBootPhase_100_com.android.server.recoverysystem.RecoverySystemService$Lifecycle
07-24 16:47:37.116   514   514 D SystemServerTiming: OnBootPhase_100_com.android.server.recoverysystem.RecoverySystemService$Lifecycle took to complete: 0ms
07-24 16:47:37.116   514   514 I SystemServerTiming: OnBootPhase_100_com.android.server.lights.LightsService
07-24 16:47:37.123   514   514 D SystemServerTiming: OnBootPhase_100_com.android.server.lights.LightsService took to complete: 0ms
07-24 16:47:37.124   514   514 I SystemServerTiming: OnBootPhase_100_com.android.server.display.DisplayManagerService
07-24 16:47:37.126   353   495 E HWComposer: getSupportedContentTypes: getSupportedContentTypes failed for display 8141603649153536: Unsupported (8)
07-24 16:47:37.130   409   409 I ServiceManager: Waiting for service 'package_native' on '/dev/binder'...
07-24 16:47:37.191   514   540 I DisplayManagerService: Display device added: DisplayDeviceInfo{"Built-in Screen": uniqueId="local:8141603649153536", 1600 x 2560, modeId 1, defaultModeId 1, supportedModes [{id=1, width=1600, height=2560, fps=60.000004}], colorMode 0, supportedColorModes [0], HdrCapabilities HdrCapabilities{mSupportedHdrTypes=[], mMaxLuminance=500.0, mMaxAverageLuminance=500.0, mMinLuminance=0.0}, allmSupported false, gameContentTypeSupported false, density 320, 320.0 x 320.0 dpi, appVsyncOff 1000000, presDeadline 16666666, touch INTERNAL, rotation 0, type INTERNAL, address {port=0, model=0x1cecbed168ea}, deviceProductInfo DeviceProductInfo{name=EMU_display_0, manufacturerPnpId=GGL, productId=1, modelYear=null, manufactureDate=ManufactureDate{week=27, year=2006}, relativeAddress=null}, state UNKNOWN, FLAG_DEFAULT_DISPLAY, FLAG_ROTATES_WITH_CONTENT, FLAG_SECURE, FLAG_SUPPORTS_PROTECTED_BUFFERS}
07-24 16:47:37.210   353   353 D SurfaceFlinger: Setting power mode 2 on display 8141603649153536
07-24 16:47:37.212   514   514 W SystemServiceManager: Service com.android.server.display.DisplayManagerService took 88 ms in onBootPhase
07-24 16:47:37.212   514   514 D SystemServerTiming: OnBootPhase_100_com.android.server.display.DisplayManagerService took to complete: 88ms
07-24 16:47:37.212   514   514 D SystemServerTiming: OnBootPhase_100 took to complete: 101ms
07-24 16:47:37.212   514   514 D SystemServerTiming: WaitForDisplay took to complete: 101ms
07-24 16:47:37.212   514   514 I SystemServerTiming: StartPackageManagerService
07-24 16:47:37.213   514   514 I Watchdog: Pausing HandlerChecker: main thread for reason: packagemanagermain. Pause count: 1
07-24 16:47:37.213   514   540 I DisplayManagerService: Display device changed state: "Built-in Screen", ON
07-24 16:47:37.232   409   409 I ServiceManager: Waiting for service 'package_native' on '/dev/binder'...
07-24 16:47:37.361   514   514 I PackageManagerTiming: create package manager
07-24 16:47:37.384   514   514 I PackageManagerTiming: createSubComponents
07-24 16:47:37.692   514   514 D PackageManagerTiming: createSubComponents took to complete: 308ms
07-24 16:47:37.692   514   514 I PackageManagerTiming: addSharedUsers
07-24 16:47:37.706   514   514 D PackageManagerTiming: addSharedUsers took to complete: 14ms
07-24 16:47:37.711   514   514 I PackageManagerTiming: get system config
07-24 16:47:37.713   514   514 D PackageManagerTiming: get system config took to complete: 2ms
07-24 16:47:37.765   514   514 D PackageManager: Directories scanned as system partitions: [/system:0, /vendor:524288, /odm:4194304, /oem:262144, /product:1048576, /system_ext:2097152, /apex/com.android.neuralnetworks:8388608, /apex/com.android.media:8388608, /apex/com.android.i18n:8388608, /apex/com.android.art:8388608, /apex/com.android.mediaprovider:8388608, /apex/com.android.tzdata:8388608, /apex/com.android.resolv:8388608, /apex/com.android.media.swcodec:8388608, /apex/com.android.tethering:8388608, /apex/com.android.wifi:8388608, /apex/com.android.os.statsd:8388608, /apex/com.android.conscrypt:8388608, /apex/com.android.ipsec:8388608, /apex/com.android.runtime:8388608, /apex/com.android.adbd:8388608, /apex/com.android.apex.cts.shim:8388608, /apex/com.android.sdkext:8388608, /apex/com.android.cellbroadcast:8388608, /apex/com.android.extservices:8388608, /apex/com.android.permission:8388608, /apex/com.android.vndk.v30:8388608]
07-24 16:47:37.768   514   514 D SELinuxMMAC: Using policy file /system/etc/selinux/plat_mac_permissions.xml
07-24 16:47:37.779   514   514 D SELinuxMMAC: Using policy file /vendor/etc/selinux/vendor_mac_permissions.xml
07-24 16:47:37.781   514   514 I PackageManagerTiming: loadFallbacks
07-24 16:47:37.649   409   409 I chatty  : uid=1071(iorapd) Binder:409_2 identical 4 lines
07-24 16:47:37.753   409   409 I ServiceManager: Waiting for service 'package_native' on '/dev/binder'...
07-24 16:47:37.785   514   514 D FallbackCategoryProvider: Found 1 fallback categories
07-24 16:47:37.788   514   514 D PackageManagerTiming: loadFallbacks took to complete: 6ms
07-24 16:47:37.788   514   514 I PackageManagerTiming: read user settings
07-24 16:47:37.860   409   409 I ServiceManager: Waiting for service 'package_native' on '/dev/binder'...
07-24 16:47:38.163   514   514 W PackageManager: Unknown element under <package>: uses-static-lib
07-24 16:47:38.064   409   409 I chatty  : uid=1071(iorapd) Binder:409_2 identical 2 lines
07-24 16:47:38.166   409   409 I ServiceManager: Waiting for service 'package_native' on '/dev/binder'...
07-24 16:47:38.238   152   152 I servicemanager: Notifying apexservice they have clients: 1
07-24 16:47:38.217     0     0 I AidlLazyServiceRegistrar: Process has 1 (of 1 available) client(s) in use after notification android.apex.IApexService has clients: 1
07-24 16:47:38.268   409   409 I ServiceManager: Waiting for service 'package_native' on '/dev/binder'...
07-24 16:47:38.747   514   514 W PackageSettings: Missing permission state for shared user: android.uid.log
07-24 16:47:38.760   514   514 D PackageManagerTiming: read user settings took to complete: 972ms
07-24 16:47:38.824   514   514 D PackageManager: Keeping known cache c25870878addc871c04e6910de8e60da60245796
07-24 16:47:38.820     0     0 E apexd   : Can't open /system_ext/apex for reading : No such file or directory
07-24 16:47:38.822     0     0 E apexd   : Can't open /product/apex for reading : No such file or directory
07-24 16:47:38.824     0     0 E apexd   : Can't open /vendor/apex for reading : No such file or directory
07-24 16:47:38.785   409   409 I chatty  : uid=1071(iorapd) Binder:409_2 identical 5 lines
07-24 16:47:38.888   409   409 I ServiceManager: Waiting for service 'package_native' on '/dev/binder'...
07-24 16:47:38.958   514   514 D PackageManager: No files in app dir /system_ext/overlay
07-24 16:47:38.964   514   514 I PackageBackwardCompatibility: Loaded android.content.pm.AndroidTestBaseUpdater
07-24 16:47:38.967   514   514 D CompatibilityChangeReporter: Compat change id reported: 143539591; UID -1; state: ENABLED
07-24 16:47:38.980   514   514 D CompatibilityChangeReporter: Compat change id reported: 135549675; UID 10000; state: ENABLED
07-24 16:47:38.983   514   514 D CompatibilityChangeReporter: Compat change id reported: 135549675; UID 10003; state: ENABLED
07-24 16:47:38.991   409   409 I ServiceManager: Waiting for service 'package_native' on '/dev/binder'...
07-24 16:47:38.991   514   514 D CompatibilityChangeReporter: Compat change id reported: 135549675; UID 10009; state: ENABLED
07-24 16:47:39.000   514   514 D CompatibilityChangeReporter: Compat change id reported: 135549675; UID 10001; state: ENABLED
07-24 16:47:39.012   514   514 D CompatibilityChangeReporter: Compat change id reported: 135549675; UID 10007; state: ENABLED
07-24 16:47:39.026   514   514 D CompatibilityChangeReporter: Compat change id reported: 135549675; UID 10004; state: ENABLED
07-24 16:47:39.029   514   514 D CompatibilityChangeReporter: Compat change id reported: 135549675; UID 10005; state: ENABLED
07-24 16:47:39.047   514   514 D CompatibilityChangeReporter: Compat change id reported: 135549675; UID 10008; state: ENABLED
07-24 16:47:39.057   514   514 D CompatibilityChangeReporter: Compat change id reported: 135549675; UID 10006; state: ENABLED
07-24 16:47:39.063   514   514 D CompatibilityChangeReporter: Compat change id reported: 135549675; UID 10012; state: ENABLED
07-24 16:47:39.064   514   514 D CompatibilityChangeReporter: Compat change id reported: 135549675; UID 10011; state: ENABLED
07-24 16:47:39.069   514   514 D CompatibilityChangeReporter: Compat change id reported: 135549675; UID 10013; state: ENABLED
07-24 16:47:39.079   514   514 D CompatibilityChangeReporter: Compat change id reported: 135549675; UID 10020; state: ENABLED
07-24 16:47:39.082   514   514 D CompatibilityChangeReporter: Compat change id reported: 135549675; UID 10015; state: ENABLED
07-24 16:47:39.086   514   514 D CompatibilityChangeReporter: Compat change id reported: 135549675; UID 10014; state: ENABLED
07-24 16:47:39.091   514   514 D CompatibilityChangeReporter: Compat change id reported: 135549675; UID 10017; state: ENABLED
07-24 16:47:39.099   514   514 D CompatibilityChangeReporter: Compat change id reported: 135549675; UID 10010; state: ENABLED
07-24 16:47:39.104   514   514 D CompatibilityChangeReporter: Compat change id reported: 135549675; UID 10016; state: ENABLED
07-24 16:47:39.112   514   514 D CompatibilityChangeReporter: Compat change id reported: 135549675; UID 10026; state: ENABLED
07-24 16:47:39.127   514   514 D CompatibilityChangeReporter: Compat change id reported: 135549675; UID 10021; state: ENABLED
07-24 16:47:39.130   514   514 D CompatibilityChangeReporter: Compat change id reported: 135549675; UID 10002; state: ENABLED
07-24 16:47:39.141   514   514 D CompatibilityChangeReporter: Compat change id reported: 135549675; UID 10019; state: ENABLED
07-24 16:47:39.145   514   514 D CompatibilityChangeReporter: Compat change id reported: 135549675; UID 10022; state: ENABLED
07-24 16:47:39.147   514   514 D CompatibilityChangeReporter: Compat change id reported: 135549675; UID 10018; state: ENABLED
07-24 16:47:39.156   514   514 D CompatibilityChangeReporter: Compat change id reported: 135549675; UID 10027; state: ENABLED
07-24 16:47:39.160   514   514 D CompatibilityChangeReporter: Compat change id reported: 135549675; UID 10023; state: ENABLED
07-24 16:47:39.162   514   514 D CompatibilityChangeReporter: Compat change id reported: 135549675; UID 10028; state: ENABLED
07-24 16:47:39.165   514   514 D CompatibilityChangeReporter: Compat change id reported: 135549675; UID 10024; state: ENABLED
07-24 16:47:39.172   514   514 D CompatibilityChangeReporter: Compat change id reported: 135549675; UID 10029; state: ENABLED
07-24 16:47:39.173   514   514 D CompatibilityChangeReporter: Compat change id reported: 135549675; UID 10025; state: ENABLED
07-24 16:47:39.177   514   514 D CompatibilityChangeReporter: Compat change id reported: 135549675; UID 10032; state: ENABLED
07-24 16:47:39.181   514   514 D CompatibilityChangeReporter: Compat change id reported: 135549675; UID 10033; state: ENABLED
07-24 16:47:39.192   514   514 D CompatibilityChangeReporter: Compat change id reported: 135549675; UID 10040; state: ENABLED
07-24 16:47:39.197   514   514 D CompatibilityChangeReporter: Compat change id reported: 135549675; UID 10030; state: ENABLED
07-24 16:47:39.203   514   514 D CompatibilityChangeReporter: Compat change id reported: 135549675; UID 10035; state: ENABLED
07-24 16:47:39.228   514   514 D CompatibilityChangeReporter: Compat change id reported: 135549675; UID 10034; state: ENABLED
07-24 16:47:39.231   514   514 D CompatibilityChangeReporter: Compat change id reported: 135549675; UID 10036; state: ENABLED
07-24 16:47:39.245   514   514 D CompatibilityChangeReporter: Compat change id reported: 135549675; UID 10039; state: ENABLED
07-24 16:47:39.248   514   514 D CompatibilityChangeReporter: Compat change id reported: 135549675; UID 10031; state: ENABLED
07-24 16:47:39.256   514   514 D CompatibilityChangeReporter: Compat change id reported: 135549675; UID 10041; state: ENABLED
07-24 16:47:39.260   514   514 D CompatibilityChangeReporter: Compat change id reported: 135549675; UID 10043; state: ENABLED
07-24 16:47:39.263   514   514 D CompatibilityChangeReporter: Compat change id reported: 135549675; UID 10037; state: ENABLED
07-24 16:47:39.265   514   514 D CompatibilityChangeReporter: Compat change id reported: 135549675; UID 10038; state: ENABLED
07-24 16:47:39.275   514   514 D CompatibilityChangeReporter: Compat change id reported: 135549675; UID 10045; state: ENABLED
07-24 16:47:39.282   514   514 D CompatibilityChangeReporter: Compat change id reported: 135549675; UID 10042; state: ENABLED
07-24 16:47:39.289   514   514 D CompatibilityChangeReporter: Compat change id reported: 135549675; UID 10044; state: ENABLED
07-24 16:47:39.300   514   514 D CompatibilityChangeReporter: Compat change id reported: 135549675; UID 10046; state: ENABLED
07-24 16:47:39.302   514   514 D CompatibilityChangeReporter: Compat change id reported: 135549675; UID 10047; state: ENABLED
07-24 16:47:39.095   409   409 I chatty  : uid=1071(iorapd) Binder:409_2 identical 1 line
07-24 16:47:39.196   409   409 I ServiceManager: Waiting for service 'package_native' on '/dev/binder'...
07-24 16:47:39.302   514   514 D PackageManager: No files in app dir /oem/overlay
07-24 16:47:39.303   514   514 D PackageManager: No files in app dir /odm/overlay
07-24 16:47:39.304   514   514 D PackageManager: No files in app dir /vendor/overlay
07-24 16:47:39.327   409   409 I ServiceManager: Waiting for service 'package_native' on '/dev/binder'...
07-24 16:47:39.356   514   514 W PackageManager: Failed to parse /system/framework/oat: Missing base APK in /system/framework/oat/x86
07-24 16:47:39.356   514   514 W PackageManager: Failed to parse /system/framework/x86: Missing base APK in /system/framework/x86
07-24 16:47:39.417   514   514 D CompatibilityChangeReporter: Compat change id reported: 135549675; UID 1000; state: ENABLED
07-24 16:47:39.531   514   514 D CompatibilityChangeReporter: Compat change id reported: 135549675; UID 10050; state: ENABLED
07-24 16:47:39.561   514   514 D CompatibilityChangeReporter: Compat change id reported: 135549675; UID 10049; state: ENABLED
07-24 16:47:39.641   514   514 D CompatibilityChangeReporter: Compat change id reported: 135549675; UID 10048; state: ENABLED
07-24 16:47:39.662   514   514 D CompatibilityChangeReporter: Compat change id reported: 135549675; UID 1073; state: ENABLED
07-24 16:47:39.673   514   514 D CompatibilityChangeReporter: Compat change id reported: 135549675; UID 10051; state: ENABLED
07-24 16:47:39.677   514   514 D CompatibilityChangeReporter: Compat change id reported: 135549675; UID 10052; state: ENABLED
07-24 16:47:39.714   514   514 D CompatibilityChangeReporter: Compat change id reported: 135549675; UID 10054; state: ENABLED
07-24 16:47:39.727   514   514 D CompatibilityChangeReporter: Compat change id reported: 135549675; UID 1001; state: ENABLED
07-24 16:47:39.779   514   514 D CompatibilityChangeReporter: Compat change id reported: 135549675; UID 2000; state: ENABLED
07-24 16:47:39.842   514   514 D CompatibilityChangeReporter: Compat change id reported: 135549675; UID 10053; state: ENABLED
07-24 16:47:39.853   514   514 D CompatibilityChangeReporter: Compat change id reported: 135549675; UID 10055; state: ENABLED
07-24 16:47:39.877   514   514 D CompatibilityChangeReporter: Compat change id reported: 135549675; UID 10056; state: ENABLED
07-24 16:47:39.915   514   514 D CompatibilityChangeReporter: Compat change id reported: 135549675; UID 10057; state: ENABLED
07-24 16:47:39.930   514   514 D CompatibilityChangeReporter: Compat change id reported: 135549675; UID 10061; state: ENABLED
07-24 16:47:39.775   409   409 I chatty  : uid=1071(iorapd) Binder:409_2 identical 4 lines
07-24 16:47:39.932   409   409 I ServiceManager: Waiting for service 'package_native' on '/dev/binder'...
07-24 16:47:39.972   370   567 I adbd    : host-15: read thread spawning
07-24 16:47:39.983   370   568 I adbd    : host-15: write thread spawning
07-24 16:47:39.996   370   370 I adbd    : host-15: already offline
07-24 16:47:39.997   370   370 I adbd    : authentication not required
07-24 16:47:40.009   514   514 D CompatibilityChangeReporter: Compat change id reported: 135549675; UID 10058; state: ENABLED
07-24 16:47:40.017   514   514 D CompatibilityChangeReporter: Compat change id reported: 135549675; UID 10059; state: ENABLED
07-24 16:47:40.025   514   514 D CompatibilityChangeReporter: Compat change id reported: 135549675; UID 10060; state: ENABLED
07-24 16:47:40.035   409   409 I ServiceManager: Waiting for service 'package_native' on '/dev/binder'...
