--------- beginning of main
07-24 15:48:25.105 16922 16922 I com.irriga: Late-enabling -Xcheck:jni
07-24 15:48:25.179 16922 16922 I com.irriga: Unquickening 23 vdex files!
07-24 15:48:25.203 16922 16922 D ActivityThread: setConscryptValidator
07-24 15:48:25.204 16922 16922 D ActivityThread: setConscryptValidator - put
--------- beginning of system
07-24 15:48:25.240 16922 16922 D ActivityThread: handleBindApplication()++ app=com.irriga
07-24 15:48:25.257 16922 16922 W ActivityThread: Package uses different ABI(s) than its instrumentation: package[com.irriga]: arm64-v8a, null instrumentation[com.irriga.test]: null, null
07-24 15:48:25.264 16922 16922 I com.irriga: The ClassLoaderContext is a special shared library.
07-24 15:48:25.272 16922 16922 I com.irriga: The ClassLoaderContext is a special shared library.
07-24 15:48:25.274 16922 16922 I com.irriga: The ClassLoaderContext is a special shared library.
07-24 15:48:25.276 16922 16922 I com.irriga: The ClassLoaderContext is a special shared library.
07-24 15:48:25.306 16922 16922 W com.irriga: ClassLoaderContext classpath size mismatch. expected=0, found=7 (PCL[]{PCL[/system/framework/org.apache.http.legacy.jar*876722329]} | PCL[/system/framework/android.test.runner.jar*594874720:/system/framework/android.test.mock.jar*2335268705:/system/framework/android.test.base.jar*2798937298:/data/app/~~AT7KNu5_UxwOcJiwOX2xBg==/com.irriga.test-8GtuPYNKK8dSoZwSS2JwGQ==/base.apk*3795946919:/data/app/~~AT7KNu5_UxwOcJiwOX2xBg==/com.irriga.test-8GtuPYNKK8dSoZwSS2JwGQ==/base.apk!classes2.dex*3568274686:/data/app/~~AT7KNu5_UxwOcJiwOX2xBg==/com.irriga.test-8GtuPYNKK8dSoZwSS2JwGQ==/base.apk!classes3.dex*665399754:/data/app/~~AT7KNu5_UxwOcJiwOX2xBg==/com.irriga.test-8GtuPYNKK8dSoZwSS2JwGQ==/base.apk!classes4.dex*3859065741]{PCL[/system/framework/org.apache.http.legacy.jar*876722329]})
07-24 15:48:25.312 16922 16922 W com.irriga: Found duplicate classes, falling back to extracting from APK : /data/app/~~F0vsVWoWqMzSoLCfHk4A7A==/com.irriga-eCtJoKplLXCstYixu0p4dw==/base.apk
07-24 15:48:25.312 16922 16922 W com.irriga: NOTE: This wastes RAM and hurts startup performance.
07-24 15:48:25.312 16922 16922 W com.irriga: Found duplicated class when checking oat files: 'Lorg/apache/commons/codec/BinaryDecoder;' in /system/framework/org.apache.http.legacy.jar and /data/app/~~F0vsVWoWqMzSoLCfHk4A7A==/com.irriga-eCtJoKplLXCstYixu0p4dw==/base.apk!classes6.dex
07-24 15:48:25.470 16922 16922 D ApplicationLoaders: Returning zygote-cached class loader: /system/framework/android.test.base.jar
07-24 15:48:25.470 16922 16922 D ApplicationLoaders: Returning zygote-cached class loader: /system/framework/android.test.base.jar
07-24 15:48:25.473 16922 16922 I com.irriga: The ClassLoaderContext is a special shared library.
07-24 15:48:25.477 16922 16922 D ApplicationLoaders: Returning zygote-cached class loader: /system/framework/android.test.base.jar
07-24 15:48:25.477 16922 16922 D ApplicationLoaders: Returning zygote-cached class loader: /system/framework/android.test.base.jar
07-24 15:48:25.480 16922 16922 I com.irriga: The ClassLoaderContext is a special shared library.
07-24 15:48:25.485 16922 16922 I com.irriga: The ClassLoaderContext is a special shared library.
07-24 15:48:25.488 16922 16922 I com.irriga: The ClassLoaderContext is a special shared library.
07-24 15:48:25.490 16922 16922 I com.irriga: The ClassLoaderContext is a special shared library.
07-24 15:48:25.520 16922 16922 W com.irriga: ClassLoaderContext classpath size mismatch. expected=0, found=7 (PCL[]{PCL[/system/framework/org.apache.http.legacy.jar*876722329]} | PCL[/system/framework/android.test.runner.jar*594874720:/system/framework/android.test.mock.jar*2335268705:/system/framework/android.test.base.jar*2798937298:/data/app/~~AT7KNu5_UxwOcJiwOX2xBg==/com.irriga.test-8GtuPYNKK8dSoZwSS2JwGQ==/base.apk*3795946919:/data/app/~~AT7KNu5_UxwOcJiwOX2xBg==/com.irriga.test-8GtuPYNKK8dSoZwSS2JwGQ==/base.apk!classes2.dex*3568274686:/data/app/~~AT7KNu5_UxwOcJiwOX2xBg==/com.irriga.test-8GtuPYNKK8dSoZwSS2JwGQ==/base.apk!classes3.dex*665399754:/data/app/~~AT7KNu5_UxwOcJiwOX2xBg==/com.irriga.test-8GtuPYNKK8dSoZwSS2JwGQ==/base.apk!classes4.dex*3859065741]{PCL[/system/framework/android.test.base.jar*2798937298]#PCL[/system/framework/android.test.mock.jar*2335268705]{PCL[/system/framework/android.test.base.jar*2798937298]}#PCL[/system/framework/android.test.runner.jar*594874720]{PCL[/system/framework/android.test.base.jar*2798937298]#PCL[/system/framework/android.test.mock.jar*2335268705]{PCL[/system/framework/android.test.base.jar*2798937298]}}};PCL[/system/framework/android.test.runner.jar*594874720:/system/framework/android.test.mock.jar*2335268705:/system/framework/android.test.base.jar*2798937298:/data/app/~~AT7KNu5_UxwOcJiwOX2xBg==/com.irriga.test-8GtuPYNKK8dSoZwSS2JwGQ==/base.apk*3795946919:/data/app/~~AT7KNu5_UxwOcJiwOX2xBg==/com.irriga.test-8GtuPYNKK8dSoZwSS2JwGQ==/base.apk!classes2.dex*3568274686:/data/app/~~AT7KNu5_UxwOcJiwOX2xBg==/com.irriga.test-8GtuPYNKK8dSoZwSS2JwGQ==/base.apk!classes3.dex*665399754:/data/app/~~AT7KNu5_UxwOcJiwOX2xBg==/com.irriga.test-8GtuPYNKK8dSoZwSS2JwGQ==/base.apk!classes4.dex*3859065741:/data/app/~~F0vsVWoWqMzSoLCfHk4A7A==/com.irriga-eCtJoKplLXCstYixu0p4dw==/base.apk*1454393630:/data/app/~~F0vsVWoWqMzSoLCfHk4A7A==/com.irriga-eCtJoKplLXCstYixu0p4dw==/base.apk!classes2.dex*2943755055:/data/app/~~F0vsVWoWqMzSoLCfHk4A7A==/com.irriga-eCtJoKplLXCstYixu0p4dw==/base.apk!classes3.dex*1793402395:/data/app/~~F0vsVWoWqMzSoLCfHk4A7A==/com.irriga-eCtJoKplLXCstYixu0p4dw==/base.apk!classes4.dex*1204133332:/data/app/~~F0vsVWoWqMzSoLCfHk4A7A==/com.irriga-eCtJoKplLXCstYixu0p4dw==/base.apk!classes5.dex*109625074:/data/app/~~F0vsVWoWqMzSoLCfHk4A7A==/com.irriga-eCtJoKplLXCstYixu0p4dw==/base.apk!classes6.dex*3179462735:/data/app/~~F0vsVWoWqMzSoLCfHk4A7A==/com.irriga-eCtJoKplLXCstYixu0p4dw==/base.apk!classes7.dex*2168840069]{PCL[/system/framework/org.apache.http.legacy.jar*876722329]})
07-24 15:48:25.521 16922 16922 W com.irriga: Found duplicate classes, falling back to extracting from APK : /data/app/~~F0vsVWoWqMzSoLCfHk4A7A==/com.irriga-eCtJoKplLXCstYixu0p4dw==/base.apk
07-24 15:48:25.521 16922 16922 W com.irriga: NOTE: This wastes RAM and hurts startup performance.
07-24 15:48:25.521 16922 16922 W com.irriga: Found duplicated class when checking oat files: 'Landroid/support/v4/app/INotificationSideChannel$Default;' in /data/app/~~F0vsVWoWqMzSoLCfHk4A7A==/com.irriga-eCtJoKplLXCstYixu0p4dw==/base.apk and /data/app/~~F0vsVWoWqMzSoLCfHk4A7A==/com.irriga-eCtJoKplLXCstYixu0p4dw==/base.apk
07-24 15:48:25.671 16922 16922 D LoadedApk: LoadedApk::makeApplication() appContext=android.app.ContextImpl@db7f6a9 appContext.mOpPackageName=com.irriga appContext.mBasePackageName=com.irriga appContext.mPackageInfo=android.app.LoadedApk@431b42e
07-24 15:48:25.671 16922 16922 D NetworkSecurityConfig: Using Network Security Config from resource network_security_config debugBuild: true
07-24 15:48:25.711 16922 16922 D NetworkSecurityConfig: Using Network Security Config from resource network_security_config debugBuild: true
07-24 15:48:25.780 16922 16922 D WM-WrkMgrInitializer: Initializing WorkManager with default configuration.
07-24 15:48:25.803 16922 16922 I TetheringManager: registerTetheringEventCallback:com.irriga
07-24 15:48:25.804 16922 16922 D ConnectivityManager: ConnectivityManager() mContext=com.irriga.MainApplication@e971dc0 getOpPackageName()=com.irriga getBasePackageName()=com.irriga getPackageName()=com.irriga
07-24 15:48:25.819 16922 16922 D ActivityThread: handleBindApplication() -- skipGraphicsSupport=false
07-24 15:48:25.820 16922 16922 I MonitoringInstr: Instrumentation started!
07-24 15:48:25.841 16922 16922 V TestEventClient: No service name argument was given (testDiscoveryService, testRunEventService or orchestratorService)
07-24 15:48:25.844 16922 16922 D SoLoader: init start
07-24 15:48:25.845 16922 16922 D SoLoader: adding system library source: /vendor/lib64
07-24 15:48:25.846 16922 16922 D SoLoader: adding system library source: /system/lib64
07-24 15:48:25.847 16922 16922 D SoLoader: adding application source: com.facebook.soloader.DirectorySoSource[root = /data/app/~~F0vsVWoWqMzSoLCfHk4A7A==/com.irriga-eCtJoKplLXCstYixu0p4dw==/lib/arm64 flags = 0]
07-24 15:48:25.848 16922 16922 D SoLoader: adding backup source from : com.facebook.soloader.ApkSoSource[root = /data/data/com.irriga/lib-main flags = 1]
07-24 15:48:25.849 16922 16922 D SoLoader: Preparing SO source: com.facebook.soloader.DirectorySoSource[root = /system/lib64 flags = 2]
07-24 15:48:25.849 16922 16922 D SoLoader: Preparing SO source: com.facebook.soloader.DirectorySoSource[root = /vendor/lib64 flags = 2]
07-24 15:48:25.849 16922 16922 D SoLoader: Preparing SO source: com.facebook.soloader.DirectorySoSource[root = /data/app/~~F0vsVWoWqMzSoLCfHk4A7A==/com.irriga-eCtJoKplLXCstYixu0p4dw==/lib/arm64 flags = 0]
07-24 15:48:25.849 16922 16922 D SoLoader: Preparing SO source: com.facebook.soloader.ApkSoSource[root = /data/data/com.irriga/lib-main flags = 1]
07-24 15:48:25.851 16922 16922 V fb-UnpackingSoSource: locked dso store /data/user/0/com.irriga/lib-main
07-24 15:48:25.856 16922 16922 I fb-UnpackingSoSource: dso store is up-to-date: /data/user/0/com.irriga/lib-main
07-24 15:48:25.856 16922 16922 V fb-UnpackingSoSource: releasing dso store lock for /data/user/0/com.irriga/lib-main
07-24 15:48:25.857 16922 16922 D SoLoader: init finish: 4 SO sources prepared
07-24 15:48:25.857 16922 16922 D SoLoader: init exiting
07-24 15:48:25.867 16922 16922 D SoLoader: init exiting
07-24 15:48:25.868 16922 16922 D SoLoader: About to load: libjscexecutor.so
07-24 15:48:25.869 16922 16922 D SoLoader: libjscexecutor.so not found on /data/data/com.irriga/lib-main
07-24 15:48:25.870 16922 16922 D SoLoader: libjscexecutor.so found on /data/app/~~F0vsVWoWqMzSoLCfHk4A7A==/com.irriga-eCtJoKplLXCstYixu0p4dw==/lib/arm64
07-24 15:48:25.870 16922 16922 D SoLoader: Not resolving dependencies for libjscexecutor.so
07-24 15:48:25.894 16922 16922 D JavaScriptCore.Version: 250230.2.1
07-24 15:48:25.894 16922 16922 D SoLoader: Loaded: libjscexecutor.so
07-24 15:48:25.896 16922 16922 D SoLoader: init exiting
07-24 15:48:25.948 16922 16922 D SensorManager: registerListener :: 1, lis2doc, 66667, 0, com.facebook.react.common.ShakeDetector@549770e
07-24 15:48:25.967 16922 16955 D SoLoader: About to load: libfbjni.so
07-24 15:48:25.967 16922 16955 D SoLoader: libfbjni.so not found on /data/data/com.irriga/lib-main
07-24 15:48:25.968 16922 16955 D SoLoader: libfbjni.so found on /data/app/~~F0vsVWoWqMzSoLCfHk4A7A==/com.irriga-eCtJoKplLXCstYixu0p4dw==/lib/arm64
07-24 15:48:25.968 16922 16955 D SoLoader: Not resolving dependencies for libfbjni.so
07-24 15:48:25.970 16922 16955 D SoLoader: Loaded: libfbjni.so
07-24 15:48:25.970 16922 16955 D SoLoader: About to load: libflipper.so
07-24 15:48:25.971 16922 16955 D SoLoader: libflipper.so not found on /data/data/com.irriga/lib-main
07-24 15:48:25.971 16922 16955 D SoLoader: libflipper.so found on /data/app/~~F0vsVWoWqMzSoLCfHk4A7A==/com.irriga-eCtJoKplLXCstYixu0p4dw==/lib/arm64
07-24 15:48:25.971 16922 16955 D SoLoader: Not resolving dependencies for libflipper.so
07-24 15:48:25.986 16922 16955 D SoLoader: Loaded: libflipper.so
07-24 15:48:26.010 16922 16922 W com.irriga: Accessing hidden field Landroid/view/View;->mKeyedTags:Landroid/util/SparseArray; (greylist, reflection, allowed)
07-24 15:48:26.011 16922 16922 W com.irriga: Accessing hidden field Landroid/view/View;->mListenerInfo:Landroid/view/View$ListenerInfo; (greylist, reflection, allowed)
07-24 15:48:26.011 16922 16922 W com.irriga: Accessing hidden field Landroid/view/View$ListenerInfo;->mOnClickListener:Landroid/view/View$OnClickListener; (greylist, reflection, allowed)
07-24 15:48:26.021 16922 16922 I flipper : flipper: FlipperClient::addPlugin Inspector
07-24 15:48:26.022 16922 16922 I flipper : flipper: FlipperClient::addPlugin React
07-24 15:48:26.024 16922 16922 I flipper : flipper: FlipperClient::addPlugin Databases
07-24 15:48:26.027 16922 16922 I flipper : flipper: FlipperClient::addPlugin Preferences
07-24 15:48:26.028 16922 16922 I flipper : flipper: FlipperClient::addPlugin CrashReporter
07-24 15:48:26.030 16922 16922 I flipper : flipper: FlipperClient::addPlugin Network
07-24 15:48:26.055 16922 16945 I UsageTrackerFacilitator: Usage tracking enabled
07-24 15:48:26.057 16922 16945 I TestRequestBuilder: Scanning classpath to find tests in paths [/data/app/~~AT7KNu5_UxwOcJiwOX2xBg==/com.irriga.test-8GtuPYNKK8dSoZwSS2JwGQ==/base.apk]
07-24 15:48:26.060 16922 16945 W com.irriga: Opening an oat file without a class loader. Are you using the deprecated DexFile APIs?
07-24 15:48:26.870 16922 16945 D TestExecutor: Adding listener androidx.test.internal.runner.listener.LogRunListener
07-24 15:48:26.870 16922 16945 D TestExecutor: Adding listener androidx.test.internal.runner.listener.InstrumentationResultPrinter
07-24 15:48:26.870 16922 16945 D TestExecutor: Adding listener androidx.test.internal.runner.listener.ActivityFinisherRunListener
07-24 15:48:26.873 16922 16945 I TestRunner: run started: 1 tests
07-24 15:48:26.881 16922 16945 I TestRunner: started: runDetoxTests(com.irriga.DetoxTest)
07-24 15:48:26.887 16922 16945 I TestButlerProbe: Test butler service verification started...
07-24 15:48:26.889 16922 16945 W TestButlerProbe: Test butler not installed on device - skipping verification
07-24 15:48:26.901 16922 16945 D EventInjectionStrategy: Creating injection strategy with input manager.
07-24 15:48:26.902 16922 16945 W com.irriga: Accessing hidden method Landroid/hardware/input/InputManager;->getInstance()Landroid/hardware/input/InputManager; (greylist, reflection, allowed)
07-24 15:48:26.903 16922 16945 W com.irriga: Accessing hidden method Landroid/hardware/input/InputManager;->injectInputEvent(Landroid/view/InputEvent;I)Z (greylist, reflection, allowed)
07-24 15:48:26.903 16922 16945 W com.irriga: Accessing hidden field Landroid/hardware/input/InputManager;->INJECT_INPUT_EVENT_MODE_WAIT_FOR_FINISH:I (greylist, reflection, allowed)
07-24 15:48:26.924 16922 16945 W com.irriga: Accessing hidden field Ljava/lang/reflect/Field;->accessFlags:I (greylist, reflection, allowed)
07-24 15:48:26.932 16922 16973 W com.irriga: Accessing hidden method Landroid/app/Instrumentation;->execStartActivity(Landroid/content/Context;Landroid/os/IBinder;Landroid/os/IBinder;Landroid/app/Activity;Landroid/content/Intent;ILandroid/os/Bundle;)Landroid/app/Instrumentation$ActivityResult; (greylist, linking, allowed)
07-24 15:48:27.046 16922 16922 D LifecycleMonitor: Lifecycle status change: com.irriga.MainActivity@9b7550b in: PRE_ON_CREATE
07-24 15:48:27.110 16922 16922 I DecorView: [INFO] isPopOver=false, config=true
07-24 15:48:27.111 16922 16922 I DecorView: updateCaptionType >> DecorView@ee71bdf[], isFloating=false, isApplication=true, hasWindowDecorCaption=false, hasWindowControllerCallback=true
07-24 15:48:27.111 16922 16922 D DecorView: setCaptionType = 0, this = DecorView@ee71bdf[]
07-24 15:48:27.154 16922 16922 W com.irriga: Accessing hidden method Landroid/view/View;->computeFitSystemWindows(Landroid/graphics/Rect;Landroid/graphics/Rect;)Z (greylist, reflection, allowed)
07-24 15:48:27.156 16922 16922 W com.irriga: Accessing hidden method Landroid/view/ViewGroup;->makeOptionalFitsSystemWindows()V (greylist, reflection, allowed)
07-24 15:48:27.166 16922 16922 D LifecycleMonitor: Lifecycle status change: com.irriga.MainActivity@9b7550b in: CREATED
07-24 15:48:27.174 16922 16922 D LifecycleMonitor: Lifecycle status change: com.irriga.MainActivity@9b7550b in: STARTED
07-24 15:48:27.183 16922 16922 D LifecycleMonitor: Lifecycle status change: com.irriga.MainActivity@9b7550b in: RESUMED
07-24 15:48:27.222 16922 16922 D InputTransport: Input channel constructed: 'ea3f9a6', fd=117
07-24 15:48:27.232 16922 16922 I ViewRootImpl@4a80d30[MainActivity]: setView = com.android.internal.policy.DecorView@ee71bdf TM=false
07-24 15:48:27.243 16922 16922 W unknown:ReactNative: Packager connection already open, nooping.
07-24 15:48:27.275 16922 16922 I SurfaceControl: assignNativeObject: nativeObject = 0 Surface(name=null)/@0xbf4bacf / android.view.SurfaceControl.readFromParcel:1117 android.view.IWindowSession$Stub$Proxy.relayout:1820 android.view.ViewRootImpl.relayoutWindow:9005 android.view.ViewRootImpl.performTraversals:3360 android.view.ViewRootImpl.doTraversal:2618 android.view.ViewRootImpl$TraversalRunnable.run:9971 android.view.Choreographer$CallbackRecord.run:1010 android.view.Choreographer.doCallbacks:809 android.view.Choreographer.doFrame:744 android.view.Choreographer$FrameDisplayEventReceiver.run:995 
07-24 15:48:27.279 16922 16922 I ViewRootImpl@4a80d30[MainActivity]: Relayout returned: old=(0,0,800,1340) new=(0,0,800,1340) req=(800,1340)0 dur=20 res=0x6 s={true -5476376641470525440} ch=true fn=-1
07-24 15:48:27.304 16922 16976 E ion     : ioctl c0044901 failed with code -1: Invalid argument
07-24 15:48:27.344 16922 16922 I ViewRootImpl@4a80d30[MainActivity]: MSG_WINDOW_FOCUS_CHANGED 1 0
07-24 15:48:27.346 16922 16922 D InputMethodManager: prepareNavigationBarInfo() DecorView@ee71bdf[MainActivity]
07-24 15:48:27.346 16922 16922 D InputMethodManager: getNavigationBarColor() -855310
07-24 15:48:27.350 16922 16922 D InputMethodManager: prepareNavigationBarInfo() DecorView@ee71bdf[MainActivity]
07-24 15:48:27.350 16922 16922 D InputMethodManager: getNavigationBarColor() -855310
07-24 15:48:27.351 16922 16922 V InputMethodManager: Starting input: tba=com.irriga ic=null mNaviBarColor -855310 mIsGetNaviBarColorSuccess true , NavVisible : true , NavTrans : false
07-24 15:48:27.351 16922 16922 D InputMethodManager: startInputInner - Id : 0
07-24 15:48:27.351 16922 16922 I InputMethodManager: startInputInner - mService.startInputOrWindowGainedFocus
07-24 15:48:27.358 16922 16952 D InputTransport: Input channel constructed: 'ClientS', fd=129
07-24 15:48:27.359 16922 16922 D InputMethodManager: prepareNavigationBarInfo() DecorView@ee71bdf[MainActivity]
07-24 15:48:27.359 16922 16922 D InputMethodManager: getNavigationBarColor() -855310
07-24 15:48:27.359 16922 16922 V InputMethodManager: Starting input: tba=com.irriga ic=null mNaviBarColor -855310 mIsGetNaviBarColorSuccess true , NavVisible : true , NavTrans : false
07-24 15:48:27.359 16922 16922 D InputMethodManager: startInputInner - Id : 0
07-24 15:48:27.377 16922 16922 I SurfaceControl: nativeRelease nativeObject s[-5476376638787472704]
07-24 15:48:27.378 16922 16922 I SurfaceControl: nativeRelease nativeObject e[-5476376638787472704]
07-24 15:48:27.378 16922 16922 I SurfaceControl: nativeRelease nativeObject s[-5476376638787472896]
07-24 15:48:27.378 16922 16922 I SurfaceControl: nativeRelease nativeObject e[-5476376638787472896]
07-24 15:48:27.473 16922 16945 I Detox   : Detox server connection details: url=ws://localhost:35883, sessionId=7ad42250-a560-586d-0e3b-9029728d8507
07-24 15:48:27.479 16922 16989 I DetoxDispatcher: Handling action '_init' (ID #0)...
07-24 15:48:27.479 16922 16989 I Detox   : Connecting to server...
07-24 15:48:27.479 16922 16989 I DetoxWSClient: At connectToServer
07-24 15:48:28.070 16922 16955 I flipper : flipper: Desktop failed to provide certificates. Error from flipper desktop:
07-24 15:48:28.070 16922 16955 I flipper : N7rsocket26StreamInterruptedExceptionE: connection closed
07-24 15:48:32.142 16922 16955 I flipper : flipper: Desktop failed to provide certificates. Error from flipper desktop:
07-24 15:48:32.142 16922 16955 I flipper : N7rsocket26StreamInterruptedExceptionE: connection closed
07-24 15:48:32.149 16922 16959 D SoLoader: About to load: libreactnativejni.so
07-24 15:48:32.151 16922 16959 D SoLoader: libreactnativejni.so not found on /data/data/com.irriga/lib-main
07-24 15:48:32.151 16922 16959 D SoLoader: libreactnativejni.so found on /data/app/~~F0vsVWoWqMzSoLCfHk4A7A==/com.irriga-eCtJoKplLXCstYixu0p4dw==/lib/arm64
07-24 15:48:32.152 16922 16959 D SoLoader: Not resolving dependencies for libreactnativejni.so
07-24 15:48:32.160 16922 16959 D SoLoader: Loaded: libreactnativejni.so
07-24 15:48:32.198 16922 16922 D InputTransport: Input channel constructed: 'b7a68d5', fd=133
07-24 15:48:32.200 16922 16922 I ViewRootImpl@bdff5bf[PopupWindow:4312260]: setView = android.widget.PopupWindow$PopupDecorView@bf6048c TM=false
07-24 15:48:32.226 16922 16922 I SurfaceControl: assignNativeObject: nativeObject = 0 Surface(name=null)/@0xd6ac7d5 / android.view.SurfaceControl.readFromParcel:1117 android.view.IWindowSession$Stub$Proxy.relayout:1820 android.view.ViewRootImpl.relayoutWindow:9005 android.view.ViewRootImpl.performTraversals:3360 android.view.ViewRootImpl.doTraversal:2618 android.view.ViewRootImpl$TraversalRunnable.run:9971 android.view.Choreographer$CallbackRecord.run:1010 android.view.Choreographer.doCallbacks:809 android.view.Choreographer.doFrame:744 android.view.Choreographer$FrameDisplayEventReceiver.run:995 
07-24 15:48:32.229 16922 16922 I ViewRootImpl@bdff5bf[PopupWindow:4312260]: Relayout returned: old=(0,32,800,1276) new=(0,32,800,68) req=(799,36)0 dur=17 res=0x6 s={true -5476376641440497664} ch=true fn=-1
07-24 15:48:32.269 16922 16922 I SurfaceControl: nativeRelease nativeObject s[-5476376638787472896]
07-24 15:48:32.269 16922 16922 I SurfaceControl: nativeRelease nativeObject e[-5476376638787472896]
07-24 15:48:32.270 16922 16922 I SurfaceControl: assignNativeObject: nativeObject = 0 Surface(name=null)/@0xd6ac7d5 / android.view.SurfaceControl.readFromParcel:1117 android.view.IWindowSession$Stub$Proxy.relayout:1820 android.view.ViewRootImpl.relayoutWindow:9005 android.view.ViewRootImpl.performTraversals:3360 android.view.ViewRootImpl.doTraversal:2618 android.view.ViewRootImpl$TraversalRunnable.run:9971 android.view.Choreographer$CallbackRecord.run:1010 android.view.Choreographer.doCallbacks:809 android.view.Choreographer.doFrame:744 android.view.Choreographer$FrameDisplayEventReceiver.run:995 
07-24 15:48:32.272 16922 16922 I ViewRootImpl@bdff5bf[PopupWindow:4312260]: Relayout returned: old=(0,32,800,68) new=(0,32,800,68) req=(799,36)0 dur=15 res=0x0 s={true -5476376641440497664} ch=false fn=2
07-24 15:48:32.274 16922 16922 I ViewRootImpl@bdff5bf[PopupWindow:4312260]: MSG_RESIZED_REPORT: frame=(0,32,800,68) ci=(0,0,0,0) vi=(0,0,0,0) or=1
07-24 15:48:32.299 16922 16922 I SurfaceControl: nativeRelease nativeObject s[-5476376638787465504]
07-24 15:48:32.299 16922 16922 I SurfaceControl: nativeRelease nativeObject e[-5476376638787465504]
07-24 15:48:32.300 16922 16922 I SurfaceControl: assignNativeObject: nativeObject = 0 Surface(name=null)/@0xd6ac7d5 / android.view.SurfaceControl.readFromParcel:1117 android.view.IWindowSession$Stub$Proxy.relayout:1820 android.view.ViewRootImpl.relayoutWindow:9005 android.view.ViewRootImpl.performTraversals:3360 android.view.ViewRootImpl.doTraversal:2618 android.view.ViewRootImpl$TraversalRunnable.run:9971 android.view.Choreographer$CallbackRecord.run:1010 android.view.Choreographer.doCallbacks:809 android.view.Choreographer.doFrame:744 android.view.Choreographer$FrameDisplayEventReceiver.run:995 
07-24 15:48:32.302 16922 16922 I ViewRootImpl@bdff5bf[PopupWindow:4312260]: Relayout returned: old=(0,32,800,68) new=(0,32,800,68) req=(799,36)0 dur=9 res=0x0 s={true -5476376641440497664} ch=false fn=2
07-24 15:48:33.110 16922 16991 D DetoxWSClient: Retrying...
07-24 15:48:33.110 16922 16991 I DetoxWSClient: At connectToServer
07-24 15:48:37.178 16922 16955 I flipper : flipper: Desktop failed to provide certificates. Error from flipper desktop:
07-24 15:48:37.178 16922 16955 I flipper : N7rsocket26StreamInterruptedExceptionE: connection closed
07-24 15:48:37.705 16922 16922 I ViewRootImpl@bdff5bf[PopupWindow:4312260]: dispatchDetachedFromWindow
07-24 15:48:37.705 16922 16922 I SurfaceControl: nativeRelease nativeObject s[-5476376638787472896]
07-24 15:48:37.705 16922 16922 I SurfaceControl: nativeRelease nativeObject e[-5476376638787472896]
07-24 15:48:37.713 16922 16922 D InputTransport: Input channel destroyed: 'b7a68d5', fd=133
07-24 15:48:38.160 16922 17016 D DetoxWSClient: Retrying...
07-24 15:48:38.160 16922 17016 I DetoxWSClient: At connectToServer
07-24 15:48:38.351 16922 17022 I RNFusedLocation: RNFusedLocation initialized
07-24 15:48:38.361 16922 17030 V RNKeychainManager: warming up started at 568219803596394
07-24 15:48:38.386 16922 17022 W unknown:ReactContext: initializeMessageQueueThreads() is called.
07-24 15:48:38.392 16922 17030 D RNKeychainManager: Probe cipher storage: CipherStorageFacebookConceal
07-24 15:48:38.392 16922 17030 D RNKeychainManager: Probe cipher storage: CipherStorageKeystoreAesCbc
07-24 15:48:38.396 16922 16922 W unknown:ReactNative: Packager connection already open, nooping.
07-24 15:48:38.445 16922 17032 W unknown:ViewManagerPropertyUpdater: Could not find generated setter for class com.facebook.react.views.drawer.ReactDrawerLayoutManager
07-24 15:48:38.462 16922 17032 W unknown:ViewManagerPropertyUpdater: Could not find generated setter for class com.facebook.react.uimanager.LayoutShadowNode
07-24 15:48:38.473 16922 17032 W unknown:ViewManagerPropertyUpdater: Could not find generated setter for class com.facebook.react.views.scroll.ReactHorizontalScrollViewManager
07-24 15:48:38.475 16922 17030 D RNKeychainManager: Probe cipher storage: CipherStorageKeystoreRsaEcb
07-24 15:48:38.479 16922 17030 D RNKeychainManager: Selected storage: CipherStorageKeystoreAesCbc
07-24 15:48:38.485 16922 17032 W unknown:ViewManagerPropertyUpdater: Could not find generated setter for class com.facebook.react.views.scroll.ReactHorizontalScrollContainerViewManager
07-24 15:48:38.489 16922 17030 E KeyStore: generateKeyInternal failed on request -68
07-24 15:48:38.494 16922 17032 W unknown:ViewManagerPropertyUpdater: Could not find generated setter for class com.facebook.react.views.progressbar.ReactProgressBarViewManager
07-24 15:48:38.496 16922 16989 D DetoxRNLoading: Got new RN-context explicitly while polling (#iteration=11)
07-24 15:48:38.496 16922 16989 I DetoxRNIdleRes: Setting up Espresso Idling Resources for React Native
07-24 15:48:38.497 16922 17030 W CipherStorageBase: StrongBox security storage is not available.
07-24 15:48:38.497 16922 17030 W CipherStorageBase: android.security.keystore.StrongBoxUnavailableException: Failed to generate key
07-24 15:48:38.497 16922 17030 W CipherStorageBase: 	at android.security.keystore.AndroidKeyStoreKeyGeneratorSpi.engineGenerateKey(AndroidKeyStoreKeyGeneratorSpi.java:392)
07-24 15:48:38.497 16922 17030 W CipherStorageBase: 	at javax.crypto.KeyGenerator.generateKey(KeyGenerator.java:612)
07-24 15:48:38.497 16922 17030 W CipherStorageBase: 	at com.oblador.keychain.cipherStorage.CipherStorageKeystoreAesCbc.generateKey(CipherStorageKeystoreAesCbc.java:220)
07-24 15:48:38.497 16922 17030 W CipherStorageBase: 	at com.oblador.keychain.cipherStorage.CipherStorageBase.tryGenerateStrongBoxSecurityKey(CipherStorageBase.java:444)
07-24 15:48:38.497 16922 17030 W CipherStorageBase: 	at com.oblador.keychain.cipherStorage.CipherStorageBase.generateKeyAndStoreUnderAlias(CipherStorageBase.java:391)
07-24 15:48:38.497 16922 17030 W CipherStorageBase: 	at com.oblador.keychain.KeychainModule.internalWarmingBestCipher(KeychainModule.java:173)
07-24 15:48:38.497 16922 17030 W CipherStorageBase: 	at com.oblador.keychain.KeychainModule.lambda$DYujhqpjRgfFQ_gyuwMwyxxqDlk(Unknown Source:0)
07-24 15:48:38.497 16922 17030 W CipherStorageBase: 	at com.oblador.keychain.-$$Lambda$KeychainModule$DYujhqpjRgfFQ_gyuwMwyxxqDlk.run(Unknown Source:2)
07-24 15:48:38.497 16922 17030 W CipherStorageBase: 	at java.lang.Thread.run(Thread.java:923)
07-24 15:48:38.497 16922 17030 W CipherStorageBase: Caused by: android.security.KeyStoreException: No StrongBox available
07-24 15:48:38.497 16922 17030 W CipherStorageBase: 	... 9 more
07-24 15:48:38.502 16922 17032 W unknown:ViewManagerPropertyUpdater: Could not find generated setter for class com.facebook.react.views.progressbar.ProgressBarShadowNode
07-24 15:48:38.510 16922 17032 W unknown:ViewManagerPropertyUpdater: Could not find generated setter for class com.facebook.react.views.scroll.ReactScrollViewManager
07-24 15:48:38.521 16922 16989 D AsyncStorageIR: Checking whether a custom IR for Async-Storage is required... (legacy=false)
07-24 15:48:38.522 16922 16989 D AsyncStorageIR: IR for Async-Storage is required! (legacy=false)
07-24 15:48:38.522 16922 17032 W unknown:ViewManagerPropertyUpdater: Could not find generated setter for class com.facebook.react.views.slider.ReactSliderManager
07-24 15:48:38.523 16922 16989 D AsyncStorageIR: Checking whether a custom IR for Async-Storage is required... (legacy=true)
07-24 15:48:38.525 16922 16989 D AsyncStorageIR: IR for Async-Storage is required! (legacy=true)
07-24 15:48:38.531 16922 17030 V RNKeychainManager: warming up takes: 170 ms
07-24 15:48:38.532 16922 17032 W unknown:ViewManagerPropertyUpdater: Could not find generated setter for class com.facebook.react.views.slider.ReactSliderManager$ReactSliderShadowNode
07-24 15:48:38.535 16922 17032 W unknown:ViewManagerPropertyUpdater: Could not find generated setter for class com.facebook.react.views.switchview.ReactSwitchManager
07-24 15:48:38.547 16922 17032 W unknown:ViewManagerPropertyUpdater: Could not find generated setter for class com.facebook.react.views.switchview.ReactSwitchManager$ReactSwitchShadowNode
07-24 15:48:38.550 16922 17032 W unknown:ViewManagerPropertyUpdater: Could not find generated setter for class com.facebook.react.views.swiperefresh.SwipeRefreshLayoutManager
07-24 15:48:38.562 16922 17032 W unknown:ViewManagerPropertyUpdater: Could not find generated setter for class com.facebook.react.views.text.frescosupport.FrescoBasedReactTextInlineImageViewManager
07-24 15:48:38.564 16922 17032 W unknown:ViewManagerPropertyUpdater: Could not find generated setter for class com.facebook.react.views.text.frescosupport.FrescoBasedReactTextInlineImageShadowNode
07-24 15:48:38.572 16922 17032 W unknown:ViewManagerPropertyUpdater: Could not find generated setter for class com.facebook.react.views.image.ReactImageManager
07-24 15:48:38.584 16922 17032 W unknown:ViewManagerPropertyUpdater: Could not find generated setter for class com.facebook.react.views.modal.ReactModalHostManager
07-24 15:48:38.592 16922 17032 W unknown:ViewManagerPropertyUpdater: Could not find generated setter for class com.facebook.react.views.modal.ModalHostShadowNode
07-24 15:48:38.595 16922 17032 W unknown:ViewManagerPropertyUpdater: Could not find generated setter for class com.facebook.react.views.text.ReactRawTextManager
07-24 15:48:38.599 16922 17032 W unknown:ViewManagerPropertyUpdater: Could not find generated setter for class com.facebook.react.views.text.ReactRawTextShadowNode
07-24 15:48:38.603 16922 17032 W unknown:ViewManagerPropertyUpdater: Could not find generated setter for class com.facebook.react.views.textinput.ReactTextInputManager
07-24 15:48:38.617 16922 17032 W unknown:ViewManagerPropertyUpdater: Could not find generated setter for class com.facebook.react.views.textinput.ReactTextInputShadowNode
07-24 15:48:38.627 16922 17032 W unknown:ViewManagerPropertyUpdater: Could not find generated setter for class com.facebook.react.views.text.ReactTextViewManager
07-24 15:48:38.632 16922 17032 W unknown:ViewManagerPropertyUpdater: Could not find generated setter for class com.facebook.react.views.text.ReactTextShadowNode
07-24 15:48:38.635 16922 17032 W unknown:ViewManagerPropertyUpdater: Could not find generated setter for class com.facebook.react.views.view.ReactViewManager
07-24 15:48:38.642 16922 17032 W unknown:ViewManagerPropertyUpdater: Could not find generated setter for class com.facebook.react.views.text.ReactVirtualTextViewManager
07-24 15:48:38.643 16922 17032 W unknown:ViewManagerPropertyUpdater: Could not find generated setter for class com.facebook.react.views.text.ReactVirtualTextShadowNode
07-24 15:48:38.645 16922 17032 W unknown:ViewManagerPropertyUpdater: Could not find generated setter for class com.facebook.react.views.unimplementedview.ReactUnimplementedViewManager
07-24 15:48:38.648 16922 17032 W unknown:ViewManagerPropertyUpdater: Could not find generated setter for class expo.modules.kotlin.views.SimpleViewManagerWrapper
07-24 15:48:38.651 16922 17032 W unknown:ViewManagerPropertyUpdater: Could not find generated setter for class com.swmansion.gesturehandler.react.RNGestureHandlerRootViewManager
07-24 15:48:38.654 16922 17032 W unknown:ViewManagerPropertyUpdater: Could not find generated setter for class com.swmansion.gesturehandler.react.RNGestureHandlerButtonViewManager
07-24 15:48:38.658 16922 17032 W unknown:ViewManagerPropertyUpdater: Could not find generated setter for class com.airbnb.android.react.maps.AirMapCalloutManager
07-24 15:48:38.662 16922 17032 W unknown:ViewManagerPropertyUpdater: Could not find generated setter for class com.airbnb.android.react.maps.AirMapMarkerManager
07-24 15:48:38.669 16922 17032 W unknown:ViewManagerPropertyUpdater: Could not find generated setter for class com.airbnb.android.react.maps.AirMapPolylineManager
07-24 15:48:38.673 16922 17032 W unknown:ViewManagerPropertyUpdater: Could not find generated setter for class com.airbnb.android.react.maps.AirMapGradientPolylineManager
07-24 15:48:38.677 16922 17032 W unknown:ViewManagerPropertyUpdater: Could not find generated setter for class com.airbnb.android.react.maps.AirMapPolygonManager
07-24 15:48:38.681 16922 17032 W unknown:ViewManagerPropertyUpdater: Could not find generated setter for class com.airbnb.android.react.maps.AirMapCircleManager
07-24 15:48:38.686 16922 17032 W unknown:ViewManagerPropertyUpdater: Could not find generated setter for class com.airbnb.android.react.maps.AirMapManager
07-24 15:48:38.695 16922 17032 W unknown:ViewManagerPropertyUpdater: Could not find generated setter for class com.airbnb.android.react.maps.AirMapLiteManager
07-24 15:48:38.697 16922 17032 W unknown:ViewManagerPropertyUpdater: Could not find generated setter for class com.airbnb.android.react.maps.AirMapUrlTileManager
07-24 15:48:38.701 16922 17032 W unknown:ViewManagerPropertyUpdater: Could not find generated setter for class com.airbnb.android.react.maps.AirMapWMSTileManager
07-24 15:48:38.706 16922 17032 W unknown:ViewManagerPropertyUpdater: Could not find generated setter for class com.airbnb.android.react.maps.AirMapLocalTileManager
07-24 15:48:38.710 16922 17032 W unknown:ViewManagerPropertyUpdater: Could not find generated setter for class com.airbnb.android.react.maps.AirMapOverlayManager
07-24 15:48:38.714 16922 17032 W unknown:ViewManagerPropertyUpdater: Could not find generated setter for class com.airbnb.android.react.maps.AirMapHeatmapManager
07-24 15:48:38.718 16922 17032 W unknown:ViewManagerPropertyUpdater: Could not find generated setter for class com.reactnativepagerview.PagerViewViewManager
07-24 15:48:38.723 16922 17032 W unknown:ViewManagerPropertyUpdater: Could not find generated setter for class com.th3rdwave.safeareacontext.SafeAreaProviderManager
07-24 15:48:38.726 16922 17032 W unknown:ViewManagerPropertyUpdater: Could not find generated setter for class com.th3rdwave.safeareacontext.SafeAreaViewManager
07-24 15:48:38.729 16922 17032 W unknown:ViewManagerPropertyUpdater: Could not find generated setter for class com.th3rdwave.safeareacontext.SafeAreaViewShadowNode
07-24 15:48:38.732 16922 17032 W unknown:ViewManagerPropertyUpdater: Could not find generated setter for class com.swmansion.rnscreens.ScreenContainerViewManager
07-24 15:48:38.735 16922 17032 W unknown:ViewManagerPropertyUpdater: Could not find generated setter for class com.swmansion.rnscreens.ScreenViewManager
07-24 15:48:38.741 16922 17032 W unknown:ViewManagerPropertyUpdater: Could not find generated setter for class com.swmansion.rnscreens.ScreenStackViewManager
07-24 15:48:38.744 16922 17032 W unknown:ViewManagerPropertyUpdater: Could not find generated setter for class com.swmansion.rnscreens.ScreenStackHeaderConfigViewManager
07-24 15:48:38.749 16922 17032 W unknown:ViewManagerPropertyUpdater: Could not find generated setter for class com.swmansion.rnscreens.ScreenStackHeaderSubviewManager
07-24 15:48:38.753 16922 17032 W unknown:ViewManagerPropertyUpdater: Could not find generated setter for class com.horcrux.svg.RenderableViewManager$GroupViewManager
07-24 15:48:38.767 16922 17032 W unknown:ViewManagerPropertyUpdater: Could not find generated setter for class com.horcrux.svg.RenderableViewManager$RenderableShadowNode
07-24 15:48:38.771 16922 17032 W unknown:ViewManagerPropertyUpdater: Could not find generated setter for class com.horcrux.svg.RenderableViewManager$PathViewManager
07-24 15:48:38.774 16922 17032 W unknown:ViewManagerPropertyUpdater: Could not find generated setter for class com.horcrux.svg.RenderableViewManager$CircleViewManager
07-24 15:48:38.777 16922 17032 W unknown:ViewManagerPropertyUpdater: Could not find generated setter for class com.horcrux.svg.RenderableViewManager$EllipseViewManager
07-24 15:48:38.781 16922 17032 W unknown:ViewManagerPropertyUpdater: Could not find generated setter for class com.horcrux.svg.RenderableViewManager$LineViewManager
07-24 15:48:38.784 16922 17032 W unknown:ViewManagerPropertyUpdater: Could not find generated setter for class com.horcrux.svg.RenderableViewManager$RectViewManager
07-24 15:48:38.788 16922 17032 W unknown:ViewManagerPropertyUpdater: Could not find generated setter for class com.horcrux.svg.RenderableViewManager$TextViewManager
07-24 15:48:38.792 16922 17032 W unknown:ViewManagerPropertyUpdater: Could not find generated setter for class com.horcrux.svg.RenderableViewManager$TSpanViewManager
07-24 15:48:38.795 16922 17032 W unknown:ViewManagerPropertyUpdater: Could not find generated setter for class com.horcrux.svg.RenderableViewManager$TextPathViewManager
07-24 15:48:38.798 16922 17032 W unknown:ViewManagerPropertyUpdater: Could not find generated setter for class com.horcrux.svg.RenderableViewManager$ImageViewManager
07-24 15:48:38.802 16922 17032 W unknown:ViewManagerPropertyUpdater: Could not find generated setter for class com.horcrux.svg.RenderableViewManager$ClipPathViewManager
07-24 15:48:38.803 16922 17032 W unknown:ViewManagerPropertyUpdater: Could not find generated setter for class com.horcrux.svg.RenderableViewManager$DefsViewManager
07-24 15:48:38.805 16922 17032 W unknown:ViewManagerPropertyUpdater: Could not find generated setter for class com.horcrux.svg.RenderableViewManager$UseViewManager
07-24 15:48:38.808 16922 17032 W unknown:ViewManagerPropertyUpdater: Could not find generated setter for class com.horcrux.svg.RenderableViewManager$SymbolManager
07-24 15:48:38.811 16922 17032 W unknown:ViewManagerPropertyUpdater: Could not find generated setter for class com.horcrux.svg.RenderableViewManager$LinearGradientManager
07-24 15:48:38.816 16922 17032 W unknown:ViewManagerPropertyUpdater: Could not find generated setter for class com.horcrux.svg.RenderableViewManager$RadialGradientManager
07-24 15:48:38.820 16922 17032 W unknown:ViewManagerPropertyUpdater: Could not find generated setter for class com.horcrux.svg.RenderableViewManager$PatternManager
07-24 15:48:38.824 16922 17032 W unknown:ViewManagerPropertyUpdater: Could not find generated setter for class com.horcrux.svg.RenderableViewManager$MaskManager
07-24 15:48:38.828 16922 17032 W unknown:ViewManagerPropertyUpdater: Could not find generated setter for class com.horcrux.svg.RenderableViewManager$ForeignObjectManager
07-24 15:48:38.832 16922 17032 W unknown:ViewManagerPropertyUpdater: Could not find generated setter for class com.horcrux.svg.RenderableViewManager$MarkerManager
07-24 15:48:38.837 16922 17032 W unknown:ViewManagerPropertyUpdater: Could not find generated setter for class com.horcrux.svg.SvgViewManager
07-24 15:48:38.846 16922 17032 W unknown:ReactContext: initializeMessageQueueThreads() is called.
07-24 15:48:38.847 16922 17032 D SoLoader: About to load: libyoga.so
07-24 15:48:38.848 16922 17032 D SoLoader: libyoga.so not found on /data/data/com.irriga/lib-main
07-24 15:48:38.848 16922 17032 D SoLoader: libyoga.so found on /data/app/~~F0vsVWoWqMzSoLCfHk4A7A==/com.irriga-eCtJoKplLXCstYixu0p4dw==/lib/arm64
07-24 15:48:38.849 16922 17032 D SoLoader: Not resolving dependencies for libyoga.so
07-24 15:48:38.850 16922 16922 D AsyncStorageIR: Async-storage is busy!
07-24 15:48:38.850 16922 17032 D SoLoader: Loaded: libyoga.so
07-24 15:48:38.852 16922 16922 D AsyncStorageIRLegacy: Async-storage is busy!
07-24 15:48:38.859 16922 16989 I DetoxDispatcher: Done with action '_init'
07-24 15:48:38.866 16922 16922 I DetoxRNLoading: Got new RN-context async'ly through listener
07-24 15:48:38.897 16922 17032 W com.irriga: Accessing hidden method Landroid/os/MessageQueue;->next()Landroid/os/Message; (greylist, reflection, allowed)
07-24 15:48:38.897 16922 17032 W com.irriga: Accessing hidden field Landroid/os/MessageQueue;->mMessages:Landroid/os/Message; (greylist, reflection, allowed)
07-24 15:48:38.897 16922 17032 W com.irriga: Accessing hidden method Landroid/os/Message;->recycleUnchecked()V (greylist, reflection, allowed)
07-24 15:48:38.901 16922 17032 I flipper : flipper: FlipperClient::addPlugin Fresco
07-24 15:48:40.013 16922 17031 D SoLoader: About to load: libreactnativeblob.so
07-24 15:48:40.015 16922 17031 D SoLoader: libreactnativeblob.so not found on /data/data/com.irriga/lib-main
07-24 15:48:40.015 16922 17031 D SoLoader: libreactnativeblob.so found on /data/app/~~F0vsVWoWqMzSoLCfHk4A7A==/com.irriga-eCtJoKplLXCstYixu0p4dw==/lib/arm64
07-24 15:48:40.015 16922 17031 D SoLoader: Not resolving dependencies for libreactnativeblob.so
07-24 15:48:40.017 16922 17031 D SoLoader: Loaded: libreactnativeblob.so
07-24 15:48:40.086 16922 17032 I WebViewFactory: Loading com.google.android.webview version 103.0.5060.71 (code 506007133)
07-24 15:48:40.145 16922 17032 W com.irriga: Accessing hidden method Landroid/os/Trace;->isTagEnabled(J)Z (greylist, reflection, allowed)
07-24 15:48:40.145 16922 17032 W com.irriga: Accessing hidden method Landroid/os/Trace;->traceBegin(JLjava/lang/String;)V (greylist, reflection, allowed)
07-24 15:48:40.145 16922 17032 W com.irriga: Accessing hidden method Landroid/os/Trace;->traceEnd(J)V (greylist, reflection, allowed)
07-24 15:48:40.146 16922 17032 W com.irriga: Accessing hidden method Landroid/os/Trace;->asyncTraceBegin(JLjava/lang/String;I)V (greylist, reflection, allowed)
07-24 15:48:40.146 16922 17032 W com.irriga: Accessing hidden method Landroid/os/Trace;->asyncTraceEnd(JLjava/lang/String;I)V (greylist, reflection, allowed)
07-24 15:48:40.154 16922 17032 I cr_WVCFactoryProvider: Loaded version=103.0.5060.71 minSdkVersion=29 isBundle=true multiprocess=true packageId=2
07-24 15:48:40.194 16922 17032 I cr_LibraryLoader: Successfully loaded native library
07-24 15:48:40.196 16922 17032 I cr_CachingUmaRecorder: Flushed 8 samples from 8 histograms.
07-24 15:48:42.247 16922 16955 I flipper : flipper: Desktop failed to provide certificates. Error from flipper desktop:
07-24 15:48:42.247 16922 16955 I flipper : N7rsocket26StreamInterruptedExceptionE: connection closed
07-24 15:48:43.214 16922 17025 D DetoxWSClient: Retrying...
07-24 15:48:43.214 16922 17025 I DetoxWSClient: At connectToServer
07-24 15:48:44.739 16922 17031 I ReactNativeJS: Running "Irriga" with {"rootTag":1}
07-24 15:48:45.465 16922 17031 I ReactNativeJS: { isSigningIn: false, error: undefined }
07-24 15:48:45.483 16922 16922 W unknown:WrappingUtils: Don't know how to round that drawable: com.facebook.react.views.image.ReactImageDownloadListener$EmptyDrawable@f980ba2
07-24 15:48:45.944 16922 17032 W unknown:ViewManagerPropertyUpdater: Could not find generated setter for class com.swmansion.rnscreens.ScreensShadowNode
07-24 15:48:46.248 16922 16922 I ReactNative: [GESTURE HANDLER] Initialize gesture handler for root view com.facebook.react.ReactRootView{d185f2e V.E...... ......ID 0,0-800,1244 #1}
07-24 15:48:46.297 16922 17065 D SoLoader: About to load: libimagepipeline.so
07-24 15:48:46.298 16922 17065 D SoLoader: libimagepipeline.so not found on /data/data/com.irriga/lib-main
07-24 15:48:46.299 16922 17065 D SoLoader: libimagepipeline.so found on /data/app/~~F0vsVWoWqMzSoLCfHk4A7A==/com.irriga-eCtJoKplLXCstYixu0p4dw==/lib/arm64
07-24 15:48:46.299 16922 17065 D SoLoader: Not resolving dependencies for libimagepipeline.so
07-24 15:48:46.303 16922 17065 D SoLoader: Loaded: libimagepipeline.so
07-24 15:48:46.316 16922 17065 E ion     : ioctl c0044901 failed with code -1: Invalid argument
07-24 15:48:46.321 16922 17065 D SoLoader: About to load: libnative-imagetranscoder.so
07-24 15:48:46.322 16922 17065 D SoLoader: libnative-imagetranscoder.so not found on /data/data/com.irriga/lib-main
07-24 15:48:46.323 16922 17065 D SoLoader: libnative-imagetranscoder.so found on /data/app/~~F0vsVWoWqMzSoLCfHk4A7A==/com.irriga-eCtJoKplLXCstYixu0p4dw==/lib/arm64
07-24 15:48:46.323 16922 17065 D SoLoader: Not resolving dependencies for libnative-imagetranscoder.so
07-24 15:48:46.325 16922 17065 D SoLoader: Loaded: libnative-imagetranscoder.so
07-24 15:48:46.339 16922 17067 D libjpeg-alpha-oal: SWIP_INIT
07-24 15:48:46.339 16922 17067 D libjpeg-alpha-oal: MTXXXX_JPEG_SWIP_PROTECTION
07-24 15:48:46.339 16922 17067 D libjpeg-alpha-oal: Address(orig)     = 0x7647cab258 0xedc
07-24 15:48:46.339 16922 17067 D libjpeg-alpha-oal: Address(modified) = 0x7647caa37c
07-24 15:48:46.339 16922 17067 D libjpeg-alpha-oal: Intermidiate 7647ca8088, 8ff3
07-24 15:48:49.302 16922 17055 D DetoxWSClient: Retrying...
07-24 15:48:49.303 16922 17055 I DetoxWSClient: At connectToServer
07-24 15:49:01.459 16922 17073 D DetoxWSClient: Retrying...
07-24 15:49:01.459 16922 17073 I DetoxWSClient: At connectToServer
07-24 15:49:05.542 16922 16955 I flipper : flipper: Desktop failed to provide certificates. Error from flipper desktop:
07-24 15:49:05.542 16922 16955 I flipper : N7rsocket26StreamInterruptedExceptionE: connection closed
07-24 15:49:06.512 16922 17080 D DetoxWSClient: Retrying...
07-24 15:49:06.512 16922 17080 I DetoxWSClient: At connectToServer
07-24 15:49:10.586 16922 16955 I flipper : flipper: Desktop failed to provide certificates. Error from flipper desktop:
07-24 15:49:10.586 16922 16955 I flipper : N7rsocket26StreamInterruptedExceptionE: connection closed
07-24 15:49:11.571 16922 17088 D DetoxWSClient: Retrying...
07-24 15:49:11.571 16922 17088 I DetoxWSClient: At connectToServer
07-24 15:49:15.641 16922 16955 I flipper : flipper: Desktop failed to provide certificates. Error from flipper desktop:
07-24 15:49:15.641 16922 16955 I flipper : N7rsocket26StreamInterruptedExceptionE: connection closed
07-24 15:49:16.624 16922 17094 D DetoxWSClient: Retrying...
07-24 15:49:16.625 16922 17094 I DetoxWSClient: At connectToServer
07-24 15:49:20.708 16922 16955 I flipper : flipper: Desktop failed to provide certificates. Error from flipper desktop:
07-24 15:49:20.708 16922 16955 I flipper : N7rsocket26StreamInterruptedExceptionE: connection closed
07-24 15:49:21.672 16922 17100 D DetoxWSClient: Retrying...
07-24 15:49:21.672 16922 17100 I DetoxWSClient: At connectToServer
07-24 15:49:25.761 16922 16955 I flipper : flipper: Desktop failed to provide certificates. Error from flipper desktop:
07-24 15:49:25.761 16922 16955 I flipper : N7rsocket26StreamInterruptedExceptionE: connection closed
